Archive member included to satisfy reference by file (symbol)

/home/jtag/.pico-sdk/toolchain/13_2_Rel1/bin/../lib/gcc/arm-none-eabi/13.2.1/thumb/v6-m/nofp/libgcc.a(_dvmd_tls.o)
                              src/CMakeFiles/blink.dir/home/jtag/.pico-sdk/sdk/2.0.0/src/rp2_common/pico_divider/divider_hardware.S.obj (__aeabi_idiv0)
/home/jtag/.pico-sdk/toolchain/13_2_Rel1/bin/../lib/gcc/arm-none-eabi/13.2.1/../../../../arm-none-eabi/lib/thumb/v6-m/nofp/libg.a(libc_a-strncmp.o)
                              src/CMakeFiles/blink.dir/home/jtag/.pico-sdk/sdk/2.0.0/lib/cyw43-driver/src/cyw43_ll.c.obj (strncmp)
/home/jtag/.pico-sdk/toolchain/13_2_Rel1/bin/../lib/gcc/arm-none-eabi/13.2.1/../../../../arm-none-eabi/lib/thumb/v6-m/nofp/libg.a(libc_a-lcltime_r.o)
                              src/CMakeFiles/blink.dir/home/jtag/.pico-sdk/sdk/2.0.0/src/common/pico_util/datetime.c.obj (localtime_r)
/home/jtag/.pico-sdk/toolchain/13_2_Rel1/bin/../lib/gcc/arm-none-eabi/13.2.1/../../../../arm-none-eabi/lib/thumb/v6-m/nofp/libg.a(libc_a-mktime.o)
                              src/CMakeFiles/blink.dir/home/jtag/.pico-sdk/sdk/2.0.0/src/common/pico_util/datetime.c.obj (mktime)
/home/jtag/.pico-sdk/toolchain/13_2_Rel1/bin/../lib/gcc/arm-none-eabi/13.2.1/../../../../arm-none-eabi/lib/thumb/v6-m/nofp/libg.a(libc_a-month_lengths.o)
                              /home/jtag/.pico-sdk/toolchain/13_2_Rel1/bin/../lib/gcc/arm-none-eabi/13.2.1/../../../../arm-none-eabi/lib/thumb/v6-m/nofp/libg.a(libc_a-lcltime_r.o) (__month_lengths)
/home/jtag/.pico-sdk/toolchain/13_2_Rel1/bin/../lib/gcc/arm-none-eabi/13.2.1/../../../../arm-none-eabi/lib/thumb/v6-m/nofp/libg.a(libc_a-tzcalc_limits.o)
                              /home/jtag/.pico-sdk/toolchain/13_2_Rel1/bin/../lib/gcc/arm-none-eabi/13.2.1/../../../../arm-none-eabi/lib/thumb/v6-m/nofp/libg.a(libc_a-lcltime_r.o) (__tzcalc_limits)
/home/jtag/.pico-sdk/toolchain/13_2_Rel1/bin/../lib/gcc/arm-none-eabi/13.2.1/../../../../arm-none-eabi/lib/thumb/v6-m/nofp/libg.a(libc_a-tzlock.o)
                              /home/jtag/.pico-sdk/toolchain/13_2_Rel1/bin/../lib/gcc/arm-none-eabi/13.2.1/../../../../arm-none-eabi/lib/thumb/v6-m/nofp/libg.a(libc_a-lcltime_r.o) (__tz_lock)
/home/jtag/.pico-sdk/toolchain/13_2_Rel1/bin/../lib/gcc/arm-none-eabi/13.2.1/../../../../arm-none-eabi/lib/thumb/v6-m/nofp/libg.a(libc_a-malloc.o)
                              src/CMakeFiles/blink.dir/home/jtag/.pico-sdk/sdk/2.0.0/src/rp2_common/pico_malloc/malloc.c.obj (malloc)
/home/jtag/.pico-sdk/toolchain/13_2_Rel1/bin/../lib/gcc/arm-none-eabi/13.2.1/../../../../arm-none-eabi/lib/thumb/v6-m/nofp/libg.a(libc_a-mallocr.o)
                              /home/jtag/.pico-sdk/toolchain/13_2_Rel1/bin/../lib/gcc/arm-none-eabi/13.2.1/../../../../arm-none-eabi/lib/thumb/v6-m/nofp/libg.a(libc_a-malloc.o) (_malloc_r)
/home/jtag/.pico-sdk/toolchain/13_2_Rel1/bin/../lib/gcc/arm-none-eabi/13.2.1/../../../../arm-none-eabi/lib/thumb/v6-m/nofp/libg.a(libc_a-memcmp.o)
                              src/CMakeFiles/blink.dir/home/jtag/.pico-sdk/sdk/2.0.0/src/rp2_common/pico_atomic/atomic.c.obj (memcmp)
/home/jtag/.pico-sdk/toolchain/13_2_Rel1/bin/../lib/gcc/arm-none-eabi/13.2.1/../../../../arm-none-eabi/lib/thumb/v6-m/nofp/libg.a(libc_a-memmove.o)
                              src/CMakeFiles/blink.dir/home/jtag/.pico-sdk/sdk/2.0.0/lib/cyw43-driver/src/cyw43_ll.c.obj (memmove)
/home/jtag/.pico-sdk/toolchain/13_2_Rel1/bin/../lib/gcc/arm-none-eabi/13.2.1/../../../../arm-none-eabi/lib/thumb/v6-m/nofp/libg.a(libc_a-tzset.o)
                              /home/jtag/.pico-sdk/toolchain/13_2_Rel1/bin/../lib/gcc/arm-none-eabi/13.2.1/../../../../arm-none-eabi/lib/thumb/v6-m/nofp/libg.a(libc_a-lcltime_r.o) (_tzset_unlocked)
/home/jtag/.pico-sdk/toolchain/13_2_Rel1/bin/../lib/gcc/arm-none-eabi/13.2.1/../../../../arm-none-eabi/lib/thumb/v6-m/nofp/libg.a(libc_a-tzset_r.o)
                              /home/jtag/.pico-sdk/toolchain/13_2_Rel1/bin/../lib/gcc/arm-none-eabi/13.2.1/../../../../arm-none-eabi/lib/thumb/v6-m/nofp/libg.a(libc_a-tzset.o) (_tzset_unlocked_r)
/home/jtag/.pico-sdk/toolchain/13_2_Rel1/bin/../lib/gcc/arm-none-eabi/13.2.1/../../../../arm-none-eabi/lib/thumb/v6-m/nofp/libg.a(libc_a-init.o)
                              /home/jtag/.pico-sdk/toolchain/13_2_Rel1/bin/../lib/gcc/arm-none-eabi/13.2.1/../../../../arm-none-eabi/lib/thumb/v6-m/nofp/crt0.o (__libc_init_array)
/home/jtag/.pico-sdk/toolchain/13_2_Rel1/bin/../lib/gcc/arm-none-eabi/13.2.1/../../../../arm-none-eabi/lib/thumb/v6-m/nofp/libg.a(libc_a-tzvars.o)
                              /home/jtag/.pico-sdk/toolchain/13_2_Rel1/bin/../lib/gcc/arm-none-eabi/13.2.1/../../../../arm-none-eabi/lib/thumb/v6-m/nofp/libg.a(libc_a-tzset_r.o) (_timezone)
/home/jtag/.pico-sdk/toolchain/13_2_Rel1/bin/../lib/gcc/arm-none-eabi/13.2.1/../../../../arm-none-eabi/lib/thumb/v6-m/nofp/libg.a(libc_a-lock.o)
[...]
Memory Configuration

Name             Origin             Length             Attributes
FLASH            0x10000000         0x00200000         xr
RAM              0x20000000         0x00040000         xrw
SCRATCH_X        0x20040000         0x00001000         xrw
SCRATCH_Y        0x20041000         0x00001000         xrw
*default*        0x00000000         0xffffffff

Linker script and memory map

LOAD /home/jtag/.pico-sdk/toolchain/13_2_Rel1/bin/../lib/gcc/arm-none-eabi/13.2.1/thumb/v6-m/nofp/crti.o
LOAD /home/jtag/.pico-sdk/toolchain/13_2_Rel1/bin/../lib/gcc/arm-none-eabi/13.2.1/thumb/v6-m/nofp/crtbegin.o
LOAD /home/jtag/.pico-sdk/toolchain/13_2_Rel1/bin/../lib/gcc/arm-none-eabi/13.2.1/../../../../arm-none-eabi/lib/thumb/v6-m/nofp/crt0.o

.flash_begin    0x10000000        0x0
                0x10000000                        __flash_binary_start = .

.boot2          0x10000000      0x100
                0x10000000                        __boot2_start__ = .
 *(.boot2)
 .boot2         0x10000000      0x100 /tmp/ccOKvRBh.o
                0x10000100                        __boot2_end__ = .
                0x00000001                        ASSERT (((__boot2_end__ - __boot2_start__) == 0x100), ERROR: Pico second stage bootloader must be 256 bytes in size)

.text           0x10000100     0x45a0
                0x10000100                        __logical_binary_start = .
 *(.vectors)
 .vectors       0x10000100       0xd4 src/CMakeFiles/blink.dir/home/jtag/.pico-sdk/sdk/2.0.0/src/rp2_common/pico_crt0/crt0.S.obj
                0x10000100                __vectors
                0x10000100                __VECTOR_TABLE
                0x100001c0                isr_invalid
                0x100001c0                __default_isrs_start
                0x100001c2                isr_nmi
                0x100001c4                isr_hardfault
                0x100001c6                isr_svcall
                0x100001c8                isr_pendsv
                0x100001ca                isr_systick
                0x100001cc                isr_irq30
                0x100001cc                __unhandled_user_irq
                0x100001cc                isr_irq13
                0x100001cc                isr_irq27
                0x100001cc                isr_irq31
                0x100001cc                isr_irq5
                0x100001cc                isr_irq11
                0x100001cc                isr_irq23
                0x100001cc                isr_irq18
                0x100001cc                isr_irq28
                0x100001cc                isr_irq19
                0x100001cc                isr_irq0
                0x100001cc                isr_irq6
                0x100001cc                isr_irq22
                0x100001cc                isr_irq17
                0x100001cc                isr_irq14
                0x100001cc                isr_irq2
                0x100001cc                isr_irq10
                0x100001cc                isr_irq8
                0x100001cc                isr_irq24
                0x100001cc                isr_irq1
                0x100001cc                isr_irq7
                0x100001cc                isr_irq21
                0x100001cc                isr_irq20
                0x100001cc                isr_irq15
                0x100001cc                isr_irq25
                0x100001cc                isr_irq4
                0x100001cc                isr_irq16
                0x100001cc                isr_irq29
                0x100001cc                isr_irq26
                0x100001cc                __default_isrs_end
                0x100001cc                isr_irq3
                0x100001cc                isr_irq12
                0x100001cc                isr_irq9
                0x100001d2                unhandled_user_irq_num_in_r0
 *(.binary_info_header)
 .binary_info_header
                0x100001d4       0x14 src/CMakeFiles/blink.dir/home/jtag/.pico-sdk/sdk/2.0.0/src/rp2_common/pico_crt0/crt0.S.obj
                0x100001e8                        __binary_info_header_end = .
 *(.embedded_block)
                0x100001e8                        __embedded_block_end = .
 *(.reset)
 .reset         0x100001e8       0x9c src/CMakeFiles/blink.dir/home/jtag/.pico-sdk/sdk/2.0.0/src/rp2_common/pico_crt0/crt0.S.obj
                0x100001e8                _entry_point
 *(.init)
 .init          0x10000284        0x4 /home/jtag/.pico-sdk/toolchain/13_2_Rel1/bin/../lib/gcc/arm-none-eabi/13.2.1/thumb/v6-m/nofp/crti.o
                0x10000284                _init
 *(EXCLUDE_FILE(*libm.a: *libc.a:*lib_a-mem*.o *libgcc.a:) .text*)
 .text.register_tm_clones
                0x10000288       0x28 /home/jtag/.pico-sdk/toolchain/13_2_Rel1/bin/../lib/gcc/arm-none-eabi/13.2.1/thumb/v6-m/nofp/crtbegin.o
 .text.frame_dummy
                0x100002b0       0x24 /home/jtag/.pico-sdk/toolchain/13_2_Rel1/bin/../lib/gcc/arm-none-eabi/13.2.1/thumb/v6-m/nofp/crtbegin.o
 .text.hard_assert
                0x100002d4       0x28 src/CMakeFiles/blink.dir/blink.c.obj
 .text.gpio_set_mask
                0x100002fc       0x18 src/CMakeFiles/blink.dir/blink.c.obj
 .text.gpio_clr_mask
                0x10000314       0x18 src/CMakeFiles/blink.dir/blink.c.obj
 .text.gpio_put
                0x1000032c       0x3c src/CMakeFiles/blink.dir/blink.c.obj
 .text.gpio_set_dir_out_masked
                0x10000368       0x18 src/CMakeFiles/blink.dir/blink.c.obj
 .text.gpio_set_dir_in_masked
                0x10000380       0x18 src/CMakeFiles/blink.dir/blink.c.obj
 .text.gpio_set_dir
                0x10000398       0x3c src/CMakeFiles/blink.dir/blink.c.obj
 .text.pico_gpio_init
                0x100003d4       0x28 src/CMakeFiles/blink.dir/blink.c.obj
                0x100003d4                pico_gpio_init
 .text.pico_set_led
                0x100003fc       0x20 src/CMakeFiles/blink.dir/blink.c.obj
                0x100003fc                pico_set_led
 .text.toggle_task
                0x1000041c       0x3c src/CMakeFiles/blink.dir/blink.c.obj
                0x1000041c                toggle_task
 .text.irq_callback
                0x10000458       0x24 src/CMakeFiles/blink.dir/blink.c.obj
                0x10000458                irq_callback
 .text.main     0x1000047c       0x6c src/CMakeFiles/blink.dir/blink.c.obj
                0x1000047c                main
 .text.gpio_default_irq_handler
                0x100004e8      0x274 src/CMakeFiles/blink.dir/home/jtag/.pico-sdk/sdk/2.0.0/src/rp2_common/hardware_gpio/gpio.c.obj
 .text.gpio_set_irq_enabled_with_callback
                0x1000075c       0xd0 src/CMakeFiles/blink.dir/home/jtag/.pico-sdk/sdk/2.0.0/src/rp2_common/hardware_gpio/gpio.c.obj
                0x1000075c                gpio_set_irq_enabled_with_callback
 .text.gpio_init
                0x1000082c       0x40 src/CMakeFiles/blink.dir/home/jtag/.pico-sdk/sdk/2.0.0/src/rp2_common/hardware_gpio/gpio.c.obj
                0x1000082c                gpio_init
 .text.panic    0x1000086c       0x30 src/CMakeFiles/blink.dir/home/jtag/.pico-sdk/sdk/2.0.0/src/rp2_common/pico_platform_panic/panic.c.obj
                0x1000086c                panic
 .text.panic_unsupported
                0x1000089c        0xc src/CMakeFiles/blink.dir/home/jtag/.pico-sdk/sdk/2.0.0/src/rp2_common/pico_platform_panic/panic.c.obj
                0x1000089c                panic_unsupported
 .text.hw_claim_or_assert
                0x100008a8       0x44 src/CMakeFiles/blink.dir/home/jtag/.pico-sdk/sdk/2.0.0/src/common/hardware_claim/claim.c.obj
                0x100008a8                hw_claim_or_assert
 .text.next_striped_spin_lock_num
                0x100008ec       0x18 src/CMakeFiles/blink.dir/home/jtag/.pico-sdk/sdk/2.0.0/src/rp2_common/hardware_sync/sync.c.obj
                0x100008ec                next_striped_spin_lock_num
 .text.spin_locks_reset
                0x10000904       0x1c src/CMakeFiles/blink.dir/home/jtag/.pico-sdk/sdk/2.0.0/src/rp2_common/hardware_sync_spin_lock/sync_spin_lock.c.obj
                0x10000904                spin_locks_reset
 .text.runtime_init_per_core_irq_priorities
                0x10000920       0x24 src/CMakeFiles/blink.dir/home/jtag/.pico-sdk/sdk/2.0.0/src/rp2_common/hardware_irq/irq.c.obj
                0x10000920                runtime_init_per_core_irq_priorities
 .text.irq_set_enabled
                0x10000944       0x24 src/CMakeFiles/blink.dir/home/jtag/.pico-sdk/sdk/2.0.0/src/rp2_common/hardware_irq/irq.c.obj
                0x10000944                irq_set_enabled
 .text.irq_set_exclusive_handler
                0x10000968       0x54 src/CMakeFiles/blink.dir/home/jtag/.pico-sdk/sdk/2.0.0/src/rp2_common/hardware_irq/irq.c.obj
                0x10000968                irq_set_exclusive_handler
 .text.irq_add_shared_handler
                0x100009bc      0x1f4 src/CMakeFiles/blink.dir/home/jtag/.pico-sdk/sdk/2.0.0/src/rp2_common/hardware_irq/irq.c.obj
                0x100009bc                irq_add_shared_handler
 .text.irq_remove_handler
                0x10000bb0      0x1d4 src/CMakeFiles/blink.dir/home/jtag/.pico-sdk/sdk/2.0.0/src/rp2_common/hardware_irq/irq.c.obj
                0x10000bb0                irq_remove_handler
 .text.irq_set_priority
                0x10000d84       0x28 src/CMakeFiles/blink.dir/home/jtag/.pico-sdk/sdk/2.0.0/src/rp2_common/hardware_irq/irq.c.obj
                0x10000d84                irq_set_priority
 .text.irq_add_tail_to_free_list
                0x10000dac       0xb4 src/CMakeFiles/blink.dir/home/jtag/.pico-sdk/sdk/2.0.0/src/rp2_common/hardware_irq/irq.c.obj
                0x10000dac                irq_add_tail_to_free_list
 .text.lock_init
                0x10000e60       0x10 src/CMakeFiles/blink.dir/home/jtag/.pico-sdk/sdk/2.0.0/src/common/pico_sync/lock_core.c.obj
                0x10000e60                lock_init
 .text.runtime_init_mutex
                0x10000e70       0x54 src/CMakeFiles/blink.dir/home/jtag/.pico-sdk/sdk/2.0.0/src/common/pico_sync/mutex.c.obj
                0x10000e70                runtime_init_mutex
 .text.alarm_pool_irq_handler
                0x10000ec4      0x2e4 src/CMakeFiles/blink.dir/home/jtag/.pico-sdk/sdk/2.0.0/src/common/pico_time/time.c.obj
 .text.sleep_until_callback
                0x100011a8       0x24 src/CMakeFiles/blink.dir/home/jtag/.pico-sdk/sdk/2.0.0/src/common/pico_time/time.c.obj
 .text.runtime_init_default_alarm_pool
                0x100011cc       0xdc src/CMakeFiles/blink.dir/home/jtag/.pico-sdk/sdk/2.0.0/src/common/pico_time/time.c.obj
                0x100011cc                runtime_init_default_alarm_pool
 .text.alarm_pool_add_alarm_at_force_in_context
                0x100012a8       0xb0 src/CMakeFiles/blink.dir/home/jtag/.pico-sdk/sdk/2.0.0/src/common/pico_time/time.c.obj
                0x100012a8                alarm_pool_add_alarm_at_force_in_context
 .text.alarm_pool_cancel_alarm
                0x10001358       0x74 src/CMakeFiles/blink.dir/home/jtag/.pico-sdk/sdk/2.0.0/src/common/pico_time/time.c.obj
                0x10001358                alarm_pool_cancel_alarm
 .text.sleep_until
                0x100013cc       0xcc src/CMakeFiles/blink.dir/home/jtag/.pico-sdk/sdk/2.0.0/src/common/pico_time/time.c.obj
                0x100013cc                sleep_until
 .text.sleep_ms
                0x10001498       0x38 src/CMakeFiles/blink.dir/home/jtag/.pico-sdk/sdk/2.0.0/src/common/pico_time/time.c.obj
                0x10001498                sleep_ms
 .text.best_effort_wfe_or_timeout
                0x100014d0      0x134 src/CMakeFiles/blink.dir/home/jtag/.pico-sdk/sdk/2.0.0/src/common/pico_time/time.c.obj
                0x100014d0                best_effort_wfe_or_timeout
 .text.timer_hardware_alarm_claim
                0x10001604       0x14 src/CMakeFiles/blink.dir/home/jtag/.pico-sdk/sdk/2.0.0/src/rp2_common/hardware_timer/timer.c.obj
                0x10001604                timer_hardware_alarm_claim
 .text.timer_time_us_64
                0x10001618       0x10 src/CMakeFiles/blink.dir/home/jtag/.pico-sdk/sdk/2.0.0/src/rp2_common/hardware_timer/timer.c.obj
                0x10001618                timer_time_us_64
 .text.time_us_64
                0x10001628       0x14 src/CMakeFiles/blink.dir/home/jtag/.pico-sdk/sdk/2.0.0/src/rp2_common/hardware_timer/timer.c.obj
                0x10001628                time_us_64
 .text.busy_wait_until
                0x1000163c       0x20 src/CMakeFiles/blink.dir/home/jtag/.pico-sdk/sdk/2.0.0/src/rp2_common/hardware_timer/timer.c.obj
                0x1000163c                busy_wait_until
 .text.clock_configure_int_divider
                0x1000165c       0xf4 src/CMakeFiles/blink.dir/home/jtag/.pico-sdk/sdk/2.0.0/src/rp2_common/hardware_clocks/clocks.c.obj
                0x1000165c                clock_configure_int_divider
 .text.clock_configure_undivided
                0x10001750       0xe8 src/CMakeFiles/blink.dir/home/jtag/.pico-sdk/sdk/2.0.0/src/rp2_common/hardware_clocks/clocks.c.obj
                0x10001750                clock_configure_undivided
 .text.clock_get_hz
                0x10001838        0xc src/CMakeFiles/blink.dir/home/jtag/.pico-sdk/sdk/2.0.0/src/rp2_common/hardware_clocks/clocks.c.obj
                0x10001838                clock_get_hz
 .text.pll_init
                0x10001844       0xa4 src/CMakeFiles/blink.dir/home/jtag/.pico-sdk/sdk/2.0.0/src/rp2_common/hardware_pll/pll.c.obj
                0x10001844                pll_init
 .text.tick_start
                0x100018e8       0x10 src/CMakeFiles/blink.dir/home/jtag/.pico-sdk/sdk/2.0.0/src/rp2_common/hardware_ticks/ticks.c.obj
                0x100018e8                tick_start
 .text.xosc_init
                0x100018f8       0x28 src/CMakeFiles/blink.dir/home/jtag/.pico-sdk/sdk/2.0.0/src/rp2_common/hardware_xosc/xosc.c.obj
                0x100018f8                xosc_init
 .text.first_per_core_initializer
                0x10001920        0x4 src/CMakeFiles/blink.dir/home/jtag/.pico-sdk/sdk/2.0.0/src/rp2_common/pico_runtime/runtime.c.obj
 .text.hard_assertion_failure
                0x10001924        0xc src/CMakeFiles/blink.dir/home/jtag/.pico-sdk/sdk/2.0.0/src/rp2_common/pico_runtime/runtime.c.obj
                0x10001924                hard_assertion_failure
 .text.runtime_run_initializers
                0x10001930       0x28 src/CMakeFiles/blink.dir/home/jtag/.pico-sdk/sdk/2.0.0/src/rp2_common/pico_runtime/runtime.c.obj
                0x10001930                runtime_run_initializers
 .text.runtime_init_early_resets
                0x10001958       0x2c src/CMakeFiles/blink.dir/home/jtag/.pico-sdk/sdk/2.0.0/src/rp2_common/pico_runtime_init/runtime_init.c.obj
                0x10001958                runtime_init_early_resets
 .text.runtime_init_usb_power_down
                0x10001984       0x1c src/CMakeFiles/blink.dir/home/jtag/.pico-sdk/sdk/2.0.0/src/rp2_common/pico_runtime_init/runtime_init.c.obj
                0x10001984                runtime_init_usb_power_down
 .text.runtime_init_post_clock_resets
                0x100019a0       0x20 src/CMakeFiles/blink.dir/home/jtag/.pico-sdk/sdk/2.0.0/src/rp2_common/pico_runtime_init/runtime_init.c.obj
                0x100019a0                runtime_init_post_clock_resets
 .text.runtime_init_rp2040_gpio_ie_disable
                0x100019c0       0x14 src/CMakeFiles/blink.dir/home/jtag/.pico-sdk/sdk/2.0.0/src/rp2_common/pico_runtime_init/runtime_init.c.obj
                0x100019c0                runtime_init_rp2040_gpio_ie_disable
 .text.runtime_init_spin_locks_reset
                0x100019d4        0x8 src/CMakeFiles/blink.dir/home/jtag/.pico-sdk/sdk/2.0.0/src/rp2_common/pico_runtime_init/runtime_init.c.obj
                0x100019d4                runtime_init_spin_locks_reset
 .text.runtime_init_install_ram_vector_table
                0x100019dc       0x1c src/CMakeFiles/blink.dir/home/jtag/.pico-sdk/sdk/2.0.0/src/rp2_common/pico_runtime_init/runtime_init.c.obj
                0x100019dc                runtime_init_install_ram_vector_table
 .text.runtime_init_clocks
                0x100019f8       0xd8 src/CMakeFiles/blink.dir/home/jtag/.pico-sdk/sdk/2.0.0/src/rp2_common/pico_runtime_init/runtime_init_clocks.c.obj
                0x100019f8                runtime_init_clocks
 .text          0x10001ad0       0x10 src/CMakeFiles/blink.dir/home/jtag/.pico-sdk/sdk/2.0.0/src/rp2_common/pico_bit_ops/bit_ops_aeabi.S.obj
 .text.rom_func_lookup
                0x10001ae0       0x10 src/CMakeFiles/blink.dir/home/jtag/.pico-sdk/sdk/2.0.0/src/rp2_common/pico_bootrom/bootrom.c.obj
                0x10001ae0                rom_func_lookup
 .text.rom_data_lookup
                0x10001af0       0x10 src/CMakeFiles/blink.dir/home/jtag/.pico-sdk/sdk/2.0.0/src/rp2_common/pico_bootrom/bootrom.c.obj
                0x10001af0                rom_data_lookup
 .text.rom_funcs_lookup
                0x10001b00       0x44 src/CMakeFiles/blink.dir/home/jtag/.pico-sdk/sdk/2.0.0/src/rp2_common/pico_bootrom/bootrom.c.obj
                0x10001b00                rom_funcs_lookup
 .text.rom_reset_usb_boot
                0x10001b44       0x20 src/CMakeFiles/blink.dir/home/jtag/.pico-sdk/sdk/2.0.0/src/rp2_common/pico_bootrom/bootrom.c.obj
                0x10001b44                rom_reset_usb_boot
 .text.__wrap___aeabi_uidiv
                0x10001b64       0x4c src/CMakeFiles/blink.dir/home/jtag/.pico-sdk/sdk/2.0.0/src/rp2_common/pico_divider/divider_hardware.S.obj
                0x10001b64                __wrap___aeabi_uidiv
                0x10001b64                __wrap___aeabi_uidivmod
                0x10001b64                div_u32u32
                0x10001b64                divmod_u32u32
                0x10001b6c                divmod_u32u32_unsafe
                0x10001b94                divmod_u32u32_savestate
 .text.__wrap___aeabi_ldiv
                0x10001bb0      0x424 src/CMakeFiles/blink.dir/home/jtag/.pico-sdk/sdk/2.0.0/src/rp2_common/pico_divider/divider_hardware.S.obj
                0x10001bb0                div_s64s64
                0x10001bb0                divmod_s64s64
                0x10001bb0                __wrap___aeabi_ldivmod
                0x10001be0                div_u64u64
                0x10001be0                divmod_u64u64
                0x10001be0                __wrap___aeabi_uldivmod
                0x10001bf0                divmod_u64u64_savestate
                0x10001c10                divmod_s64s64_unsafe
                0x10001c98                divmod_u64u64_unsafe
 .text.missing_double_func_shim
                0x10001fd4        0xc src/CMakeFiles/blink.dir/home/jtag/.pico-sdk/sdk/2.0.0/src/rp2_common/pico_double/double_init_rom_rp2040.c.obj
 .text.__aeabi_double_init
                0x10001fe0       0xa0 src/CMakeFiles/blink.dir/home/jtag/.pico-sdk/sdk/2.0.0/src/rp2_common/pico_double/double_init_rom_rp2040.c.obj
                0x10001fe0                __aeabi_double_init
 .text.double_table_shim_on_use_helper
                0x10002080       0x2c src/CMakeFiles/blink.dir/home/jtag/.pico-sdk/sdk/2.0.0/src/rp2_common/pico_double/double_v1_rom_shim_rp2040.S.obj
                0x10002080                double_table_shim_on_use_helper
 .text.__aeabi_lmul
                0x100020ac       0x32 src/CMakeFiles/blink.dir/home/jtag/.pico-sdk/sdk/2.0.0/src/rp2_common/pico_int64_ops/pico_int64_ops_aeabi.S.obj
                0x100020ac                __wrap___aeabi_lmul
 *fill*         0x100020de        0x2 
 .text.missing_float_func_shim
                0x100020e0        0xc src/CMakeFiles/blink.dir/home/jtag/.pico-sdk/sdk/2.0.0/src/rp2_common/pico_float/float_init_rom_rp2040.c.obj
 .text.__aeabi_float_init
                0x100020ec       0x5c src/CMakeFiles/blink.dir/home/jtag/.pico-sdk/sdk/2.0.0/src/rp2_common/pico_float/float_init_rom_rp2040.c.obj
                0x100020ec                __aeabi_float_init
 .text          0x10002148       0x10 src/CMakeFiles/blink.dir/home/jtag/.pico-sdk/sdk/2.0.0/src/rp2_common/pico_mem_ops/mem_ops_aeabi.S.obj
                0x10002148                __aeabi_mem_init
 .text.memset   0x10002158        0xc src/CMakeFiles/blink.dir/home/jtag/.pico-sdk/sdk/2.0.0/src/rp2_common/pico_mem_ops/mem_ops_aeabi.S.obj
                0x10002158                __wrap_memset
 .text.memcpy   0x10002164        0xc src/CMakeFiles/blink.dir/home/jtag/.pico-sdk/sdk/2.0.0/src/rp2_common/pico_mem_ops/mem_ops_aeabi.S.obj
                0x10002164                __wrap___aeabi_memcpy
                0x10002164                __wrap_memcpy
 .text._out_char
                0x10002170       0x10 src/CMakeFiles/blink.dir/home/jtag/.pico-sdk/sdk/2.0.0/src/rp2_common/pico_printf/printf.c.obj
 .text.weak_raw_vprintf
                0x10002180       0x30 src/CMakeFiles/blink.dir/home/jtag/.pico-sdk/sdk/2.0.0/src/rp2_common/pico_printf/printf.c.obj
                0x10002180                weak_raw_vprintf
 .text._exit    0x100021b0        0xc src/CMakeFiles/blink.dir/home/jtag/.pico-sdk/sdk/2.0.0/src/rp2_common/pico_clib_interface/newlib_interface.c.obj
                0x100021b0                _exit
 .text.exit     0x100021bc        0x8 src/CMakeFiles/blink.dir/home/jtag/.pico-sdk/sdk/2.0.0/src/rp2_common/pico_clib_interface/newlib_interface.c.obj
                0x100021bc                exit
 .text.runtime_init
                0x100021c4       0x2c src/CMakeFiles/blink.dir/home/jtag/.pico-sdk/sdk/2.0.0/src/rp2_common/pico_clib_interface/newlib_interface.c.obj
                0x100021c4                runtime_init
 .text.stdio_out_chars_no_crlf
                0x100021f0       0x10 src/CMakeFiles/blink.dir/home/jtag/.pico-sdk/sdk/2.0.0/src/rp2_common/pico_stdio/stdio.c.obj
 .text.stdio_out_chars_crlf
                0x10002200       0x94 src/CMakeFiles/blink.dir/home/jtag/.pico-sdk/sdk/2.0.0/src/rp2_common/pico_stdio/stdio.c.obj
 .text.stdio_put_string
                0x10002294      0x100 src/CMakeFiles/blink.dir/home/jtag/.pico-sdk/sdk/2.0.0/src/rp2_common/pico_stdio/stdio.c.obj
                0x10002294                stdio_put_string
 .text.__wrap_putchar
                0x10002394       0x98 src/CMakeFiles/blink.dir/home/jtag/.pico-sdk/sdk/2.0.0/src/rp2_common/pico_stdio/stdio.c.obj
                0x10002394                stdio_putchar
                0x10002394                __wrap_putchar
 .text.__wrap_puts
                0x1000242c       0x3c src/CMakeFiles/blink.dir/home/jtag/.pico-sdk/sdk/2.0.0/src/rp2_common/pico_stdio/stdio.c.obj
                0x1000242c                __wrap_puts
                0x1000242c                stdio_puts
 .text.startup._retrieve_unique_id_on_boot
                0x10002468       0x10 src/CMakeFiles/blink.dir/home/jtag/.pico-sdk/sdk/2.0.0/src/rp2_common/pico_unique_id/unique_id.c.obj
 .text.flash_get_unique_id
                0x10002478       0x3c src/CMakeFiles/blink.dir/home/jtag/.pico-sdk/sdk/2.0.0/src/rp2_common/hardware_flash/flash.c.obj
                0x10002478                flash_get_unique_id
 .text.pvPortMalloc
                0x100024b4      0x124 src/CMakeFiles/blink.dir/__/lib/freertos/portable/MemMang/heap_4.c.obj
                0x100024b4                pvPortMalloc
 .text.vPortFree
                0x100025d8       0x98 src/CMakeFiles/blink.dir/__/lib/freertos/portable/MemMang/heap_4.c.obj
                0x100025d8                vPortFree
 .text.vPortSVCHandler
                0x10002670        0x4 src/CMakeFiles/blink.dir/__/lib/freertos/portable/ThirdParty/GCC/RP2040/port.c.obj
                0x10002670                vPortSVCHandler
 *fill*         0x10002674        0xc 
 .text.vPortStartFirstTask
                0x10002680       0x34 src/CMakeFiles/blink.dir/__/lib/freertos/portable/ThirdParty/GCC/RP2040/port.c.obj
 *fill*         0x100026b4        0xc 
 .text.xPortPendSVHandler
                0x100026c0       0x64 src/CMakeFiles/blink.dir/__/lib/freertos/portable/ThirdParty/GCC/RP2040/port.c.obj
                0x100026c0                xPortPendSVHandler
 .text.prvFIFOInterruptHandler
                0x10002724       0x78 src/CMakeFiles/blink.dir/__/lib/freertos/portable/ThirdParty/GCC/RP2040/port.c.obj
 .text.prvTaskExitError
                0x1000279c        0x8 src/CMakeFiles/blink.dir/__/lib/freertos/portable/ThirdParty/GCC/RP2040/port.c.obj
 .text.pxPortInitialiseStack
                0x100027a4       0x20 src/CMakeFiles/blink.dir/__/lib/freertos/portable/ThirdParty/GCC/RP2040/port.c.obj
                0x100027a4                pxPortInitialiseStack
 .text.vPortYield
                0x100027c4       0x18 src/CMakeFiles/blink.dir/__/lib/freertos/portable/ThirdParty/GCC/RP2040/port.c.obj
                0x100027c4                vPortYield
 .text.vPortEnterCritical
                0x100027dc       0x18 src/CMakeFiles/blink.dir/__/lib/freertos/portable/ThirdParty/GCC/RP2040/port.c.obj
                0x100027dc                vPortEnterCritical
 .text.vPortExitCritical
                0x100027f4       0x34 src/CMakeFiles/blink.dir/__/lib/freertos/portable/ThirdParty/GCC/RP2040/port.c.obj
                0x100027f4                vPortExitCritical
 .text.ulSetInterruptMaskFromISR
                0x10002828        0x8 src/CMakeFiles/blink.dir/__/lib/freertos/portable/ThirdParty/GCC/RP2040/port.c.obj
                0x10002828                ulSetInterruptMaskFromISR
 .text.vClearInterruptMaskFromISR
                0x10002830        0x8 src/CMakeFiles/blink.dir/__/lib/freertos/portable/ThirdParty/GCC/RP2040/port.c.obj
                0x10002830                vClearInterruptMaskFromISR
 .text.xPortSysTickHandler
                0x10002838       0x24 src/CMakeFiles/blink.dir/__/lib/freertos/portable/ThirdParty/GCC/RP2040/port.c.obj
                0x10002838                xPortSysTickHandler
 .text.vPortSetupTimerInterrupt
                0x1000285c       0x34 src/CMakeFiles/blink.dir/__/lib/freertos/portable/ThirdParty/GCC/RP2040/port.c.obj
                0x1000285c                vPortSetupTimerInterrupt
 .text.xPortStartScheduler
                0x10002890       0x9c src/CMakeFiles/blink.dir/__/lib/freertos/portable/ThirdParty/GCC/RP2040/port.c.obj
                0x10002890                xPortStartScheduler
 .text.ulPortLockGetCurrentOwnerId
                0x1000292c       0x2c src/CMakeFiles/blink.dir/__/lib/freertos/portable/ThirdParty/GCC/RP2040/port.c.obj
                0x1000292c                ulPortLockGetCurrentOwnerId
 .text.vPortLockInternalSpinUnlockWithWait
                0x10002958       0x68 src/CMakeFiles/blink.dir/__/lib/freertos/portable/ThirdParty/GCC/RP2040/port.c.obj
                0x10002958                vPortLockInternalSpinUnlockWithWait
 .text.vPortLockInternalSpinUnlockWithNotify
                0x100029c0       0xc8 src/CMakeFiles/blink.dir/__/lib/freertos/portable/ThirdParty/GCC/RP2040/port.c.obj
                0x100029c0                vPortLockInternalSpinUnlockWithNotify
 .text.xPortLockInternalSpinUnlockWithBestEffortWaitOrTimeout
                0x10002a88       0xfc src/CMakeFiles/blink.dir/__/lib/freertos/portable/ThirdParty/GCC/RP2040/port.c.obj
                0x10002a88                xPortLockInternalSpinUnlockWithBestEffortWaitOrTimeout
 .text.startup.prvRuntimeInitializer
                0x10002b84       0x28 src/CMakeFiles/blink.dir/__/lib/freertos/portable/ThirdParty/GCC/RP2040/port.c.obj
 .text.vEventGroupSetBitsCallback
                0x10002bac       0x90 src/CMakeFiles/blink.dir/__/lib/freertos/event_groups.c.obj
                0x10002bac                vEventGroupSetBitsCallback
 .text.xEventGroupCreate
                0x10002c3c       0x18 src/CMakeFiles/blink.dir/__/lib/freertos/event_groups.c.obj
                0x10002c3c                xEventGroupCreate
 .text.xEventGroupWaitBits
                0x10002c54       0xb8 src/CMakeFiles/blink.dir/__/lib/freertos/event_groups.c.obj
                0x10002c54                xEventGroupWaitBits
 .text.xEventGroupSetBits
                0x10002d0c       0x9c src/CMakeFiles/blink.dir/__/lib/freertos/event_groups.c.obj
                0x10002d0c                xEventGroupSetBits
 .text.xEventGroupSetBitsFromISR
                0x10002da8       0x18 src/CMakeFiles/blink.dir/__/lib/freertos/event_groups.c.obj
                0x10002da8                xEventGroupSetBitsFromISR
 .text.vListInitialise
                0x10002dc0       0x18 src/CMakeFiles/blink.dir/__/lib/freertos/list.c.obj
                0x10002dc0                vListInitialise
 .text.vListInitialiseItem
                0x10002dd8        0x8 src/CMakeFiles/blink.dir/__/lib/freertos/list.c.obj
                0x10002dd8                vListInitialiseItem
 .text.vListInsert
                0x10002de0       0x30 src/CMakeFiles/blink.dir/__/lib/freertos/list.c.obj
                0x10002de0                vListInsert
 .text.uxListRemove
                0x10002e10       0x20 src/CMakeFiles/blink.dir/__/lib/freertos/list.c.obj
                0x10002e10                uxListRemove
 .text.prvUnlockQueue
                0x10002e30      0x180 src/CMakeFiles/blink.dir/__/lib/freertos/queue.c.obj
 .text.prvNotifyQueueSetContainer
                0x10002fb0       0x90 src/CMakeFiles/blink.dir/__/lib/freertos/queue.c.obj
 .text.xQueueGenericCreate
                0x10003040       0xa4 src/CMakeFiles/blink.dir/__/lib/freertos/queue.c.obj
                0x10003040                xQueueGenericCreate
 .text.xQueueGenericSendFromISR
                0x100030e4      0x134 src/CMakeFiles/blink.dir/__/lib/freertos/queue.c.obj
                0x100030e4                xQueueGenericSendFromISR
 .text.xQueueReceive
                0x10003218      0x11c src/CMakeFiles/blink.dir/__/lib/freertos/queue.c.obj
                0x10003218                xQueueReceive
 .text.xQueueReceiveFromISR
                0x10003334       0x90 src/CMakeFiles/blink.dir/__/lib/freertos/queue.c.obj
                0x10003334                xQueueReceiveFromISR
 .text.vQueueAddToRegistry
                0x100033c4      0x118 src/CMakeFiles/blink.dir/__/lib/freertos/queue.c.obj
                0x100033c4                vQueueAddToRegistry
 .text.vQueueWaitForMessageRestricted
                0x100034dc       0x48 src/CMakeFiles/blink.dir/__/lib/freertos/queue.c.obj
                0x100034dc                vQueueWaitForMessageRestricted
 .text.prvAddNewTaskToReadyList
                0x10003524      0x124 src/CMakeFiles/blink.dir/__/lib/freertos/tasks.c.obj
 .text.prvCreateTask
                0x10003648      0x130 src/CMakeFiles/blink.dir/__/lib/freertos/tasks.c.obj
 .text.prvIdleTask
                0x10003778       0x60 src/CMakeFiles/blink.dir/__/lib/freertos/tasks.c.obj
 .text.xTaskIncrementTick.part.0
                0x100037d8      0x190 src/CMakeFiles/blink.dir/__/lib/freertos/tasks.c.obj
 .text.xTaskCreate
                0x10003968       0x24 src/CMakeFiles/blink.dir/__/lib/freertos/tasks.c.obj
                0x10003968                xTaskCreate
 .text.vTaskStartScheduler
                0x1000398c       0x6c src/CMakeFiles/blink.dir/__/lib/freertos/tasks.c.obj
                0x1000398c                vTaskStartScheduler
 .text.vTaskSuspendAll
                0x100039f8       0x10 src/CMakeFiles/blink.dir/__/lib/freertos/tasks.c.obj
                0x100039f8                vTaskSuspendAll
 .text.xTaskResumeAll
                0x10003a08      0x188 src/CMakeFiles/blink.dir/__/lib/freertos/tasks.c.obj
                0x10003a08                xTaskResumeAll
 .text.xTaskGetTickCount
                0x10003b90        0xc src/CMakeFiles/blink.dir/__/lib/freertos/tasks.c.obj
                0x10003b90                xTaskGetTickCount
 .text.uxTaskGetNumberOfTasks
                0x10003b9c        0xc src/CMakeFiles/blink.dir/__/lib/freertos/tasks.c.obj
                0x10003b9c                uxTaskGetNumberOfTasks
 .text.xTaskIncrementTick
                0x10003ba8       0x24 src/CMakeFiles/blink.dir/__/lib/freertos/tasks.c.obj
                0x10003ba8                xTaskIncrementTick
 .text.vTaskSwitchContext
                0x10003bcc       0x7c src/CMakeFiles/blink.dir/__/lib/freertos/tasks.c.obj
                0x10003bcc                vTaskSwitchContext
 .text.vTaskPlaceOnEventList
                0x10003c48       0xa0 src/CMakeFiles/blink.dir/__/lib/freertos/tasks.c.obj
                0x10003c48                vTaskPlaceOnEventList
 .text.vTaskPlaceOnUnorderedEventList
                0x10003ce8       0xc4 src/CMakeFiles/blink.dir/__/lib/freertos/tasks.c.obj
                0x10003ce8                vTaskPlaceOnUnorderedEventList
 .text.vTaskPlaceOnEventListRestricted
                0x10003dac       0xf4 src/CMakeFiles/blink.dir/__/lib/freertos/tasks.c.obj
                0x10003dac                vTaskPlaceOnEventListRestricted
 .text.xTaskRemoveFromEventList
                0x10003ea0       0xcc src/CMakeFiles/blink.dir/__/lib/freertos/tasks.c.obj
                0x10003ea0                xTaskRemoveFromEventList
 .text.vTaskRemoveFromUnorderedEventList
                0x10003f6c       0x94 src/CMakeFiles/blink.dir/__/lib/freertos/tasks.c.obj
                0x10003f6c                vTaskRemoveFromUnorderedEventList
 .text.vTaskInternalSetTimeOutState
                0x10004000       0x18 src/CMakeFiles/blink.dir/__/lib/freertos/tasks.c.obj
                0x10004000                vTaskInternalSetTimeOutState
 .text.xTaskCheckForTimeOut
                0x10004018       0x74 src/CMakeFiles/blink.dir/__/lib/freertos/tasks.c.obj
                0x10004018                xTaskCheckForTimeOut
 .text.vTaskMissedYield
                0x1000408c        0xc src/CMakeFiles/blink.dir/__/lib/freertos/tasks.c.obj
                0x1000408c                vTaskMissedYield
 .text.xTaskGetCurrentTaskHandle
                0x10004098        0xc src/CMakeFiles/blink.dir/__/lib/freertos/tasks.c.obj
                0x10004098                xTaskGetCurrentTaskHandle
 .text.xTaskPriorityDisinherit
                0x100040a4       0x64 src/CMakeFiles/blink.dir/__/lib/freertos/tasks.c.obj
                0x100040a4                xTaskPriorityDisinherit
 .text.uxTaskResetEventItemValue
                0x10004108       0x18 src/CMakeFiles/blink.dir/__/lib/freertos/tasks.c.obj
                0x10004108                uxTaskResetEventItemValue
 .text.prvTimerTask
                0x10004120      0x38c src/CMakeFiles/blink.dir/__/lib/freertos/timers.c.obj
 .text.xTimerCreateTimerTask
                0x100044ac       0x8c src/CMakeFiles/blink.dir/__/lib/freertos/timers.c.obj
                0x100044ac                xTimerCreateTimerTask
 .text.xTimerPendFunctionCallFromISR
                0x10004538       0x28 src/CMakeFiles/blink.dir/__/lib/freertos/timers.c.obj
                0x10004538                xTimerPendFunctionCallFromISR
 .text.exception_set_exclusive_handler
                0x10004560       0x48 src/CMakeFiles/blink.dir/home/jtag/.pico-sdk/sdk/2.0.0/src/rp2_common/hardware_exception/exception.c.obj
                0x10004560                exception_set_exclusive_handler
 .text.strlen   0x100045a8       0x5c /home/jtag/.pico-sdk/toolchain/13_2_Rel1/bin/../lib/gcc/arm-none-eabi/13.2.1/../../../../arm-none-eabi/lib/thumb/v6-m/nofp/libg.a(libc_a-strlen-stub.o)
                0x100045a8                strlen
 *(.fini)
 .fini          0x10004604        0x4 /home/jtag/.pico-sdk/toolchain/13_2_Rel1/bin/../lib/gcc/arm-none-eabi/13.2.1/thumb/v6-m/nofp/crti.o
                0x10004604                _fini
 .fini.__stub   0x10004608       0x50 linker stubs
 *crtbegin.o(.ctors)
 *crtbegin?.o(.ctors)
 *(EXCLUDE_FILE(*crtend.o *crtend?.o) .ctors)
 *(SORT_BY_NAME(.ctors.*))
 *(.ctors)
 *crtbegin.o(.dtors)
 *crtbegin?.o(.dtors)
 *(EXCLUDE_FILE(*crtend.o *crtend?.o) .dtors)
 *(SORT_BY_NAME(.dtors.*))
 *(.dtors)
                0x10004658                        . = ALIGN (0x4)
                0x10004658                        PROVIDE (__preinit_array_start = .)
 *(SORT_BY_NAME(.preinit_array.*))
 .preinit_array.00100
                0x10004658        0x4 src/CMakeFiles/blink.dir/home/jtag/.pico-sdk/sdk/2.0.0/src/rp2_common/pico_runtime_init/runtime_init.c.obj
                0x10004658                __pre_init_runtime_init_early_resets
 .preinit_array.00101
                0x1000465c        0x4 src/CMakeFiles/blink.dir/home/jtag/.pico-sdk/sdk/2.0.0/src/rp2_common/pico_runtime_init/runtime_init.c.obj
                0x1000465c                __pre_init_runtime_init_usb_power_down
 .preinit_array.00275
                0x10004660        0x4 src/CMakeFiles/blink.dir/home/jtag/.pico-sdk/sdk/2.0.0/src/rp2_common/pico_bit_ops/bit_ops_aeabi.S.obj
 .preinit_array.00300
                0x10004664        0x4 src/CMakeFiles/blink.dir/home/jtag/.pico-sdk/sdk/2.0.0/src/rp2_common/pico_mem_ops/mem_ops_aeabi.S.obj
 .preinit_array.00350
                0x10004668        0x4 src/CMakeFiles/blink.dir/home/jtag/.pico-sdk/sdk/2.0.0/src/rp2_common/pico_double/double_aeabi_rp2040.S.obj
 .preinit_array.00350
                0x1000466c        0x4 src/CMakeFiles/blink.dir/home/jtag/.pico-sdk/sdk/2.0.0/src/rp2_common/pico_float/float_aeabi_rp2040.S.obj
 .preinit_array.00500
                0x10004670        0x4 src/CMakeFiles/blink.dir/home/jtag/.pico-sdk/sdk/2.0.0/src/rp2_common/pico_runtime_init/runtime_init.c.obj
                0x10004670                __pre_init_runtime_init_clocks
 .preinit_array.00600
                0x10004674        0x4 src/CMakeFiles/blink.dir/home/jtag/.pico-sdk/sdk/2.0.0/src/rp2_common/pico_runtime_init/runtime_init.c.obj
                0x10004674                __pre_init_runtime_init_post_clock_resets
 .preinit_array.00700
                0x10004678        0x4 src/CMakeFiles/blink.dir/home/jtag/.pico-sdk/sdk/2.0.0/src/rp2_common/pico_runtime_init/runtime_init.c.obj
                0x10004678                __pre_init_runtime_init_rp2040_gpio_ie_disable
 .preinit_array.01000
                0x1000467c        0x4 src/CMakeFiles/blink.dir/home/jtag/.pico-sdk/sdk/2.0.0/src/rp2_common/pico_runtime_init/runtime_init.c.obj
                0x1000467c                __pre_init_runtime_init_spin_locks_reset
 .preinit_array.01100
                0x10004680        0x4 src/CMakeFiles/blink.dir/home/jtag/.pico-sdk/sdk/2.0.0/src/common/pico_sync/mutex.c.obj
                0x10004680                __pre_init_runtime_init_mutex
 .preinit_array.10080
                0x10004684        0x4 src/CMakeFiles/blink.dir/home/jtag/.pico-sdk/sdk/2.0.0/src/rp2_common/pico_runtime_init/runtime_init.c.obj
                0x10004684                __pre_init_runtime_init_install_ram_vector_table
 .preinit_array.11000
                0x10004688        0x4 src/CMakeFiles/blink.dir/home/jtag/.pico-sdk/sdk/2.0.0/src/common/pico_time/time.c.obj
                0x10004688                __pre_init_runtime_init_default_alarm_pool
 .preinit_array.YYYYY
                0x1000468c        0x4 src/CMakeFiles/blink.dir/home/jtag/.pico-sdk/sdk/2.0.0/src/rp2_common/pico_runtime/runtime.c.obj
                0x1000468c                __pre_init_first_per_core_initializer
 .preinit_array.ZZZZZ.01200
                0x10004690        0x4 src/CMakeFiles/blink.dir/home/jtag/.pico-sdk/sdk/2.0.0/src/rp2_common/hardware_irq/irq.c.obj
                0x10004690                __pre_init_runtime_init_per_core_irq_priorities
 *(.preinit_array)
                0x10004694                        PROVIDE (__preinit_array_end = .)
                0x10004694                        . = ALIGN (0x4)
                0x10004694                        PROVIDE (__init_array_start = .)
 *(SORT_BY_NAME(.init_array.*))
 *(.init_array)
 .init_array    0x10004694        0x4 /home/jtag/.pico-sdk/toolchain/13_2_Rel1/bin/../lib/gcc/arm-none-eabi/13.2.1/thumb/v6-m/nofp/crtbegin.o
 .init_array    0x10004698        0x4 src/CMakeFiles/blink.dir/home/jtag/.pico-sdk/sdk/2.0.0/src/rp2_common/pico_unique_id/unique_id.c.obj
 .init_array    0x1000469c        0x4 src/CMakeFiles/blink.dir/__/lib/freertos/portable/ThirdParty/GCC/RP2040/port.c.obj
                0x100046a0                        PROVIDE (__init_array_end = .)
                0x100046a0                        . = ALIGN (0x4)
                [!provide]                        PROVIDE (__fini_array_start = .)
 *(SORT_BY_NAME(.fini_array.*))
 *(.fini_array)
                [!provide]                        PROVIDE (__fini_array_end = .)
 *(.eh_frame*)
 .eh_frame      0x100046a0        0x0 /home/jtag/.pico-sdk/toolchain/13_2_Rel1/bin/../lib/gcc/arm-none-eabi/13.2.1/thumb/v6-m/nofp/crtbegin.o
                0x100046a0                        . = ALIGN (0x4)

.glue_7         0x100046a0        0x0
 .glue_7        0x100046a0        0x0 linker stubs

.glue_7t        0x100046a0        0x0
 .glue_7t       0x100046a0        0x0 linker stubs

.vfp11_veneer   0x100046a0        0x0
 .vfp11_veneer  0x100046a0        0x0 linker stubs

.v4_bx          0x100046a0        0x0
 .v4_bx         0x100046a0        0x0 linker stubs

.iplt           0x100046a0        0x0
 .iplt          0x100046a0        0x0 /home/jtag/.pico-sdk/toolchain/13_2_Rel1/bin/../lib/gcc/arm-none-eabi/13.2.1/thumb/v6-m/nofp/crtbegin.o

.rodata         0x100046a0      0x13c
 *(EXCLUDE_FILE(*libm.a: *libc.a:*lib_a-mem*.o *libgcc.a:) .rodata*)
 .rodata        0x100046a0        0xc src/CMakeFiles/blink.dir/blink.c.obj
 .rodata.panic.str1.4
                0x100046ac       0xac src/CMakeFiles/blink.dir/home/jtag/.pico-sdk/sdk/2.0.0/src/rp2_common/pico_platform_panic/panic.c.obj
                                 0x12 (size before relaxing)
 .rodata.panic_unsupported.str1.4
                0x10004758        0xe src/CMakeFiles/blink.dir/home/jtag/.pico-sdk/sdk/2.0.0/src/rp2_common/pico_platform_panic/panic.c.obj
 .rodata.timer_hardware_alarm_claim.str1.4
                0x10004758       0x22 src/CMakeFiles/blink.dir/home/jtag/.pico-sdk/sdk/2.0.0/src/rp2_common/hardware_timer/timer.c.obj
 .rodata.hard_assertion_failure.str1.4
                0x10004758        0xc src/CMakeFiles/blink.dir/home/jtag/.pico-sdk/sdk/2.0.0/src/rp2_common/pico_runtime/runtime.c.obj
 .rodata.missing_double_func_shim.str1.4
                0x10004758       0x18 src/CMakeFiles/blink.dir/home/jtag/.pico-sdk/sdk/2.0.0/src/rp2_common/pico_double/double_init_rom_rp2040.c.obj
 .rodata.missing_float_func_shim.str1.4
                0x10004758        0x1 src/CMakeFiles/blink.dir/home/jtag/.pico-sdk/sdk/2.0.0/src/rp2_common/pico_float/float_init_rom_rp2040.c.obj
 .rodata.str1.4
                0x10004758       0x30 src/CMakeFiles/blink.dir/home/jtag/.pico-sdk/sdk/2.0.0/src/rp2_common/pico_standard_binary_info/standard_binary_info.c.obj
 .rodata.__bi_84
                0x10004758        0xc src/CMakeFiles/blink.dir/home/jtag/.pico-sdk/sdk/2.0.0/src/rp2_common/pico_standard_binary_info/standard_binary_info.c.obj
 .rodata.__bi_60
                0x10004764        0xc src/CMakeFiles/blink.dir/home/jtag/.pico-sdk/sdk/2.0.0/src/rp2_common/pico_standard_binary_info/standard_binary_info.c.obj
 .rodata.__bi_54
                0x10004770        0xc src/CMakeFiles/blink.dir/home/jtag/.pico-sdk/sdk/2.0.0/src/rp2_common/pico_standard_binary_info/standard_binary_info.c.obj
 .rodata.__bi_48
                0x1000477c        0xc src/CMakeFiles/blink.dir/home/jtag/.pico-sdk/sdk/2.0.0/src/rp2_common/pico_standard_binary_info/standard_binary_info.c.obj
 .rodata.__bi_42
                0x10004788        0xc src/CMakeFiles/blink.dir/home/jtag/.pico-sdk/sdk/2.0.0/src/rp2_common/pico_standard_binary_info/standard_binary_info.c.obj
 .rodata.__bi_34
                0x10004794        0xc src/CMakeFiles/blink.dir/home/jtag/.pico-sdk/sdk/2.0.0/src/rp2_common/pico_standard_binary_info/standard_binary_info.c.obj
 .rodata.__bi_26
                0x100047a0        0xc src/CMakeFiles/blink.dir/home/jtag/.pico-sdk/sdk/2.0.0/src/rp2_common/pico_standard_binary_info/standard_binary_info.c.obj
 .rodata.crlf_str.0
                0x100047ac        0x2 src/CMakeFiles/blink.dir/home/jtag/.pico-sdk/sdk/2.0.0/src/rp2_common/pico_stdio/stdio.c.obj
 *fill*         0x100047ae        0x2 
 .rodata.uxTopUsedPriority
                0x100047b0        0x4 src/CMakeFiles/blink.dir/__/lib/freertos/tasks.c.obj
 .rodata.prvTimerTask
                0x100047b4       0x28 src/CMakeFiles/blink.dir/__/lib/freertos/timers.c.obj
 .rodata.xTimerCreateTimerTask.str1.4
                0x100047dc       0x10 src/CMakeFiles/blink.dir/__/lib/freertos/timers.c.obj
                0x100047ec                        . = ALIGN (0x4)
 *(SORT_BY_ALIGNMENT(SORT_BY_NAME(.flashdata*)))
                0x100047ec                        . = ALIGN (0x4)

.ARM.extab
 *(.ARM.extab* .gnu.linkonce.armextab.*)
                0x100047dc                        __exidx_start = .

.ARM.exidx
 *(.ARM.exidx* .gnu.linkonce.armexidx.*)
                0x100047dc                        __exidx_end = .
                0x100047ec                        . = ALIGN (0x4)
                0x100047dc                        __binary_info_start = .

.binary_info    0x100047dc       0x1c
 *(.binary_info.keep.*)
 .binary_info.keep.__bi_ptr84
                0x100047dc        0x4 src/CMakeFiles/blink.dir/home/jtag/.pico-sdk/sdk/2.0.0/src/rp2_common/pico_standard_binary_info/standard_binary_info.c.obj
 .binary_info.keep.__bi_ptr60
                0x100047e0        0x4 src/CMakeFiles/blink.dir/home/jtag/.pico-sdk/sdk/2.0.0/src/rp2_common/pico_standard_binary_info/standard_binary_info.c.obj
 .binary_info.keep.__bi_ptr54
                0x100047e4        0x4 src/CMakeFiles/blink.dir/home/jtag/.pico-sdk/sdk/2.0.0/src/rp2_common/pico_standard_binary_info/standard_binary_info.c.obj
 .binary_info.keep.__bi_ptr48
                0x100047e8        0x4 src/CMakeFiles/blink.dir/home/jtag/.pico-sdk/sdk/2.0.0/src/rp2_common/pico_standard_binary_info/standard_binary_info.c.obj
 .binary_info.keep.__bi_ptr42
                0x100047ec        0x4 src/CMakeFiles/blink.dir/home/jtag/.pico-sdk/sdk/2.0.0/src/rp2_common/pico_standard_binary_info/standard_binary_info.c.obj
 .binary_info.keep.__bi_ptr34
                0x100047f0        0x4 src/CMakeFiles/blink.dir/home/jtag/.pico-sdk/sdk/2.0.0/src/rp2_common/pico_standard_binary_info/standard_binary_info.c.obj
 .binary_info.keep.__bi_ptr26
                0x100047f4        0x4 src/CMakeFiles/blink.dir/home/jtag/.pico-sdk/sdk/2.0.0/src/rp2_common/pico_standard_binary_info/standard_binary_info.c.obj
 *(.binary_info.*)
                0x100047f8                        __binary_info_end = .

.rel.dyn        0x100047f8        0x0
 .rel.iplt      0x100047f8        0x0 /home/jtag/.pico-sdk/toolchain/13_2_Rel1/bin/../lib/gcc/arm-none-eabi/13.2.1/thumb/v6-m/nofp/crtbegin.o
                0x100047f8                        . = ALIGN (0x4)

.ram_vector_table
                0x20000000       0xc0
 *(.ram_vector_table)
 .ram_vector_table
                0x20000000       0xc0 src/CMakeFiles/blink.dir/home/jtag/.pico-sdk/sdk/2.0.0/src/rp2_common/pico_runtime_init/runtime_init.c.obj
                0x20000000                ram_vector_table

.uninitialized_data
                0x200000c0        0x0
                0x200000c0                        . = ALIGN (0x4)
 *(.uninitialized_data*)

.data           0x200000c0      0x2c4 load address 0x100047f8
                0x200000c0                        __data_start__ = .
 *(vtable)
 *(.time_critical*)
 .time_critical.mutex_try_enter_block_until
                0x200000c0       0xa0 src/CMakeFiles/blink.dir/home/jtag/.pico-sdk/sdk/2.0.0/src/common/pico_sync/mutex.c.obj
                0x200000c0                mutex_try_enter_block_until
 .time_critical.mutex_exit
                0x20000160       0x20 src/CMakeFiles/blink.dir/home/jtag/.pico-sdk/sdk/2.0.0/src/common/pico_sync/mutex.c.obj
                0x20000160                mutex_exit
 .time_critical.flash_init_boot2_copyout
                0x20000180       0x30 src/CMakeFiles/blink.dir/home/jtag/.pico-sdk/sdk/2.0.0/src/rp2_common/hardware_flash/flash.c.obj
 .time_critical.flash_enable_xip_via_boot2
                0x200001b0        0xc src/CMakeFiles/blink.dir/home/jtag/.pico-sdk/sdk/2.0.0/src/rp2_common/hardware_flash/flash.c.obj
 .time_critical.flash_cs_force
                0x200001bc       0x38 src/CMakeFiles/blink.dir/home/jtag/.pico-sdk/sdk/2.0.0/src/rp2_common/hardware_flash/flash.c.obj
 .time_critical.flash_do_cmd
                0x200001f4       0xc0 src/CMakeFiles/blink.dir/home/jtag/.pico-sdk/sdk/2.0.0/src/rp2_common/hardware_flash/flash.c.obj
                0x200001f4                flash_do_cmd
 *(.text*)
 .text          0x200002b4        0x4 /home/jtag/.pico-sdk/toolchain/13_2_Rel1/bin/../lib/gcc/arm-none-eabi/13.2.1/thumb/v6-m/nofp/libgcc.a(_dvmd_tls.o)
                0x200002b4                __aeabi_ldiv0
                0x200002b4                __aeabi_idiv0
 .text.__stub   0x200002b8       0x30 linker stubs
                0x200002e8                        . = ALIGN (0x4)
 *(.rodata*)
                0x200002e8                        . = ALIGN (0x4)
 *(.data*)
 .data.striped_spin_lock_num
                0x200002e8        0x1 src/CMakeFiles/blink.dir/home/jtag/.pico-sdk/sdk/2.0.0/src/rp2_common/hardware_sync/sync.c.obj
 *fill*         0x200002e9        0x3 
 .data          0x200002ec       0x48 src/CMakeFiles/blink.dir/home/jtag/.pico-sdk/sdk/2.0.0/src/rp2_common/hardware_irq/irq_handler_chain.S.obj
                0x200002ec                irq_handler_chain_slots
                0x2000031c                irq_handler_chain_first_slot
                0x20000326                irq_handler_chain_remove_tail
 .data.default_alarm_pool
                0x20000334       0x18 src/CMakeFiles/blink.dir/home/jtag/.pico-sdk/sdk/2.0.0/src/common/pico_time/time.c.obj
 *fill*         0x2000034c        0x4 
 .data.aeabi_bits_funcs
                0x20000350       0x10 src/CMakeFiles/blink.dir/home/jtag/.pico-sdk/sdk/2.0.0/src/rp2_common/pico_bit_ops/bit_ops_aeabi.S.obj
                0x20000350                aeabi_bits_funcs
                0x20000360                aeabi_bits_funcs_end
 .data.aeabi_mem_funcs
                0x20000360       0x10 src/CMakeFiles/blink.dir/home/jtag/.pico-sdk/sdk/2.0.0/src/rp2_common/pico_mem_ops/mem_ops_aeabi.S.obj
                0x20000360                aeabi_mem_funcs
                0x20000370                aeabi_mem_funcs_end
 .data.ucPrimaryCoreNum
                0x20000370        0x1 src/CMakeFiles/blink.dir/__/lib/freertos/portable/ThirdParty/GCC/RP2040/port.c.obj
                0x20000374                        . = ALIGN (0x4)
 *fill*         0x20000371        0x3 
 *(.after_data.*)
                0x20000374                        . = ALIGN (0x4)
                0x20000374                        PROVIDE (__mutex_array_start = .)
 *(SORT_BY_NAME(.mutex_array.*))
 *(.mutex_array)
 .mutex_array   0x20000374        0x8 src/CMakeFiles/blink.dir/home/jtag/.pico-sdk/sdk/2.0.0/src/rp2_common/pico_malloc/malloc.c.obj
 .mutex_array   0x2000037c        0x8 src/CMakeFiles/blink.dir/home/jtag/.pico-sdk/sdk/2.0.0/src/rp2_common/pico_stdio/stdio.c.obj
                0x20000384                        PROVIDE (__mutex_array_end = .)
                0x20000384                        . = ALIGN (0x4)
 *(.jcr)
                0x20000384                        . = ALIGN (0x4)

.tm_clone_table
                0x20000384        0x0 load address 0x10004abc
 .tm_clone_table
                0x20000384        0x0 /home/jtag/.pico-sdk/toolchain/13_2_Rel1/bin/../lib/gcc/arm-none-eabi/13.2.1/thumb/v6-m/nofp/crtbegin.o
 .tm_clone_table
                0x20000384        0x0 /home/jtag/.pico-sdk/toolchain/13_2_Rel1/bin/../lib/gcc/arm-none-eabi/13.2.1/thumb/v6-m/nofp/crtend.o

.igot.plt       0x20000384        0x0 load address 0x10004abc
 .igot.plt      0x20000384        0x0 /home/jtag/.pico-sdk/toolchain/13_2_Rel1/bin/../lib/gcc/arm-none-eabi/13.2.1/thumb/v6-m/nofp/crtbegin.o

.tdata          0x20000384        0x0 load address 0x10004abc
                0x20000384                        . = ALIGN (0x4)
 *(.tdata .tdata.* .gnu.linkonce.td.*)
                0x20000384                        __tdata_end = .
                0x20000384                        PROVIDE (__data_end__ = .)
                0x100047f8                        __etext = LOADADDR (.data)

.tbss           0x20000384        0x0 load address 0x10004abc
                0x20000384                        . = ALIGN (0x4)
                0x20000384                        __bss_start__ = .
                0x20000384                        __tls_base = .
 *(.tbss .tbss.* .gnu.linkonce.tb.*)
 *(.tcommon)
                0x20000384                        __tls_end = .

.bss            0x20000388    0x208d8 load address 0x10004abc
                0x20000388                        . = ALIGN (0x4)
                0x20000388                        __tbss_end = .
 *(SORT_BY_ALIGNMENT(SORT_BY_NAME(.bss*)))
 .bss.default_alarm_pool_entries
                0x20000388      0x180 src/CMakeFiles/blink.dir/home/jtag/.pico-sdk/sdk/2.0.0/src/common/pico_time/time.c.obj
 .bss.sd_table  0x20000508      0x100 src/CMakeFiles/blink.dir/home/jtag/.pico-sdk/sdk/2.0.0/src/rp2_common/pico_double/double_init_rom_rp2040.c.obj
                0x20000508                sd_table
 .bss.xQueueRegistry
                0x20000608       0x40 src/CMakeFiles/blink.dir/__/lib/freertos/queue.c.obj
                0x20000608                xQueueRegistry
 .bss.boot2_copyout
                0x20000648      0x100 src/CMakeFiles/blink.dir/home/jtag/.pico-sdk/sdk/2.0.0/src/rp2_common/hardware_flash/flash.c.obj
 .bss.callbacks
                0x20000748        0x8 src/CMakeFiles/blink.dir/home/jtag/.pico-sdk/sdk/2.0.0/src/rp2_common/hardware_gpio/gpio.c.obj
 .bss.claimed   0x20000750        0x1 src/CMakeFiles/blink.dir/home/jtag/.pico-sdk/sdk/2.0.0/src/rp2_common/hardware_timer/timer.c.obj
 *fill*         0x20000751        0x3 
 .bss.configured_freq
                0x20000754       0x28 src/CMakeFiles/blink.dir/home/jtag/.pico-sdk/sdk/2.0.0/src/rp2_common/hardware_clocks/clocks.c.obj
 .bss.drivers   0x2000077c        0x4 src/CMakeFiles/blink.dir/home/jtag/.pico-sdk/sdk/2.0.0/src/rp2_common/pico_stdio/stdio.c.obj
 .bss.filter    0x20000780        0x4 src/CMakeFiles/blink.dir/home/jtag/.pico-sdk/sdk/2.0.0/src/rp2_common/pico_stdio/stdio.c.obj
 .bss.lazy_vsnprintf
                0x20000784        0x4 src/CMakeFiles/blink.dir/home/jtag/.pico-sdk/sdk/2.0.0/src/rp2_common/pico_printf/printf.c.obj
 .bss.msg_queue
                0x20000788        0x4 src/CMakeFiles/blink.dir/blink.c.obj
                0x20000788                msg_queue
 .bss.object.0  0x2000078c       0x18 /home/jtag/.pico-sdk/toolchain/13_2_Rel1/bin/../lib/gcc/arm-none-eabi/13.2.1/thumb/v6-m/nofp/crtbegin.o
 .bss.pools     0x200007a4       0x10 src/CMakeFiles/blink.dir/home/jtag/.pico-sdk/sdk/2.0.0/src/common/pico_time/time.c.obj
 .bss.pxCrossCoreSpinLock
                0x200007b4        0x4 src/CMakeFiles/blink.dir/__/lib/freertos/portable/ThirdParty/GCC/RP2040/port.c.obj
 .bss.pxCurrentTCB
                0x200007b8        0x4 src/CMakeFiles/blink.dir/__/lib/freertos/tasks.c.obj
                0x200007b8                pxCurrentTCB
 .bss.pxCurrentTimerList
                0x200007bc        0x4 src/CMakeFiles/blink.dir/__/lib/freertos/timers.c.obj
 .bss.pxDelayedTaskList
                0x200007c0        0x4 src/CMakeFiles/blink.dir/__/lib/freertos/tasks.c.obj
 .bss.pxEnd     0x200007c4        0x4 src/CMakeFiles/blink.dir/__/lib/freertos/portable/MemMang/heap_4.c.obj
 .bss.pxOverflowDelayedTaskList
                0x200007c8        0x4 src/CMakeFiles/blink.dir/__/lib/freertos/tasks.c.obj
 .bss.pxOverflowTimerList
                0x200007cc        0x4 src/CMakeFiles/blink.dir/__/lib/freertos/timers.c.obj
 .bss.pxReadyTasksLists
                0x200007d0      0x280 src/CMakeFiles/blink.dir/__/lib/freertos/tasks.c.obj
 .bss.pxYieldSpinLock
                0x20000a50        0x4 src/CMakeFiles/blink.dir/__/lib/freertos/portable/ThirdParty/GCC/RP2040/port.c.obj
 .bss.raw_irq_mask
                0x20000a54        0x8 src/CMakeFiles/blink.dir/home/jtag/.pico-sdk/sdk/2.0.0/src/rp2_common/hardware_gpio/gpio.c.obj
 .bss.retrieved_id
                0x20000a5c        0x8 src/CMakeFiles/blink.dir/home/jtag/.pico-sdk/sdk/2.0.0/src/rp2_common/pico_unique_id/unique_id.c.obj
 .bss.sf_clz_func
                0x20000a64        0x4 src/CMakeFiles/blink.dir/home/jtag/.pico-sdk/sdk/2.0.0/src/rp2_common/pico_double/double_init_rom_rp2040.c.obj
                0x20000a64                sf_clz_func
 .bss.sf_table  0x20000a68      0x100 src/CMakeFiles/blink.dir/home/jtag/.pico-sdk/sdk/2.0.0/src/rp2_common/pico_float/float_init_rom_rp2040.c.obj
                0x20000a68                sf_table
 .bss.sleep_notifier
                0x20000b68        0x4 src/CMakeFiles/blink.dir/home/jtag/.pico-sdk/sdk/2.0.0/src/common/pico_time/time.c.obj
 .bss.ucHeap    0x20000b6c    0x20000 src/CMakeFiles/blink.dir/__/lib/freertos/portable/MemMang/heap_4.c.obj
 .bss.ulYieldSpinLockSaveValue
                0x20020b6c        0x4 src/CMakeFiles/blink.dir/__/lib/freertos/portable/ThirdParty/GCC/RP2040/port.c.obj
 .bss.uxCriticalNesting
                0x20020b70        0x4 src/CMakeFiles/blink.dir/__/lib/freertos/portable/ThirdParty/GCC/RP2040/port.c.obj
 .bss.uxCrossCoreEventBits
                0x20020b74        0x4 src/CMakeFiles/blink.dir/__/lib/freertos/portable/ThirdParty/GCC/RP2040/port.c.obj
 .bss.uxCurrentNumberOfTasks
                0x20020b78        0x4 src/CMakeFiles/blink.dir/__/lib/freertos/tasks.c.obj
 .bss.uxDeletedTasksWaitingCleanUp
                0x20020b7c        0x4 src/CMakeFiles/blink.dir/__/lib/freertos/tasks.c.obj
 .bss.uxSchedulerSuspended
                0x20020b80        0x4 src/CMakeFiles/blink.dir/__/lib/freertos/tasks.c.obj
 .bss.uxTaskNumber
                0x20020b84        0x4 src/CMakeFiles/blink.dir/__/lib/freertos/tasks.c.obj
 .bss.uxTopReadyPriority
                0x20020b88        0x4 src/CMakeFiles/blink.dir/__/lib/freertos/tasks.c.obj
 .bss.xActiveTimerList1
                0x20020b8c       0x14 src/CMakeFiles/blink.dir/__/lib/freertos/timers.c.obj
 .bss.xActiveTimerList2
                0x20020ba0       0x14 src/CMakeFiles/blink.dir/__/lib/freertos/timers.c.obj
 .bss.xDelayedTaskList1
                0x20020bb4       0x14 src/CMakeFiles/blink.dir/__/lib/freertos/tasks.c.obj
 .bss.xDelayedTaskList2
                0x20020bc8       0x14 src/CMakeFiles/blink.dir/__/lib/freertos/tasks.c.obj
 .bss.xEventGroup
                0x20020bdc        0x4 src/CMakeFiles/blink.dir/__/lib/freertos/portable/ThirdParty/GCC/RP2040/port.c.obj
 .bss.xFreeBytesRemaining
                0x20020be0        0x4 src/CMakeFiles/blink.dir/__/lib/freertos/portable/MemMang/heap_4.c.obj
 .bss.xIdleTaskHandles
                0x20020be4        0x4 src/CMakeFiles/blink.dir/__/lib/freertos/tasks.c.obj
 .bss.xLastTime.0
                0x20020be8        0x4 src/CMakeFiles/blink.dir/__/lib/freertos/timers.c.obj
 .bss.xMinimumEverFreeBytesRemaining
                0x20020bec        0x4 src/CMakeFiles/blink.dir/__/lib/freertos/portable/MemMang/heap_4.c.obj
 .bss.xNextTaskUnblockTime
                0x20020bf0        0x4 src/CMakeFiles/blink.dir/__/lib/freertos/tasks.c.obj
 .bss.xNumOfOverflows
                0x20020bf4        0x4 src/CMakeFiles/blink.dir/__/lib/freertos/tasks.c.obj
 .bss.xNumberOfSuccessfulAllocations
                0x20020bf8        0x4 src/CMakeFiles/blink.dir/__/lib/freertos/portable/MemMang/heap_4.c.obj
 .bss.xNumberOfSuccessfulFrees
                0x20020bfc        0x4 src/CMakeFiles/blink.dir/__/lib/freertos/portable/MemMang/heap_4.c.obj
 .bss.xPendedTicks
                0x20020c00        0x4 src/CMakeFiles/blink.dir/__/lib/freertos/tasks.c.obj
 .bss.xPendingReadyList
                0x20020c04       0x14 src/CMakeFiles/blink.dir/__/lib/freertos/tasks.c.obj
 .bss.xSchedulerRunning
                0x20020c18        0x4 src/CMakeFiles/blink.dir/__/lib/freertos/tasks.c.obj
 .bss.xStart    0x20020c1c        0x8 src/CMakeFiles/blink.dir/__/lib/freertos/portable/MemMang/heap_4.c.obj
 .bss.xSuspendedTaskList
                0x20020c24       0x14 src/CMakeFiles/blink.dir/__/lib/freertos/tasks.c.obj
 .bss.xTasksWaitingTermination
                0x20020c38       0x14 src/CMakeFiles/blink.dir/__/lib/freertos/tasks.c.obj
 .bss.xTickCount
                0x20020c4c        0x4 src/CMakeFiles/blink.dir/__/lib/freertos/tasks.c.obj
 .bss.xTimerQueue
                0x20020c50        0x4 src/CMakeFiles/blink.dir/__/lib/freertos/timers.c.obj
 .bss.xTimerTaskHandle
                0x20020c54        0x4 src/CMakeFiles/blink.dir/__/lib/freertos/timers.c.obj
 .bss.xYieldPendings
                0x20020c58        0x4 src/CMakeFiles/blink.dir/__/lib/freertos/tasks.c.obj
 .bss.boot2_copyout_valid
                0x20020c5c        0x1 src/CMakeFiles/blink.dir/home/jtag/.pico-sdk/sdk/2.0.0/src/rp2_common/hardware_flash/flash.c.obj
 .bss.irq_handler_chain_free_slot_head
                0x20020c5d        0x1 src/CMakeFiles/blink.dir/home/jtag/.pico-sdk/sdk/2.0.0/src/rp2_common/hardware_irq/irq.c.obj
 *(COMMON)
                0x20020c60                        . = ALIGN (0x4)
 *fill*         0x20020c5e        0x2 
                0x20020c60                        __bss_end__ = .

.heap           0x20020c60    0x1f3a0 load address 0x10004abc
                0x20020c60                        __end__ = .
                0x20020c60                        end = __end__
 *(.heap*)
 .heap          0x20020c60      0x800 src/CMakeFiles/blink.dir/home/jtag/.pico-sdk/sdk/2.0.0/src/rp2_common/pico_crt0/crt0.S.obj
                0x20040000                        . = (ORIGIN (RAM) + LENGTH (RAM))
 *fill*         0x20021460    0x1eba0 
                0x20040000                        __HeapLimit = .

.scratch_x      0x20040000        0x0 load address 0x10004abc
                0x20040000                        __scratch_x_start__ = .
 *(.scratch_x.*)
                0x20040000                        . = ALIGN (0x4)
                0x20040000                        __scratch_x_end__ = .
                0x10004abc                        __scratch_x_source__ = LOADADDR (.scratch_x)

.scratch_y      0x20041000        0x0 load address 0x10004abc
                0x20041000                        __scratch_y_start__ = .
 *(.scratch_y.*)
                0x20041000                        . = ALIGN (0x4)
                0x20041000                        __scratch_y_end__ = .
                0x10004abc                        __scratch_y_source__ = LOADADDR (.scratch_y)

.stack1_dummy   0x20040000      0x800
 *(.stack1*)
 .stack1        0x20040000      0x800 src/CMakeFiles/blink.dir/home/jtag/.pico-sdk/sdk/2.0.0/src/rp2_common/pico_multicore/multicore.c.obj

.stack_dummy    0x20041000      0x800
 *(.stack*)
 .stack         0x20041000      0x800 src/CMakeFiles/blink.dir/home/jtag/.pico-sdk/sdk/2.0.0/src/rp2_common/pico_crt0/crt0.S.obj

.flash_end      0x10004abc        0x0
 *(.embedded_end_block*)
                0x10004abc                        PROVIDE (__flash_binary_end = .)
                0x20040000                        __StackLimit = (ORIGIN (RAM) + LENGTH (RAM))
                0x20041000                        __StackOneTop = (ORIGIN (SCRATCH_X) + LENGTH (SCRATCH_X))
                0x20042000                        __StackTop = (ORIGIN (SCRATCH_Y) + LENGTH (SCRATCH_Y))
                0x20040800                        __StackOneBottom = (__StackOneTop - SIZEOF (.stack1_dummy))
                0x20041800                        __StackBottom = (__StackTop - SIZEOF (.stack_dummy))
                0x20042000                        PROVIDE (__stack = __StackTop)
                [!provide]                        PROVIDE (__heap_start = __end__)
                [!provide]                        PROVIDE (__heap_end = __HeapLimit)
                [!provide]                        PROVIDE (__tls_align = MAX (ALIGNOF (.tdata), ALIGNOF (.tbss)))
                [!provide]                        PROVIDE (__tls_size_align = (((__tls_size + __tls_align) - 0x1) & ~ ((__tls_align - 0x1))))
                [!provide]                        PROVIDE (__arm32_tls_tcb_offset = MAX (0x8, __tls_align))
                [!provide]                        PROVIDE (_end = __end__)
                [!provide]                        PROVIDE (__llvm_libc_heap_limit = __HeapLimit)
                0x00000001                        ASSERT ((__StackLimit >= __HeapLimit), region RAM overflowed)
                0x00000001                        ASSERT (((__binary_info_header_end - __logical_binary_start) <= 0x100), Binary info must be in first 256 bytes of the binary)
LOAD src/CMakeFiles/blink.dir/blink.c.obj
LOAD src/CMakeFiles/blink.dir/home/jtag/.pico-sdk/sdk/2.0.0/src/rp2_common/pico_stdlib/stdlib.c.obj
LOAD src/CMakeFiles/blink.dir/home/jtag/.pico-sdk/sdk/2.0.0/src/rp2_common/hardware_gpio/gpio.c.obj
LOAD src/CMakeFiles/blink.dir/home/jtag/.pico-sdk/sdk/2.0.0/src/rp2040/pico_platform/platform.c.obj
LOAD src/CMakeFiles/blink.dir/home/jtag/.pico-sdk/sdk/2.0.0/src/rp2_common/pico_platform_panic/panic.c.obj
LOAD src/CMakeFiles/blink.dir/home/jtag/.pico-sdk/sdk/2.0.0/src/common/hardware_claim/claim.c.obj
LOAD src/CMakeFiles/blink.dir/home/jtag/.pico-sdk/sdk/2.0.0/src/rp2_common/hardware_sync/sync.c.obj
LOAD src/CMakeFiles/blink.dir/home/jtag/.pico-sdk/sdk/2.0.0/src/rp2_common/hardware_sync_spin_lock/sync_spin_lock.c.obj
LOAD src/CMakeFiles/blink.dir/home/jtag/.pico-sdk/sdk/2.0.0/src/rp2_common/hardware_irq/irq.c.obj
LOAD src/CMakeFiles/blink.dir/home/jtag/.pico-sdk/sdk/2.0.0/src/rp2_common/hardware_irq/irq_handler_chain.S.obj
LOAD src/CMakeFiles/blink.dir/home/jtag/.pico-sdk/sdk/2.0.0/src/common/pico_sync/sem.c.obj
LOAD src/CMakeFiles/blink.dir/home/jtag/.pico-sdk/sdk/2.0.0/src/common/pico_sync/lock_core.c.obj
LOAD src/CMakeFiles/blink.dir/home/jtag/.pico-sdk/sdk/2.0.0/src/common/pico_sync/mutex.c.obj
LOAD src/CMakeFiles/blink.dir/home/jtag/.pico-sdk/sdk/2.0.0/src/common/pico_sync/critical_section.c.obj
LOAD src/CMakeFiles/blink.dir/home/jtag/.pico-sdk/sdk/2.0.0/src/common/pico_time/time.c.obj
LOAD src/CMakeFiles/blink.dir/home/jtag/.pico-sdk/sdk/2.0.0/src/common/pico_time/timeout_helper.c.obj
LOAD src/CMakeFiles/blink.dir/home/jtag/.pico-sdk/sdk/2.0.0/src/rp2_common/hardware_timer/timer.c.obj
LOAD src/CMakeFiles/blink.dir/home/jtag/.pico-sdk/sdk/2.0.0/src/common/pico_util/datetime.c.obj
LOAD src/CMakeFiles/blink.dir/home/jtag/.pico-sdk/sdk/2.0.0/src/common/pico_util/pheap.c.obj
LOAD src/CMakeFiles/blink.dir/home/jtag/.pico-sdk/sdk/2.0.0/src/common/pico_util/queue.c.obj
LOAD src/CMakeFiles/blink.dir/home/jtag/.pico-sdk/sdk/2.0.0/src/rp2_common/hardware_uart/uart.c.obj
LOAD src/CMakeFiles/blink.dir/home/jtag/.pico-sdk/sdk/2.0.0/src/rp2_common/hardware_clocks/clocks.c.obj
LOAD src/CMakeFiles/blink.dir/home/jtag/.pico-sdk/sdk/2.0.0/src/rp2_common/hardware_pll/pll.c.obj
LOAD src/CMakeFiles/blink.dir/home/jtag/.pico-sdk/sdk/2.0.0/src/rp2_common/hardware_vreg/vreg.c.obj
LOAD src/CMakeFiles/blink.dir/home/jtag/.pico-sdk/sdk/2.0.0/src/rp2_common/hardware_watchdog/watchdog.c.obj
LOAD src/CMakeFiles/blink.dir/home/jtag/.pico-sdk/sdk/2.0.0/src/rp2_common/hardware_ticks/ticks.c.obj
LOAD src/CMakeFiles/blink.dir/home/jtag/.pico-sdk/sdk/2.0.0/src/rp2_common/hardware_xosc/xosc.c.obj
LOAD src/CMakeFiles/blink.dir/home/jtag/.pico-sdk/sdk/2.0.0/src/rp2_common/hardware_divider/divider.S.obj
LOAD src/CMakeFiles/blink.dir/home/jtag/.pico-sdk/sdk/2.0.0/src/rp2_common/pico_runtime/runtime.c.obj
LOAD src/CMakeFiles/blink.dir/home/jtag/.pico-sdk/sdk/2.0.0/src/rp2_common/pico_runtime_init/runtime_init.c.obj
LOAD src/CMakeFiles/blink.dir/home/jtag/.pico-sdk/sdk/2.0.0/src/rp2_common/pico_runtime_init/runtime_init_clocks.c.obj
LOAD src/CMakeFiles/blink.dir/home/jtag/.pico-sdk/sdk/2.0.0/src/rp2_common/pico_runtime_init/runtime_init_stack_guard.c.obj
LOAD src/CMakeFiles/blink.dir/home/jtag/.pico-sdk/sdk/2.0.0/src/rp2_common/pico_bit_ops/bit_ops_aeabi.S.obj
LOAD src/CMakeFiles/blink.dir/home/jtag/.pico-sdk/sdk/2.0.0/src/rp2_common/pico_bootrom/bootrom.c.obj
LOAD src/CMakeFiles/blink.dir/home/jtag/.pico-sdk/sdk/2.0.0/src/rp2_common/pico_bootrom/bootrom_lock.c.obj
LOAD src/CMakeFiles/blink.dir/home/jtag/.pico-sdk/sdk/2.0.0/src/rp2_common/hardware_boot_lock/boot_lock.c.obj
LOAD src/CMakeFiles/blink.dir/home/jtag/.pico-sdk/sdk/2.0.0/src/rp2_common/pico_divider/divider_hardware.S.obj
LOAD src/CMakeFiles/blink.dir/home/jtag/.pico-sdk/sdk/2.0.0/src/rp2_common/pico_double/double_aeabi_rp2040.S.obj
LOAD src/CMakeFiles/blink.dir/home/jtag/.pico-sdk/sdk/2.0.0/src/rp2_common/pico_double/double_init_rom_rp2040.c.obj
LOAD src/CMakeFiles/blink.dir/home/jtag/.pico-sdk/sdk/2.0.0/src/rp2_common/pico_double/double_math.c.obj
LOAD src/CMakeFiles/blink.dir/home/jtag/.pico-sdk/sdk/2.0.0/src/rp2_common/pico_double/double_v1_rom_shim_rp2040.S.obj
LOAD src/CMakeFiles/blink.dir/home/jtag/.pico-sdk/sdk/2.0.0/src/rp2_common/pico_int64_ops/pico_int64_ops_aeabi.S.obj
LOAD src/CMakeFiles/blink.dir/home/jtag/.pico-sdk/sdk/2.0.0/src/rp2_common/pico_float/float_aeabi_rp2040.S.obj
LOAD src/CMakeFiles/blink.dir/home/jtag/.pico-sdk/sdk/2.0.0/src/rp2_common/pico_float/float_init_rom_rp2040.c.obj
LOAD src/CMakeFiles/blink.dir/home/jtag/.pico-sdk/sdk/2.0.0/src/rp2_common/pico_float/float_math.c.obj
LOAD src/CMakeFiles/blink.dir/home/jtag/.pico-sdk/sdk/2.0.0/src/rp2_common/pico_float/float_v1_rom_shim_rp2040.S.obj
LOAD src/CMakeFiles/blink.dir/home/jtag/.pico-sdk/sdk/2.0.0/src/rp2_common/pico_malloc/malloc.c.obj
LOAD src/CMakeFiles/blink.dir/home/jtag/.pico-sdk/sdk/2.0.0/src/rp2_common/pico_mem_ops/mem_ops_aeabi.S.obj
LOAD src/CMakeFiles/blink.dir/home/jtag/.pico-sdk/sdk/2.0.0/src/rp2_common/pico_atomic/atomic.c.obj
LOAD src/CMakeFiles/blink.dir/home/jtag/.pico-sdk/sdk/2.0.0/src/rp2_common/pico_cxx_options/new_delete.cpp.obj
LOAD src/CMakeFiles/blink.dir/home/jtag/.pico-sdk/sdk/2.0.0/src/rp2_common/pico_standard_binary_info/standard_binary_info.c.obj
LOAD src/CMakeFiles/blink.dir/home/jtag/.pico-sdk/sdk/2.0.0/src/rp2_common/pico_printf/printf.c.obj
LOAD src/CMakeFiles/blink.dir/home/jtag/.pico-sdk/sdk/2.0.0/src/rp2_common/pico_crt0/crt0.S.obj
LOAD src/CMakeFiles/blink.dir/home/jtag/.pico-sdk/sdk/2.0.0/src/rp2_common/pico_clib_interface/newlib_interface.c.obj
LOAD src/CMakeFiles/blink.dir/home/jtag/.pico-sdk/sdk/2.0.0/src/rp2_common/pico_stdio/stdio.c.obj
LOAD src/CMakeFiles/blink.dir/home/jtag/.pico-sdk/sdk/2.0.0/src/rp2_common/pico_stdio_usb/reset_interface.c.obj
LOAD src/CMakeFiles/blink.dir/home/jtag/.pico-sdk/sdk/2.0.0/src/rp2_common/pico_stdio_usb/stdio_usb.c.obj
LOAD src/CMakeFiles/blink.dir/home/jtag/.pico-sdk/sdk/2.0.0/src/rp2_common/pico_stdio_usb/stdio_usb_descriptors.c.obj
LOAD src/CMakeFiles/blink.dir/home/jtag/.pico-sdk/sdk/2.0.0/src/rp2_common/pico_unique_id/unique_id.c.obj
LOAD src/CMakeFiles/blink.dir/home/jtag/.pico-sdk/sdk/2.0.0/src/rp2_common/hardware_flash/flash.c.obj
LOAD src/CMakeFiles/blink.dir/home/jtag/.pico-sdk/sdk/2.0.0/lib/tinyusb/src/portable/raspberrypi/rp2040/dcd_rp2040.c.obj
LOAD src/CMakeFiles/blink.dir/home/jtag/.pico-sdk/sdk/2.0.0/lib/tinyusb/src/portable/raspberrypi/rp2040/rp2040_usb.c.obj
LOAD src/CMakeFiles/blink.dir/home/jtag/.pico-sdk/sdk/2.0.0/lib/tinyusb/src/device/usbd.c.obj
LOAD src/CMakeFiles/blink.dir/home/jtag/.pico-sdk/sdk/2.0.0/lib/tinyusb/src/device/usbd_control.c.obj
LOAD src/CMakeFiles/blink.dir/home/jtag/.pico-sdk/sdk/2.0.0/lib/tinyusb/src/class/audio/audio_device.c.obj
LOAD src/CMakeFiles/blink.dir/home/jtag/.pico-sdk/sdk/2.0.0/lib/tinyusb/src/class/cdc/cdc_device.c.obj
LOAD src/CMakeFiles/blink.dir/home/jtag/.pico-sdk/sdk/2.0.0/lib/tinyusb/src/class/dfu/dfu_device.c.obj
LOAD src/CMakeFiles/blink.dir/home/jtag/.pico-sdk/sdk/2.0.0/lib/tinyusb/src/class/dfu/dfu_rt_device.c.obj
LOAD src/CMakeFiles/blink.dir/home/jtag/.pico-sdk/sdk/2.0.0/lib/tinyusb/src/class/hid/hid_device.c.obj
LOAD src/CMakeFiles/blink.dir/home/jtag/.pico-sdk/sdk/2.0.0/lib/tinyusb/src/class/midi/midi_device.c.obj
LOAD src/CMakeFiles/blink.dir/home/jtag/.pico-sdk/sdk/2.0.0/lib/tinyusb/src/class/msc/msc_device.c.obj
LOAD src/CMakeFiles/blink.dir/home/jtag/.pico-sdk/sdk/2.0.0/lib/tinyusb/src/class/net/ecm_rndis_device.c.obj
LOAD src/CMakeFiles/blink.dir/home/jtag/.pico-sdk/sdk/2.0.0/lib/tinyusb/src/class/net/ncm_device.c.obj
LOAD src/CMakeFiles/blink.dir/home/jtag/.pico-sdk/sdk/2.0.0/lib/tinyusb/src/class/usbtmc/usbtmc_device.c.obj
LOAD src/CMakeFiles/blink.dir/home/jtag/.pico-sdk/sdk/2.0.0/lib/tinyusb/src/class/vendor/vendor_device.c.obj
LOAD src/CMakeFiles/blink.dir/home/jtag/.pico-sdk/sdk/2.0.0/lib/tinyusb/src/class/video/video_device.c.obj
LOAD src/CMakeFiles/blink.dir/home/jtag/.pico-sdk/sdk/2.0.0/lib/tinyusb/src/tusb.c.obj
LOAD src/CMakeFiles/blink.dir/home/jtag/.pico-sdk/sdk/2.0.0/lib/tinyusb/src/common/tusb_fifo.c.obj
LOAD src/CMakeFiles/blink.dir/home/jtag/.pico-sdk/sdk/2.0.0/src/rp2_common/pico_fix/rp2040_usb_device_enumeration/rp2040_usb_device_enumeration.c.obj
LOAD src/CMakeFiles/blink.dir/home/jtag/.pico-sdk/sdk/2.0.0/src/rp2_common/pico_multicore/multicore.c.obj
LOAD src/CMakeFiles/blink.dir/home/jtag/.pico-sdk/sdk/2.0.0/src/rp2_common/pico_async_context/async_context_freertos.c.obj
LOAD src/CMakeFiles/blink.dir/home/jtag/.pico-sdk/sdk/2.0.0/src/rp2_common/pico_async_context/async_context_base.c.obj
LOAD src/CMakeFiles/blink.dir/__/lib/freertos/portable/MemMang/heap_4.c.obj
LOAD src/CMakeFiles/blink.dir/__/lib/freertos/portable/ThirdParty/GCC/RP2040/port.c.obj
LOAD src/CMakeFiles/blink.dir/__/lib/freertos/croutine.c.obj
LOAD src/CMakeFiles/blink.dir/__/lib/freertos/event_groups.c.obj
LOAD src/CMakeFiles/blink.dir/__/lib/freertos/list.c.obj
LOAD src/CMakeFiles/blink.dir/__/lib/freertos/queue.c.obj
LOAD src/CMakeFiles/blink.dir/__/lib/freertos/stream_buffer.c.obj
LOAD src/CMakeFiles/blink.dir/__/lib/freertos/tasks.c.obj
LOAD src/CMakeFiles/blink.dir/__/lib/freertos/timers.c.obj
LOAD src/CMakeFiles/blink.dir/home/jtag/.pico-sdk/sdk/2.0.0/src/rp2_common/hardware_exception/exception.c.obj
LOAD src/CMakeFiles/blink.dir/home/jtag/.pico-sdk/sdk/2.0.0/src/rp2_common/pico_cyw43_arch/cyw43_arch.c.obj
LOAD src/CMakeFiles/blink.dir/home/jtag/.pico-sdk/sdk/2.0.0/src/rp2_common/pico_cyw43_arch/cyw43_arch_poll.c.obj
LOAD src/CMakeFiles/blink.dir/home/jtag/.pico-sdk/sdk/2.0.0/src/rp2_common/pico_cyw43_arch/cyw43_arch_threadsafe_background.c.obj
LOAD src/CMakeFiles/blink.dir/home/jtag/.pico-sdk/sdk/2.0.0/src/rp2_common/pico_cyw43_arch/cyw43_arch_freertos.c.obj
LOAD src/CMakeFiles/blink.dir/home/jtag/.pico-sdk/sdk/2.0.0/src/rp2_common/pico_cyw43_driver/cyw43_bus_pio_spi.c.obj
LOAD src/CMakeFiles/blink.dir/home/jtag/.pico-sdk/sdk/2.0.0/lib/cyw43-driver/src/cyw43_ll.c.obj
LOAD src/CMakeFiles/blink.dir/home/jtag/.pico-sdk/sdk/2.0.0/lib/cyw43-driver/src/cyw43_stats.c.obj
LOAD src/CMakeFiles/blink.dir/home/jtag/.pico-sdk/sdk/2.0.0/lib/cyw43-driver/src/cyw43_lwip.c.obj
LOAD src/CMakeFiles/blink.dir/home/jtag/.pico-sdk/sdk/2.0.0/lib/cyw43-driver/src/cyw43_ctrl.c.obj
LOAD src/CMakeFiles/blink.dir/home/jtag/.pico-sdk/sdk/2.0.0/src/rp2_common/pico_cyw43_driver/cybt_shared_bus/cybt_shared_bus.c.obj
LOAD src/CMakeFiles/blink.dir/home/jtag/.pico-sdk/sdk/2.0.0/src/rp2_common/pico_cyw43_driver/cybt_shared_bus/cybt_shared_bus_driver.c.obj
LOAD src/CMakeFiles/blink.dir/home/jtag/.pico-sdk/sdk/2.0.0/src/rp2_common/hardware_pio/pio.c.obj
LOAD src/CMakeFiles/blink.dir/home/jtag/.pico-sdk/sdk/2.0.0/src/rp2_common/hardware_dma/dma.c.obj
LOAD src/CMakeFiles/blink.dir/home/jtag/.pico-sdk/sdk/2.0.0/src/rp2_common/pico_cyw43_driver/cyw43_driver.c.obj
LOAD src/CMakeFiles/blink.dir/home/jtag/.pico-sdk/sdk/2.0.0/src/rp2_common/pico_async_context/async_context_threadsafe_background.c.obj
LOAD /tmp/ccOKvRBh.o
START GROUP
LOAD /home/jtag/.pico-sdk/toolchain/13_2_Rel1/bin/../lib/gcc/arm-none-eabi/13.2.1/thumb/v6-m/nofp/libgcc.a
LOAD /home/jtag/.pico-sdk/toolchain/13_2_Rel1/bin/../lib/gcc/arm-none-eabi/13.2.1/../../../../arm-none-eabi/lib/thumb/v6-m/nofp/libg.a
LOAD /home/jtag/.pico-sdk/toolchain/13_2_Rel1/bin/../lib/gcc/arm-none-eabi/13.2.1/../../../../arm-none-eabi/lib/thumb/v6-m/nofp/libc.a
END GROUP
START GROUP
LOAD /home/jtag/.pico-sdk/toolchain/13_2_Rel1/bin/../lib/gcc/arm-none-eabi/13.2.1/thumb/v6-m/nofp/libgcc.a
LOAD /home/jtag/.pico-sdk/toolchain/13_2_Rel1/bin/../lib/gcc/arm-none-eabi/13.2.1/../../../../arm-none-eabi/lib/thumb/v6-m/nofp/libc.a
LOAD /home/jtag/.pico-sdk/toolchain/13_2_Rel1/bin/../lib/gcc/arm-none-eabi/13.2.1/../../../../arm-none-eabi/lib/thumb/v6-m/nofp/libnosys.a
END GROUP
LOAD /home/jtag/.pico-sdk/toolchain/13_2_Rel1/bin/../lib/gcc/arm-none-eabi/13.2.1/thumb/v6-m/nofp/crtend.o
LOAD /home/jtag/.pico-sdk/toolchain/13_2_Rel1/bin/../lib/gcc/arm-none-eabi/13.2.1/thumb/v6-m/nofp/crtn.o
OUTPUT(src/blink.elf elf32-littlearm)
LOAD linker stubs

.ARM.attributes
                0x00000000       0x28
 .ARM.attributes
                0x00000000       0x1e /home/jtag/.pico-sdk/toolchain/13_2_Rel1/bin/../lib/gcc/arm-none-eabi/13.2.1/thumb/v6-m/nofp/crti.o
 .ARM.attributes
                0x0000001e       0x2c /home/jtag/.pico-sdk/toolchain/13_2_Rel1/bin/../lib/gcc/arm-none-eabi/13.2.1/thumb/v6-m/nofp/crtbegin.o
 .ARM.attributes
                0x0000004a       0x2c src/CMakeFiles/blink.dir/blink.c.obj
 .ARM.attributes
                0x00000076       0x2c src/CMakeFiles/blink.dir/home/jtag/.pico-sdk/sdk/2.0.0/src/rp2_common/hardware_gpio/gpio.c.obj
 .ARM.attributes
                0x000000a2       0x2c src/CMakeFiles/blink.dir/home/jtag/.pico-sdk/sdk/2.0.0/src/rp2_common/pico_platform_panic/panic.c.obj
 .ARM.attributes
                0x000000ce       0x2c src/CMakeFiles/blink.dir/home/jtag/.pico-sdk/sdk/2.0.0/src/common/hardware_claim/claim.c.obj
 .ARM.attributes
                0x000000fa       0x2c src/CMakeFiles/blink.dir/home/jtag/.pico-sdk/sdk/2.0.0/src/rp2_common/hardware_sync/sync.c.obj
 .ARM.attributes
                0x00000126       0x2c src/CMakeFiles/blink.dir/home/jtag/.pico-sdk/sdk/2.0.0/src/rp2_common/hardware_sync_spin_lock/sync_spin_lock.c.obj
 .ARM.attributes
                0x00000152       0x2c src/CMakeFiles/blink.dir/home/jtag/.pico-sdk/sdk/2.0.0/src/rp2_common/hardware_irq/irq.c.obj
 .ARM.attributes
                0x0000017e       0x22 src/CMakeFiles/blink.dir/home/jtag/.pico-sdk/sdk/2.0.0/src/rp2_common/hardware_irq/irq_handler_chain.S.obj
 .ARM.attributes
                0x000001a0       0x2c src/CMakeFiles/blink.dir/home/jtag/.pico-sdk/sdk/2.0.0/src/common/pico_sync/lock_core.c.obj
 .ARM.attributes
                0x000001cc       0x2c src/CMakeFiles/blink.dir/home/jtag/.pico-sdk/sdk/2.0.0/src/common/pico_sync/mutex.c.obj
 .ARM.attributes
                0x000001f8       0x2c src/CMakeFiles/blink.dir/home/jtag/.pico-sdk/sdk/2.0.0/src/common/pico_time/time.c.obj
 .ARM.attributes
                0x00000224       0x2c src/CMakeFiles/blink.dir/home/jtag/.pico-sdk/sdk/2.0.0/src/rp2_common/hardware_timer/timer.c.obj
 .ARM.attributes
                0x00000250       0x2c src/CMakeFiles/blink.dir/home/jtag/.pico-sdk/sdk/2.0.0/src/rp2_common/hardware_clocks/clocks.c.obj
 .ARM.attributes
                0x0000027c       0x2c src/CMakeFiles/blink.dir/home/jtag/.pico-sdk/sdk/2.0.0/src/rp2_common/hardware_pll/pll.c.obj
 .ARM.attributes
                0x000002a8       0x2c src/CMakeFiles/blink.dir/home/jtag/.pico-sdk/sdk/2.0.0/src/rp2_common/hardware_ticks/ticks.c.obj
 .ARM.attributes
                0x000002d4       0x2c src/CMakeFiles/blink.dir/home/jtag/.pico-sdk/sdk/2.0.0/src/rp2_common/hardware_xosc/xosc.c.obj
 .ARM.attributes
                0x00000300       0x2c src/CMakeFiles/blink.dir/home/jtag/.pico-sdk/sdk/2.0.0/src/rp2_common/pico_runtime/runtime.c.obj
 .ARM.attributes
                0x0000032c       0x2c src/CMakeFiles/blink.dir/home/jtag/.pico-sdk/sdk/2.0.0/src/rp2_common/pico_runtime_init/runtime_init.c.obj
 .ARM.attributes
                0x00000358       0x2c src/CMakeFiles/blink.dir/home/jtag/.pico-sdk/sdk/2.0.0/src/rp2_common/pico_runtime_init/runtime_init_clocks.c.obj
 .ARM.attributes
                0x00000384       0x22 src/CMakeFiles/blink.dir/home/jtag/.pico-sdk/sdk/2.0.0/src/rp2_common/pico_bit_ops/bit_ops_aeabi.S.obj
 .ARM.attributes
                0x000003a6       0x2c src/CMakeFiles/blink.dir/home/jtag/.pico-sdk/sdk/2.0.0/src/rp2_common/pico_bootrom/bootrom.c.obj
 .ARM.attributes
                0x000003d2       0x22 src/CMakeFiles/blink.dir/home/jtag/.pico-sdk/sdk/2.0.0/src/rp2_common/pico_divider/divider_hardware.S.obj
 .ARM.attributes
                0x000003f4       0x22 src/CMakeFiles/blink.dir/home/jtag/.pico-sdk/sdk/2.0.0/src/rp2_common/pico_double/double_aeabi_rp2040.S.obj
 .ARM.attributes
                0x00000416       0x2c src/CMakeFiles/blink.dir/home/jtag/.pico-sdk/sdk/2.0.0/src/rp2_common/pico_double/double_init_rom_rp2040.c.obj
 .ARM.attributes
                0x00000442       0x22 src/CMakeFiles/blink.dir/home/jtag/.pico-sdk/sdk/2.0.0/src/rp2_common/pico_double/double_v1_rom_shim_rp2040.S.obj
 .ARM.attributes
                0x00000464       0x22 src/CMakeFiles/blink.dir/home/jtag/.pico-sdk/sdk/2.0.0/src/rp2_common/pico_int64_ops/pico_int64_ops_aeabi.S.obj
 .ARM.attributes
                0x00000486       0x22 src/CMakeFiles/blink.dir/home/jtag/.pico-sdk/sdk/2.0.0/src/rp2_common/pico_float/float_aeabi_rp2040.S.obj
 .ARM.attributes
                0x000004a8       0x2c src/CMakeFiles/blink.dir/home/jtag/.pico-sdk/sdk/2.0.0/src/rp2_common/pico_float/float_init_rom_rp2040.c.obj
 .ARM.attributes
                0x000004d4       0x2c src/CMakeFiles/blink.dir/home/jtag/.pico-sdk/sdk/2.0.0/src/rp2_common/pico_malloc/malloc.c.obj
 .ARM.attributes
                0x00000500       0x22 src/CMakeFiles/blink.dir/home/jtag/.pico-sdk/sdk/2.0.0/src/rp2_common/pico_mem_ops/mem_ops_aeabi.S.obj
 .ARM.attributes
                0x00000522       0x2c src/CMakeFiles/blink.dir/home/jtag/.pico-sdk/sdk/2.0.0/src/rp2_common/pico_standard_binary_info/standard_binary_info.c.obj
 .ARM.attributes
                0x0000054e       0x2c src/CMakeFiles/blink.dir/home/jtag/.pico-sdk/sdk/2.0.0/src/rp2_common/pico_printf/printf.c.obj
 .ARM.attributes
                0x0000057a       0x22 src/CMakeFiles/blink.dir/home/jtag/.pico-sdk/sdk/2.0.0/src/rp2_common/pico_crt0/crt0.S.obj
 .ARM.attributes
                0x0000059c       0x2c src/CMakeFiles/blink.dir/home/jtag/.pico-sdk/sdk/2.0.0/src/rp2_common/pico_clib_interface/newlib_interface.c.obj
 .ARM.attributes
                0x000005c8       0x2c src/CMakeFiles/blink.dir/home/jtag/.pico-sdk/sdk/2.0.0/src/rp2_common/pico_stdio/stdio.c.obj
 .ARM.attributes
                0x000005f4       0x2c src/CMakeFiles/blink.dir/home/jtag/.pico-sdk/sdk/2.0.0/src/rp2_common/pico_unique_id/unique_id.c.obj
 .ARM.attributes
                0x00000620       0x2c src/CMakeFiles/blink.dir/home/jtag/.pico-sdk/sdk/2.0.0/src/rp2_common/hardware_flash/flash.c.obj
 .ARM.attributes
                0x0000064c       0x2c src/CMakeFiles/blink.dir/home/jtag/.pico-sdk/sdk/2.0.0/src/rp2_common/pico_multicore/multicore.c.obj
 .ARM.attributes
                0x00000678       0x2c src/CMakeFiles/blink.dir/__/lib/freertos/portable/MemMang/heap_4.c.obj
 .ARM.attributes
                0x000006a4       0x2c src/CMakeFiles/blink.dir/__/lib/freertos/portable/ThirdParty/GCC/RP2040/port.c.obj
 .ARM.attributes
                0x000006d0       0x2c src/CMakeFiles/blink.dir/__/lib/freertos/event_groups.c.obj
 .ARM.attributes
                0x000006fc       0x2c src/CMakeFiles/blink.dir/__/lib/freertos/list.c.obj
 .ARM.attributes
                0x00000728       0x2c src/CMakeFiles/blink.dir/__/lib/freertos/queue.c.obj
 .ARM.attributes
                0x00000754       0x2c src/CMakeFiles/blink.dir/__/lib/freertos/tasks.c.obj
 .ARM.attributes
                0x00000780       0x2c src/CMakeFiles/blink.dir/__/lib/freertos/timers.c.obj
 .ARM.attributes
                0x000007ac       0x2c src/CMakeFiles/blink.dir/home/jtag/.pico-sdk/sdk/2.0.0/src/rp2_common/hardware_exception/exception.c.obj
 .ARM.attributes
                0x000007d8       0x22 /tmp/ccOKvRBh.o
 .ARM.attributes
                0x000007fa       0x1e /home/jtag/.pico-sdk/toolchain/13_2_Rel1/bin/../lib/gcc/arm-none-eabi/13.2.1/thumb/v6-m/nofp/libgcc.a(_dvmd_tls.o)
 .ARM.attributes
                0x00000818       0x2c /home/jtag/.pico-sdk/toolchain/13_2_Rel1/bin/../lib/gcc/arm-none-eabi/13.2.1/../../../../arm-none-eabi/lib/thumb/v6-m/nofp/libg.a(libc_a-strlen-stub.o)
 .ARM.attributes
                0x00000844       0x2c /home/jtag/.pico-sdk/toolchain/13_2_Rel1/bin/../lib/gcc/arm-none-eabi/13.2.1/thumb/v6-m/nofp/crtend.o

.comment        0x00000000       0x44
 .comment       0x00000000       0x44 src/CMakeFiles/blink.dir/blink.c.obj
                                 0x45 (size before relaxing)
 .comment       0x00000044       0x45 src/CMakeFiles/blink.dir/home/jtag/.pico-sdk/sdk/2.0.0/src/rp2_common/hardware_gpio/gpio.c.obj
 .comment       0x00000044       0x45 src/CMakeFiles/blink.dir/home/jtag/.pico-sdk/sdk/2.0.0/src/rp2_common/pico_platform_panic/panic.c.obj
 .comment       0x00000044       0x45 src/CMakeFiles/blink.dir/home/jtag/.pico-sdk/sdk/2.0.0/src/common/hardware_claim/claim.c.obj
 .comment       0x00000044       0x45 src/CMakeFiles/blink.dir/home/jtag/.pico-sdk/sdk/2.0.0/src/rp2_common/hardware_sync/sync.c.obj
 .comment       0x00000044       0x45 src/CMakeFiles/blink.dir/home/jtag/.pico-sdk/sdk/2.0.0/src/rp2_common/hardware_sync_spin_lock/sync_spin_lock.c.obj
 .comment       0x00000044       0x45 src/CMakeFiles/blink.dir/home/jtag/.pico-sdk/sdk/2.0.0/src/rp2_common/hardware_irq/irq.c.obj
 .comment       0x00000044       0x45 src/CMakeFiles/blink.dir/home/jtag/.pico-sdk/sdk/2.0.0/src/common/pico_sync/lock_core.c.obj
 .comment       0x00000044       0x45 src/CMakeFiles/blink.dir/home/jtag/.pico-sdk/sdk/2.0.0/src/common/pico_sync/mutex.c.obj
 .comment       0x00000044       0x45 src/CMakeFiles/blink.dir/home/jtag/.pico-sdk/sdk/2.0.0/src/common/pico_time/time.c.obj
 .comment       0x00000044       0x45 src/CMakeFiles/blink.dir/home/jtag/.pico-sdk/sdk/2.0.0/src/rp2_common/hardware_timer/timer.c.obj
 .comment       0x00000044       0x45 src/CMakeFiles/blink.dir/home/jtag/.pico-sdk/sdk/2.0.0/src/rp2_common/hardware_clocks/clocks.c.obj
 .comment       0x00000044       0x45 src/CMakeFiles/blink.dir/home/jtag/.pico-sdk/sdk/2.0.0/src/rp2_common/hardware_pll/pll.c.obj
 .comment       0x00000044       0x45 src/CMakeFiles/blink.dir/home/jtag/.pico-sdk/sdk/2.0.0/src/rp2_common/hardware_ticks/ticks.c.obj
 .comment       0x00000044       0x45 src/CMakeFiles/blink.dir/home/jtag/.pico-sdk/sdk/2.0.0/src/rp2_common/hardware_xosc/xosc.c.obj
 .comment       0x00000044       0x45 src/CMakeFiles/blink.dir/home/jtag/.pico-sdk/sdk/2.0.0/src/rp2_common/pico_runtime/runtime.c.obj
 .comment       0x00000044       0x45 src/CMakeFiles/blink.dir/home/jtag/.pico-sdk/sdk/2.0.0/src/rp2_common/pico_runtime_init/runtime_init.c.obj
 .comment       0x00000044       0x45 src/CMakeFiles/blink.dir/home/jtag/.pico-sdk/sdk/2.0.0/src/rp2_common/pico_runtime_init/runtime_init_clocks.c.obj
 .comment       0x00000044       0x45 src/CMakeFiles/blink.dir/home/jtag/.pico-sdk/sdk/2.0.0/src/rp2_common/pico_bootrom/bootrom.c.obj
 .comment       0x00000044       0x45 src/CMakeFiles/blink.dir/home/jtag/.pico-sdk/sdk/2.0.0/src/rp2_common/pico_double/double_init_rom_rp2040.c.obj
 .comment       0x00000044       0x45 src/CMakeFiles/blink.dir/home/jtag/.pico-sdk/sdk/2.0.0/src/rp2_common/pico_float/float_init_rom_rp2040.c.obj
 .comment       0x00000044       0x45 src/CMakeFiles/blink.dir/home/jtag/.pico-sdk/sdk/2.0.0/src/rp2_common/pico_malloc/malloc.c.obj
 .comment       0x00000044       0x45 src/CMakeFiles/blink.dir/home/jtag/.pico-sdk/sdk/2.0.0/src/rp2_common/pico_standard_binary_info/standard_binary_info.c.obj
 .comment       0x00000044       0x45 src/CMakeFiles/blink.dir/home/jtag/.pico-sdk/sdk/2.0.0/src/rp2_common/pico_printf/printf.c.obj
 .comment       0x00000044       0x45 src/CMakeFiles/blink.dir/home/jtag/.pico-sdk/sdk/2.0.0/src/rp2_common/pico_clib_interface/newlib_interface.c.obj
 .comment       0x00000044       0x45 src/CMakeFiles/blink.dir/home/jtag/.pico-sdk/sdk/2.0.0/src/rp2_common/pico_stdio/stdio.c.obj
 .comment       0x00000044       0x45 src/CMakeFiles/blink.dir/home/jtag/.pico-sdk/sdk/2.0.0/src/rp2_common/pico_unique_id/unique_id.c.obj
 .comment       0x00000044       0x45 src/CMakeFiles/blink.dir/home/jtag/.pico-sdk/sdk/2.0.0/src/rp2_common/hardware_flash/flash.c.obj
 .comment       0x00000044       0x45 src/CMakeFiles/blink.dir/home/jtag/.pico-sdk/sdk/2.0.0/src/rp2_common/pico_multicore/multicore.c.obj
 .comment       0x00000044       0x45 src/CMakeFiles/blink.dir/__/lib/freertos/portable/MemMang/heap_4.c.obj
 .comment       0x00000044       0x45 src/CMakeFiles/blink.dir/__/lib/freertos/portable/ThirdParty/GCC/RP2040/port.c.obj
 .comment       0x00000044       0x45 src/CMakeFiles/blink.dir/__/lib/freertos/event_groups.c.obj
 .comment       0x00000044       0x45 src/CMakeFiles/blink.dir/__/lib/freertos/list.c.obj
 .comment       0x00000044       0x45 src/CMakeFiles/blink.dir/__/lib/freertos/queue.c.obj
 .comment       0x00000044       0x45 src/CMakeFiles/blink.dir/__/lib/freertos/tasks.c.obj
 .comment       0x00000044       0x45 src/CMakeFiles/blink.dir/__/lib/freertos/timers.c.obj
 .comment       0x00000044       0x45 src/CMakeFiles/blink.dir/home/jtag/.pico-sdk/sdk/2.0.0/src/rp2_common/hardware_exception/exception.c.obj

.debug_info     0x00000000    0x2934f
 .debug_info    0x00000000      0xb11 src/CMakeFiles/blink.dir/blink.c.obj
 .debug_info    0x00000b11     0x2437 src/CMakeFiles/blink.dir/home/jtag/.pico-sdk/sdk/2.0.0/src/rp2_common/hardware_gpio/gpio.c.obj
 .debug_info    0x00002f48      0x1bf src/CMakeFiles/blink.dir/home/jtag/.pico-sdk/sdk/2.0.0/src/rp2_common/pico_platform_panic/panic.c.obj
 .debug_info    0x00003107      0x995 src/CMakeFiles/blink.dir/home/jtag/.pico-sdk/sdk/2.0.0/src/common/hardware_claim/claim.c.obj
 .debug_info    0x00003a9c      0x458 src/CMakeFiles/blink.dir/home/jtag/.pico-sdk/sdk/2.0.0/src/rp2_common/hardware_sync/sync.c.obj
 .debug_info    0x00003ef4      0x245 src/CMakeFiles/blink.dir/home/jtag/.pico-sdk/sdk/2.0.0/src/rp2_common/hardware_sync_spin_lock/sync_spin_lock.c.obj
 .debug_info    0x00004139     0x21a8 src/CMakeFiles/blink.dir/home/jtag/.pico-sdk/sdk/2.0.0/src/rp2_common/hardware_irq/irq.c.obj
 .debug_info    0x000062e1      0x15f src/CMakeFiles/blink.dir/home/jtag/.pico-sdk/sdk/2.0.0/src/common/pico_sync/lock_core.c.obj
 .debug_info    0x00006440     0x21ed src/CMakeFiles/blink.dir/home/jtag/.pico-sdk/sdk/2.0.0/src/common/pico_sync/mutex.c.obj
 .debug_info    0x0000862d     0x486d src/CMakeFiles/blink.dir/home/jtag/.pico-sdk/sdk/2.0.0/src/common/pico_time/time.c.obj
 .debug_info    0x0000ce9a     0x2af8 src/CMakeFiles/blink.dir/home/jtag/.pico-sdk/sdk/2.0.0/src/rp2_common/hardware_timer/timer.c.obj
 .debug_info    0x0000f992     0x291d src/CMakeFiles/blink.dir/home/jtag/.pico-sdk/sdk/2.0.0/src/rp2_common/hardware_clocks/clocks.c.obj
 .debug_info    0x000122af      0x4e5 src/CMakeFiles/blink.dir/home/jtag/.pico-sdk/sdk/2.0.0/src/rp2_common/hardware_pll/pll.c.obj
 .debug_info    0x00012794      0x248 src/CMakeFiles/blink.dir/home/jtag/.pico-sdk/sdk/2.0.0/src/rp2_common/hardware_ticks/ticks.c.obj
 .debug_info    0x000129dc      0x1cc src/CMakeFiles/blink.dir/home/jtag/.pico-sdk/sdk/2.0.0/src/rp2_common/hardware_xosc/xosc.c.obj
 .debug_info    0x00012ba8      0x21a src/CMakeFiles/blink.dir/home/jtag/.pico-sdk/sdk/2.0.0/src/rp2_common/pico_runtime/runtime.c.obj
 .debug_info    0x00012dc2      0x795 src/CMakeFiles/blink.dir/home/jtag/.pico-sdk/sdk/2.0.0/src/rp2_common/pico_runtime_init/runtime_init.c.obj
 .debug_info    0x00013557      0x780 src/CMakeFiles/blink.dir/home/jtag/.pico-sdk/sdk/2.0.0/src/rp2_common/pico_runtime_init/runtime_init_clocks.c.obj
 .debug_info    0x00013cd7       0x23 src/CMakeFiles/blink.dir/home/jtag/.pico-sdk/sdk/2.0.0/src/rp2_common/pico_bit_ops/bit_ops_aeabi.S.obj
 .debug_info    0x00013cfa      0x50f src/CMakeFiles/blink.dir/home/jtag/.pico-sdk/sdk/2.0.0/src/rp2_common/pico_bootrom/bootrom.c.obj
 .debug_info    0x00014209       0x23 src/CMakeFiles/blink.dir/home/jtag/.pico-sdk/sdk/2.0.0/src/rp2_common/pico_divider/divider_hardware.S.obj
 .debug_info    0x0001422c       0x23 src/CMakeFiles/blink.dir/home/jtag/.pico-sdk/sdk/2.0.0/src/rp2_common/pico_double/double_aeabi_rp2040.S.obj
 .debug_info    0x0001424f      0x2c9 src/CMakeFiles/blink.dir/home/jtag/.pico-sdk/sdk/2.0.0/src/rp2_common/pico_double/double_init_rom_rp2040.c.obj
 .debug_info    0x00014518       0x24 src/CMakeFiles/blink.dir/home/jtag/.pico-sdk/sdk/2.0.0/src/rp2_common/pico_double/double_v1_rom_shim_rp2040.S.obj
 .debug_info    0x0001453c       0x24 src/CMakeFiles/blink.dir/home/jtag/.pico-sdk/sdk/2.0.0/src/rp2_common/pico_int64_ops/pico_int64_ops_aeabi.S.obj
 .debug_info    0x00014560       0x23 src/CMakeFiles/blink.dir/home/jtag/.pico-sdk/sdk/2.0.0/src/rp2_common/pico_float/float_aeabi_rp2040.S.obj
 .debug_info    0x00014583      0x2b5 src/CMakeFiles/blink.dir/home/jtag/.pico-sdk/sdk/2.0.0/src/rp2_common/pico_float/float_init_rom_rp2040.c.obj
 .debug_info    0x00014838      0x601 src/CMakeFiles/blink.dir/home/jtag/.pico-sdk/sdk/2.0.0/src/rp2_common/pico_malloc/malloc.c.obj
 .debug_info    0x00014e39       0x23 src/CMakeFiles/blink.dir/home/jtag/.pico-sdk/sdk/2.0.0/src/rp2_common/pico_mem_ops/mem_ops_aeabi.S.obj
 .debug_info    0x00014e5c      0x2b8 src/CMakeFiles/blink.dir/home/jtag/.pico-sdk/sdk/2.0.0/src/rp2_common/pico_standard_binary_info/standard_binary_info.c.obj
 .debug_info    0x00015114     0x211a src/CMakeFiles/blink.dir/home/jtag/.pico-sdk/sdk/2.0.0/src/rp2_common/pico_printf/printf.c.obj
 .debug_info    0x0001722e       0x23 src/CMakeFiles/blink.dir/home/jtag/.pico-sdk/sdk/2.0.0/src/rp2_common/pico_crt0/crt0.S.obj
 .debug_info    0x00017251      0xbad src/CMakeFiles/blink.dir/home/jtag/.pico-sdk/sdk/2.0.0/src/rp2_common/pico_clib_interface/newlib_interface.c.obj
 .debug_info    0x00017dfe     0x1bab src/CMakeFiles/blink.dir/home/jtag/.pico-sdk/sdk/2.0.0/src/rp2_common/pico_stdio/stdio.c.obj
 .debug_info    0x000199a9      0x1fa src/CMakeFiles/blink.dir/home/jtag/.pico-sdk/sdk/2.0.0/src/rp2_common/pico_unique_id/unique_id.c.obj
 .debug_info    0x00019ba3     0x12e9 src/CMakeFiles/blink.dir/home/jtag/.pico-sdk/sdk/2.0.0/src/rp2_common/hardware_flash/flash.c.obj
 .debug_info    0x0001ae8c     0x1f25 src/CMakeFiles/blink.dir/home/jtag/.pico-sdk/sdk/2.0.0/src/rp2_common/pico_multicore/multicore.c.obj
 .debug_info    0x0001cdb1      0x620 src/CMakeFiles/blink.dir/__/lib/freertos/portable/MemMang/heap_4.c.obj