Archive member included to satisfy reference by file (symbol)

/home/jtag/.pico-sdk/toolchain/13_2_Rel1/bin/../lib/gcc/arm-none-eabi/13.2.1/thumb/v6-m/nofp/libgcc.a(_dvmd_tls.o)
                              src/CMakeFiles/dormant.dir/home/jtag/.pico-sdk/sdk/2.0.0/src/rp2_common/pico_divider/divider_hardware.S.obj (__aeabi_idiv0)
/home/jtag/.pico-sdk/toolchain/13_2_Rel1/bin/../lib/gcc/arm-none-eabi/13.2.1/../../../../arm-none-eabi/lib/thumb/v6-m/nofp/libg.a(libc_a-strncmp.o)
                              src/CMakeFiles/dormant.dir/home/jtag/.pico-sdk/sdk/2.0.0/lib/cyw43-driver/src/cyw43_ll.c.obj (strncmp)
/home/jtag/.pico-sdk/toolchain/13_2_Rel1/bin/../lib/gcc/arm-none-eabi/13.2.1/../../../../arm-none-eabi/lib/thumb/v6-m/nofp/libg.a(libc_a-lcltime_r.o)
                              src/CMakeFiles/dormant.dir/home/jtag/.pico-sdk/sdk/2.0.0/src/common/pico_util/datetime.c.obj (localtime_r)
/home/jtag/.pico-sdk/toolchain/13_2_Rel1/bin/../lib/gcc/arm-none-eabi/13.2.1/../../../../arm-none-eabi/lib/thumb/v6-m/nofp/libg.a(libc_a-mktime.o)
                              src/CMakeFiles/dormant.dir/home/jtag/.pico-sdk/sdk/2.0.0/src/common/pico_util/datetime.c.obj (mktime)
/home/jtag/.pico-sdk/toolchain/13_2_Rel1/bin/../lib/gcc/arm-none-eabi/13.2.1/../../../../arm-none-eabi/lib/thumb/v6-m/nofp/libg.a(libc_a-month_lengths.o)
                              /home/jtag/.pico-sdk/toolchain/13_2_Rel1/bin/../lib/gcc/arm-none-eabi/13.2.1/../../../../arm-none-eabi/lib/thumb/v6-m/nofp/libg.a(libc_a-lcltime_r.o) (__month_lengths)
/home/jtag/.pico-sdk/toolchain/13_2_Rel1/bin/../lib/gcc/arm-none-eabi/13.2.1/../../../../arm-none-eabi/lib/thumb/v6-m/nofp/libg.a(libc_a-tzcalc_limits.o)
                              /home/jtag/.pico-sdk/toolchain/13_2_Rel1/bin/../lib/gcc/arm-none-eabi/13.2.1/../../../../arm-none-eabi/lib/thumb/v6-m/nofp/libg.a(libc_a-lcltime_r.o) (__tzcalc_limits)
/home/jtag/.pico-sdk/toolchain/13_2_Rel1/bin/../lib/gcc/arm-none-eabi/13.2.1/../../../../arm-none-eabi/lib/thumb/v6-m/nofp/libg.a(libc_a-tzlock.o)
                              /home/jtag/.pico-sdk/toolchain/13_2_Rel1/bin/../lib/gcc/arm-none-eabi/13.2.1/../../../../arm-none-eabi/lib/thumb/v6-m/nofp/libg.a(libc_a-lcltime_r.o) (__tz_lock)
/home/jtag/.pico-sdk/toolchain/13_2_Rel1/bin/../lib/gcc/arm-none-eabi/13.2.1/../../../../arm-none-eabi/lib/thumb/v6-m/nofp/libg.a(libc_a-malloc.o)
                              src/CMakeFiles/dormant.dir/home/jtag/.pico-sdk/sdk/2.0.0/src/rp2_common/pico_malloc/malloc.c.obj (malloc)
/home/jtag/.pico-sdk/toolchain/13_2_Rel1/bin/../lib/gcc/arm-none-eabi/13.2.1/../../../../arm-none-eabi/lib/thumb/v6-m/nofp/libg.a(libc_a-mallocr.o)
                              /home/jtag/.pico-sdk/toolchain/13_2_Rel1/bin/../lib/gcc/arm-none-eabi/13.2.1/../../../../arm-none-eabi/lib/thumb/v6-m/nofp/libg.a(libc_a-malloc.o) (_malloc_r)
/home/jtag/.pico-sdk/toolchain/13_2_Rel1/bin/../lib/gcc/arm-none-eabi/13.2.1/../../../../arm-none-eabi/lib/thumb/v6-m/nofp/libg.a(libc_a-memcmp.o)
                              src/CMakeFiles/dormant.dir/home/jtag/.pico-sdk/sdk/2.0.0/src/rp2_common/pico_atomic/atomic.c.obj (memcmp)
/home/jtag/.pico-sdk/toolchain/13_2_Rel1/bin/../lib/gcc/arm-none-eabi/13.2.1/../../../../arm-none-eabi/lib/thumb/v6-m/nofp/libg.a(libc_a-memmove.o)
                              src/CMakeFiles/dormant.dir/home/jtag/.pico-sdk/sdk/2.0.0/lib/cyw43-driver/src/cyw43_ll.c.obj (memmove)
/home/jtag/.pico-sdk/toolchain/13_2_Rel1/bin/../lib/gcc/arm-none-eabi/13.2.1/../../../../arm-none-eabi/lib/thumb/v6-m/nofp/libg.a(libc_a-tzset.o)
                              /home/jtag/.pico-sdk/toolchain/13_2_Rel1/bin/../lib/gcc/arm-none-eabi/13.2.1/../../../../arm-none-eabi/lib/thumb/v6-m/nofp/libg.a(libc_a-lcltime_r.o) (_tzset_unlocked)
/home/jtag/.pico-sdk/toolchain/13_2_Rel1/bin/../lib/gcc/arm-none-eabi/13.2.1/../../../../arm-none-eabi/lib/thumb/v6-m/nofp/libg.a(libc_a-tzset_r.o)
                              /home/jtag/.pico-sdk/toolchain/13_2_Rel1/bin/../lib/gcc/arm-none-eabi/13.2.1/../../../../arm-none-eabi/lib/thumb/v6-m/nofp/libg.a(libc_a-tzset.o) (_tzset_unlocked_r)
/home/jtag/.pico-sdk/toolchain/13_2_Rel1/bin/../lib/gcc/arm-none-eabi/13.2.1/../../../../arm-none-eabi/lib/thumb/v6-m/nofp/libg.a(libc_a-init.o)
                              /home/jtag/.pico-sdk/toolchain/13_2_Rel1/bin/../lib/gcc/arm-none-eabi/13.2.1/../../../../arm-none-eabi/lib/thumb/v6-m/nofp/crt0.o (__libc_init_array)
/home/jtag/.pico-sdk/toolchain/13_2_Rel1/bin/../lib/gcc/arm-none-eabi/13.2.1/../../../../arm-none-eabi/lib/thumb/v6-m/nofp/libg.a(libc_a-tzvars.o)
                              /home/jtag/.pico-sdk/toolchain/13_2_Rel1/bin/../lib/gcc/arm-none-eabi/13.2.1/../../../../arm-none-eabi/lib/thumb/v6-m/nofp/libg.a(libc_a-tzset_r.o) (_timezone)
/home/jtag/.pico-sdk/toolchain/13_2_Rel1/bin/../lib/gcc/arm-none-eabi/13.2.1/../../../../arm-none-eabi/lib/thumb/v6-m/nofp/libg.a(libc_a-lock.o)
[...]
Memory Configuration

Name             Origin             Length             Attributes
FLASH            0x10000000         0x00200000         xr
RAM              0x20000000         0x00040000         xrw
SCRATCH_X        0x20040000         0x00001000         xrw
SCRATCH_Y        0x20041000         0x00001000         xrw
*default*        0x00000000         0xffffffff

Linker script and memory map

LOAD /home/jtag/.pico-sdk/toolchain/13_2_Rel1/bin/../lib/gcc/arm-none-eabi/13.2.1/thumb/v6-m/nofp/crti.o
LOAD /home/jtag/.pico-sdk/toolchain/13_2_Rel1/bin/../lib/gcc/arm-none-eabi/13.2.1/thumb/v6-m/nofp/crtbegin.o
LOAD /home/jtag/.pico-sdk/toolchain/13_2_Rel1/bin/../lib/gcc/arm-none-eabi/13.2.1/../../../../arm-none-eabi/lib/thumb/v6-m/nofp/crt0.o

.flash_begin    0x10000000        0x0
                0x10000000                        __flash_binary_start = .

.boot2          0x10000000      0x100
                0x10000000                        __boot2_start__ = .
 *(.boot2)
 .boot2         0x10000000      0x100 /tmp/ccoY0HKG.o
                0x10000100                        __boot2_end__ = .
                0x00000001                        ASSERT (((__boot2_end__ - __boot2_start__) == 0x100), ERROR: Pico second stage bootloader must be 256 bytes in size)

.text           0x10000100     0x7860
                0x10000100                        __logical_binary_start = .
 *(.vectors)
 .vectors       0x10000100       0xd4 src/CMakeFiles/dormant.dir/home/jtag/.pico-sdk/sdk/2.0.0/src/rp2_common/pico_crt0/crt0.S.obj
                0x10000100                __vectors
                0x10000100                __VECTOR_TABLE
                0x100001c0                isr_invalid
                0x100001c0                __default_isrs_start
                0x100001c2                isr_nmi
                0x100001c4                isr_hardfault
                0x100001c6                isr_svcall
                0x100001c8                isr_pendsv
                0x100001ca                isr_systick
                0x100001cc                isr_irq30
                0x100001cc                __unhandled_user_irq
                0x100001cc                isr_irq13
                0x100001cc                isr_irq27
                0x100001cc                isr_irq31
                0x100001cc                isr_irq5
                0x100001cc                isr_irq11
                0x100001cc                isr_irq23
                0x100001cc                isr_irq18
                0x100001cc                isr_irq28
                0x100001cc                isr_irq19
                0x100001cc                isr_irq0
                0x100001cc                isr_irq6
                0x100001cc                isr_irq22
                0x100001cc                isr_irq17
                0x100001cc                isr_irq14
                0x100001cc                isr_irq2
                0x100001cc                isr_irq10
                0x100001cc                isr_irq8
                0x100001cc                isr_irq24
                0x100001cc                isr_irq1
                0x100001cc                isr_irq7
                0x100001cc                isr_irq21
                0x100001cc                isr_irq20
                0x100001cc                isr_irq15
                0x100001cc                isr_irq25
                0x100001cc                isr_irq4
                0x100001cc                isr_irq16
                0x100001cc                isr_irq29
                0x100001cc                isr_irq26
                0x100001cc                __default_isrs_end
                0x100001cc                isr_irq3
                0x100001cc                isr_irq12
                0x100001cc                isr_irq9
                0x100001d2                unhandled_user_irq_num_in_r0
 *(.binary_info_header)
 .binary_info_header
                0x100001d4       0x14 src/CMakeFiles/dormant.dir/home/jtag/.pico-sdk/sdk/2.0.0/src/rp2_common/pico_crt0/crt0.S.obj
                0x100001e8                        __binary_info_header_end = .
 *(.embedded_block)
                0x100001e8                        __embedded_block_end = .
 *(.reset)
 .reset         0x100001e8       0x9c src/CMakeFiles/dormant.dir/home/jtag/.pico-sdk/sdk/2.0.0/src/rp2_common/pico_crt0/crt0.S.obj
                0x100001e8                _entry_point
 *(.init)
 .init          0x10000284        0x4 /home/jtag/.pico-sdk/toolchain/13_2_Rel1/bin/../lib/gcc/arm-none-eabi/13.2.1/thumb/v6-m/nofp/crti.o
                0x10000284                _init
 *(EXCLUDE_FILE(*libm.a: *libc.a:*lib_a-mem*.o *libgcc.a:) .text*)
 .text.register_tm_clones
                0x10000288       0x28 /home/jtag/.pico-sdk/toolchain/13_2_Rel1/bin/../lib/gcc/arm-none-eabi/13.2.1/thumb/v6-m/nofp/crtbegin.o
 .text.frame_dummy
                0x100002b0       0x24 /home/jtag/.pico-sdk/toolchain/13_2_Rel1/bin/../lib/gcc/arm-none-eabi/13.2.1/thumb/v6-m/nofp/crtbegin.o
 .text.main     0x100002d4       0x74 src/CMakeFiles/dormant.dir/dormant_demo.c.obj
                0x100002d4                main
 .text.setup_default_uart
                0x10000348       0x2c src/CMakeFiles/dormant.dir/home/jtag/.pico-sdk/sdk/2.0.0/src/rp2_common/pico_stdlib/stdlib.c.obj
                0x10000348                setup_default_uart
 .text.gpio_set_function
                0x10000374       0x34 src/CMakeFiles/dormant.dir/home/jtag/.pico-sdk/sdk/2.0.0/src/rp2_common/hardware_gpio/gpio.c.obj
                0x10000374                gpio_set_function
 .text.gpio_acknowledge_irq
                0x100003a8       0x18 src/CMakeFiles/dormant.dir/home/jtag/.pico-sdk/sdk/2.0.0/src/rp2_common/hardware_gpio/gpio.c.obj
                0x100003a8                gpio_acknowledge_irq
 .text._gpio_set_irq_enabled
                0x100003c0       0x38 src/CMakeFiles/dormant.dir/home/jtag/.pico-sdk/sdk/2.0.0/src/rp2_common/hardware_gpio/gpio.c.obj
 .text.gpio_set_dormant_irq_enabled
                0x100003f8       0x10 src/CMakeFiles/dormant.dir/home/jtag/.pico-sdk/sdk/2.0.0/src/rp2_common/hardware_gpio/gpio.c.obj
                0x100003f8                gpio_set_dormant_irq_enabled
 .text.gpio_set_input_enabled
                0x10000408       0x28 src/CMakeFiles/dormant.dir/home/jtag/.pico-sdk/sdk/2.0.0/src/rp2_common/hardware_gpio/gpio.c.obj
                0x10000408                gpio_set_input_enabled
 .text.gpio_init
                0x10000430       0x16 src/CMakeFiles/dormant.dir/home/jtag/.pico-sdk/sdk/2.0.0/src/rp2_common/hardware_gpio/gpio.c.obj
                0x10000430                gpio_init
 *fill*         0x10000446        0x2 
 .text.rp2040_chip_version
                0x10000448       0x54 src/CMakeFiles/dormant.dir/home/jtag/.pico-sdk/sdk/2.0.0/src/rp2040/pico_platform/platform.c.obj
                0x10000448                rp2040_chip_version
 .text.panic    0x1000049c       0x30 src/CMakeFiles/dormant.dir/home/jtag/.pico-sdk/sdk/2.0.0/src/rp2_common/pico_platform_panic/panic.c.obj
                0x1000049c                panic
 .text.hw_claim_lock
                0x100004cc       0x18 src/CMakeFiles/dormant.dir/home/jtag/.pico-sdk/sdk/2.0.0/src/common/hardware_claim/claim.c.obj
                0x100004cc                hw_claim_lock
 .text.hw_claim_unlock
                0x100004e4       0x14 src/CMakeFiles/dormant.dir/home/jtag/.pico-sdk/sdk/2.0.0/src/common/hardware_claim/claim.c.obj
                0x100004e4                hw_claim_unlock
 .text.hw_claim_or_assert
                0x100004f8       0x32 src/CMakeFiles/dormant.dir/home/jtag/.pico-sdk/sdk/2.0.0/src/common/hardware_claim/claim.c.obj
                0x100004f8                hw_claim_or_assert
 .text.hw_claim_unused_from_range
                0x1000052a       0x50 src/CMakeFiles/dormant.dir/home/jtag/.pico-sdk/sdk/2.0.0/src/common/hardware_claim/claim.c.obj
                0x1000052a                hw_claim_unused_from_range
 *fill*         0x1000057a        0x2 
 .text.next_striped_spin_lock_num
                0x1000057c       0x1c src/CMakeFiles/dormant.dir/home/jtag/.pico-sdk/sdk/2.0.0/src/rp2_common/hardware_sync/sync.c.obj
                0x1000057c                next_striped_spin_lock_num
 .text.spin_lock_claim_unused
                0x10000598       0x24 src/CMakeFiles/dormant.dir/home/jtag/.pico-sdk/sdk/2.0.0/src/rp2_common/hardware_sync/sync.c.obj
                0x10000598                spin_lock_claim_unused
 .text.spin_locks_reset
                0x100005bc       0x20 src/CMakeFiles/dormant.dir/home/jtag/.pico-sdk/sdk/2.0.0/src/rp2_common/hardware_sync_spin_lock/sync_spin_lock.c.obj
                0x100005bc                spin_locks_reset
 .text.set_raw_irq_handler_and_unlock
                0x100005dc       0x28 src/CMakeFiles/dormant.dir/home/jtag/.pico-sdk/sdk/2.0.0/src/rp2_common/hardware_irq/irq.c.obj
 .text.nvic_ipr0
                0x10000604        0x8 src/CMakeFiles/dormant.dir/home/jtag/.pico-sdk/sdk/2.0.0/src/rp2_common/hardware_irq/irq.c.obj
 .text.runtime_init_per_core_irq_priorities
                0x1000060c       0x1c src/CMakeFiles/dormant.dir/home/jtag/.pico-sdk/sdk/2.0.0/src/rp2_common/hardware_irq/irq.c.obj
                0x1000060c                runtime_init_per_core_irq_priorities
 .text.resolve_j_16
                0x10000628       0x30 src/CMakeFiles/dormant.dir/home/jtag/.pico-sdk/sdk/2.0.0/src/rp2_common/hardware_irq/irq.c.obj
 .text.make_j_16
                0x10000658       0x48 src/CMakeFiles/dormant.dir/home/jtag/.pico-sdk/sdk/2.0.0/src/rp2_common/hardware_irq/irq.c.obj
 .text.irq_is_enabled
                0x100006a0       0x18 src/CMakeFiles/dormant.dir/home/jtag/.pico-sdk/sdk/2.0.0/src/rp2_common/hardware_irq/irq.c.obj
                0x100006a0                irq_is_enabled
 .text.irq_set_mask_n_enabled
                0x100006b8       0x1c src/CMakeFiles/dormant.dir/home/jtag/.pico-sdk/sdk/2.0.0/src/rp2_common/hardware_irq/irq.c.obj
                0x100006b8                irq_set_mask_n_enabled
 .text.irq_set_enabled
                0x100006d4       0x14 src/CMakeFiles/dormant.dir/home/jtag/.pico-sdk/sdk/2.0.0/src/rp2_common/hardware_irq/irq.c.obj
                0x100006d4                irq_set_enabled
 .text.irq_set_pending
                0x100006e8       0x10 src/CMakeFiles/dormant.dir/home/jtag/.pico-sdk/sdk/2.0.0/src/rp2_common/hardware_irq/irq.c.obj
                0x100006e8                irq_set_pending
 .text.irq_get_vtable_handler
                0x100006f8       0x10 src/CMakeFiles/dormant.dir/home/jtag/.pico-sdk/sdk/2.0.0/src/rp2_common/hardware_irq/irq.c.obj
                0x100006f8                irq_get_vtable_handler
 .text.irq_has_shared_handler
                0x10000708       0x24 src/CMakeFiles/dormant.dir/home/jtag/.pico-sdk/sdk/2.0.0/src/rp2_common/hardware_irq/irq.c.obj
                0x10000708                irq_has_shared_handler
 .text.irq_set_exclusive_handler
                0x1000072c       0x54 src/CMakeFiles/dormant.dir/home/jtag/.pico-sdk/sdk/2.0.0/src/rp2_common/hardware_irq/irq.c.obj
                0x1000072c                irq_set_exclusive_handler
 .text.irq_add_shared_handler
                0x10000780      0x218 src/CMakeFiles/dormant.dir/home/jtag/.pico-sdk/sdk/2.0.0/src/rp2_common/hardware_irq/irq.c.obj
                0x10000780                irq_add_shared_handler
 .text.irq_add_tail_to_free_list
                0x10000998       0xf4 src/CMakeFiles/dormant.dir/home/jtag/.pico-sdk/sdk/2.0.0/src/rp2_common/hardware_irq/irq.c.obj
                0x10000998                irq_add_tail_to_free_list
 .text.user_irq_claim_unused
                0x10000a8c       0x2c src/CMakeFiles/dormant.dir/home/jtag/.pico-sdk/sdk/2.0.0/src/rp2_common/hardware_irq/irq.c.obj
                0x10000a8c                user_irq_claim_unused
 .text.lock_init
                0x10000ab8       0x10 src/CMakeFiles/dormant.dir/home/jtag/.pico-sdk/sdk/2.0.0/src/common/pico_sync/lock_core.c.obj
                0x10000ab8                lock_init
 .text.mutex_init
                0x10000ac8       0x1c src/CMakeFiles/dormant.dir/home/jtag/.pico-sdk/sdk/2.0.0/src/common/pico_sync/mutex.c.obj
                0x10000ac8                mutex_init
 .text.recursive_mutex_init
                0x10000ae4       0x20 src/CMakeFiles/dormant.dir/home/jtag/.pico-sdk/sdk/2.0.0/src/common/pico_sync/mutex.c.obj
                0x10000ae4                recursive_mutex_init
 .text.runtime_init_mutex
                0x10000b04       0x4c src/CMakeFiles/dormant.dir/home/jtag/.pico-sdk/sdk/2.0.0/src/common/pico_sync/mutex.c.obj
                0x10000b04                runtime_init_mutex
 .text.critical_section_init_with_lock_num
                0x10000b50       0x14 src/CMakeFiles/dormant.dir/home/jtag/.pico-sdk/sdk/2.0.0/src/common/pico_sync/critical_section.c.obj
                0x10000b50                critical_section_init_with_lock_num
 .text.critical_section_init
                0x10000b64       0x14 src/CMakeFiles/dormant.dir/home/jtag/.pico-sdk/sdk/2.0.0/src/common/pico_sync/critical_section.c.obj
                0x10000b64                critical_section_init
 .text.make_alarm_id
                0x10000b78        0x6 src/CMakeFiles/dormant.dir/home/jtag/.pico-sdk/sdk/2.0.0/src/common/pico_time/time.c.obj
 *fill*         0x10000b7e        0x2 
 .text.alarm_pool_irq_handler
                0x10000b80      0x2e0 src/CMakeFiles/dormant.dir/home/jtag/.pico-sdk/sdk/2.0.0/src/common/pico_time/time.c.obj
 .text.ta_enable_irq_handler
                0x10000e60       0x2c src/CMakeFiles/dormant.dir/home/jtag/.pico-sdk/sdk/2.0.0/src/common/pico_time/time.c.obj
 .text.alarm_pool_post_alloc_init
                0x10000e8c       0x78 src/CMakeFiles/dormant.dir/home/jtag/.pico-sdk/sdk/2.0.0/src/common/pico_time/time.c.obj
 .text.sleep_until_callback
                0x10000f04       0x28 src/CMakeFiles/dormant.dir/home/jtag/.pico-sdk/sdk/2.0.0/src/common/pico_time/time.c.obj
 .text.alarm_pool_get_default
                0x10000f2c       0x2c src/CMakeFiles/dormant.dir/home/jtag/.pico-sdk/sdk/2.0.0/src/common/pico_time/time.c.obj
                0x10000f2c                alarm_pool_get_default
 .text.alarm_pool_add_alarm_at_force_in_context
                0x10000f58       0xa4 src/CMakeFiles/dormant.dir/home/jtag/.pico-sdk/sdk/2.0.0/src/common/pico_time/time.c.obj
                0x10000f58                alarm_pool_add_alarm_at_force_in_context
 .text.alarm_pool_add_alarm_at
                0x10000ffc       0x3c src/CMakeFiles/dormant.dir/home/jtag/.pico-sdk/sdk/2.0.0/src/common/pico_time/time.c.obj
                0x10000ffc                alarm_pool_add_alarm_at
 .text.add_alarm_at
                0x10001038       0x2e src/CMakeFiles/dormant.dir/home/jtag/.pico-sdk/sdk/2.0.0/src/common/pico_time/time.c.obj
 *fill*         0x10001066        0x2 
 .text.alarm_pool_cancel_alarm
                0x10001068       0x78 src/CMakeFiles/dormant.dir/home/jtag/.pico-sdk/sdk/2.0.0/src/common/pico_time/time.c.obj
                0x10001068                alarm_pool_cancel_alarm
 .text.cancel_alarm
                0x100010e0       0x10 src/CMakeFiles/dormant.dir/home/jtag/.pico-sdk/sdk/2.0.0/src/common/pico_time/time.c.obj
 .text.alarm_pool_core_num
                0x100010f0        0x4 src/CMakeFiles/dormant.dir/home/jtag/.pico-sdk/sdk/2.0.0/src/common/pico_time/time.c.obj
                0x100010f0                alarm_pool_core_num
 .text.sleep_until
                0x100010f4       0xb4 src/CMakeFiles/dormant.dir/home/jtag/.pico-sdk/sdk/2.0.0/src/common/pico_time/time.c.obj
                0x100010f4                sleep_until
 .text.sleep_us
                0x100011a8       0x24 src/CMakeFiles/dormant.dir/home/jtag/.pico-sdk/sdk/2.0.0/src/common/pico_time/time.c.obj
                0x100011a8                sleep_us
 .text.sleep_ms
                0x100011cc       0x14 src/CMakeFiles/dormant.dir/home/jtag/.pico-sdk/sdk/2.0.0/src/common/pico_time/time.c.obj
                0x100011cc                sleep_ms
 .text.best_effort_wfe_or_timeout
                0x100011e0       0xc4 src/CMakeFiles/dormant.dir/home/jtag/.pico-sdk/sdk/2.0.0/src/common/pico_time/time.c.obj
                0x100011e0                best_effort_wfe_or_timeout
 .text.alarm_pool_get_default_timer
                0x100012a4        0x8 src/CMakeFiles/dormant.dir/home/jtag/.pico-sdk/sdk/2.0.0/src/common/pico_time/time.c.obj
                0x100012a4                alarm_pool_get_default_timer
 .text.runtime_init_default_alarm_pool
                0x100012ac       0x38 src/CMakeFiles/dormant.dir/home/jtag/.pico-sdk/sdk/2.0.0/src/common/pico_time/time.c.obj
                0x100012ac                runtime_init_default_alarm_pool
 .text.timer_hardware_alarm_claim
                0x100012e4       0x14 src/CMakeFiles/dormant.dir/home/jtag/.pico-sdk/sdk/2.0.0/src/rp2_common/hardware_timer/timer.c.obj
                0x100012e4                timer_hardware_alarm_claim
 .text.timer_time_us_64
                0x100012f8       0x10 src/CMakeFiles/dormant.dir/home/jtag/.pico-sdk/sdk/2.0.0/src/rp2_common/hardware_timer/timer.c.obj
                0x100012f8                timer_time_us_64
 .text.timer_busy_wait_until
                0x10001308       0x1a src/CMakeFiles/dormant.dir/home/jtag/.pico-sdk/sdk/2.0.0/src/rp2_common/hardware_timer/timer.c.obj
                0x10001308                timer_busy_wait_until
 .text.timer_busy_wait_us
                0x10001322       0x38 src/CMakeFiles/dormant.dir/home/jtag/.pico-sdk/sdk/2.0.0/src/rp2_common/hardware_timer/timer.c.obj
                0x10001322                timer_busy_wait_us
 *fill*         0x1000135a        0x2 
 .text.time_us_64
                0x1000135c       0x10 src/CMakeFiles/dormant.dir/home/jtag/.pico-sdk/sdk/2.0.0/src/rp2_common/hardware_timer/timer.c.obj
                0x1000135c                time_us_64
 .text.busy_wait_us
                0x1000136c       0x14 src/CMakeFiles/dormant.dir/home/jtag/.pico-sdk/sdk/2.0.0/src/rp2_common/hardware_timer/timer.c.obj
                0x1000136c                busy_wait_us
 .text.busy_wait_until
                0x10001380       0x14 src/CMakeFiles/dormant.dir/home/jtag/.pico-sdk/sdk/2.0.0/src/rp2_common/hardware_timer/timer.c.obj
                0x10001380                busy_wait_until
 .text.uart_unreset
                0x10001394       0x2c src/CMakeFiles/dormant.dir/home/jtag/.pico-sdk/sdk/2.0.0/src/rp2_common/hardware_uart/uart.c.obj
 .text.uart_disable_before_lcr_write
                0x100013c0       0x48 src/CMakeFiles/dormant.dir/home/jtag/.pico-sdk/sdk/2.0.0/src/rp2_common/hardware_uart/uart.c.obj
 .text.uart_write_lcr_bits_masked
                0x10001408       0x20 src/CMakeFiles/dormant.dir/home/jtag/.pico-sdk/sdk/2.0.0/src/rp2_common/hardware_uart/uart.c.obj
 .text.uart_set_baudrate
                0x10001428       0x5c src/CMakeFiles/dormant.dir/home/jtag/.pico-sdk/sdk/2.0.0/src/rp2_common/hardware_uart/uart.c.obj
                0x10001428                uart_set_baudrate
 .text.uart_set_translate_crlf
                0x10001484       0x28 src/CMakeFiles/dormant.dir/home/jtag/.pico-sdk/sdk/2.0.0/src/rp2_common/hardware_uart/uart.c.obj
                0x10001484                uart_set_translate_crlf
 .text.uart_init
                0x100014ac       0x64 src/CMakeFiles/dormant.dir/home/jtag/.pico-sdk/sdk/2.0.0/src/rp2_common/hardware_uart/uart.c.obj
                0x100014ac                uart_init
 .text.clock_configure_internal
                0x10001510       0xc4 src/CMakeFiles/dormant.dir/home/jtag/.pico-sdk/sdk/2.0.0/src/rp2_common/hardware_clocks/clocks.c.obj
 .text.clock_stop
                0x100015d4       0x24 src/CMakeFiles/dormant.dir/home/jtag/.pico-sdk/sdk/2.0.0/src/rp2_common/hardware_clocks/clocks.c.obj
                0x100015d4                clock_stop
 .text.clock_configure
                0x100015f8       0x68 src/CMakeFiles/dormant.dir/home/jtag/.pico-sdk/sdk/2.0.0/src/rp2_common/hardware_clocks/clocks.c.obj
                0x100015f8                clock_configure
 .text.clock_configure_int_divider
                0x10001660       0x28 src/CMakeFiles/dormant.dir/home/jtag/.pico-sdk/sdk/2.0.0/src/rp2_common/hardware_clocks/clocks.c.obj
                0x10001660                clock_configure_int_divider
 .text.clock_configure_undivided
                0x10001688       0x12 src/CMakeFiles/dormant.dir/home/jtag/.pico-sdk/sdk/2.0.0/src/rp2_common/hardware_clocks/clocks.c.obj
                0x10001688                clock_configure_undivided
 *fill*         0x1000169a        0x2 
 .text.clock_get_hz
                0x1000169c        0xc src/CMakeFiles/dormant.dir/home/jtag/.pico-sdk/sdk/2.0.0/src/rp2_common/hardware_clocks/clocks.c.obj
                0x1000169c                clock_get_hz
 .text.pll_init
                0x100016a8      0x124 src/CMakeFiles/dormant.dir/home/jtag/.pico-sdk/sdk/2.0.0/src/rp2_common/hardware_pll/pll.c.obj
                0x100016a8                pll_init
 .text.pll_deinit
                0x100017cc        0x6 src/CMakeFiles/dormant.dir/home/jtag/.pico-sdk/sdk/2.0.0/src/rp2_common/hardware_pll/pll.c.obj
                0x100017cc                pll_deinit
 *fill*         0x100017d2        0x2 
 .text.watchdog_update
                0x100017d4       0x14 src/CMakeFiles/dormant.dir/home/jtag/.pico-sdk/sdk/2.0.0/src/rp2_common/hardware_watchdog/watchdog.c.obj
                0x100017d4                watchdog_update
 .text._watchdog_enable
                0x100017e8       0x7c src/CMakeFiles/dormant.dir/home/jtag/.pico-sdk/sdk/2.0.0/src/rp2_common/hardware_watchdog/watchdog.c.obj
                0x100017e8                _watchdog_enable
 .text.watchdog_reboot
                0x10001864       0x48 src/CMakeFiles/dormant.dir/home/jtag/.pico-sdk/sdk/2.0.0/src/rp2_common/hardware_watchdog/watchdog.c.obj
                0x10001864                watchdog_reboot
 .text.tick_start
                0x100018ac       0x10 src/CMakeFiles/dormant.dir/home/jtag/.pico-sdk/sdk/2.0.0/src/rp2_common/hardware_ticks/ticks.c.obj
                0x100018ac                tick_start
 .text.xosc_init
                0x100018bc       0x28 src/CMakeFiles/dormant.dir/home/jtag/.pico-sdk/sdk/2.0.0/src/rp2_common/hardware_xosc/xosc.c.obj
                0x100018bc                xosc_init
 .text.xosc_disable
                0x100018e4       0x24 src/CMakeFiles/dormant.dir/home/jtag/.pico-sdk/sdk/2.0.0/src/rp2_common/hardware_xosc/xosc.c.obj
                0x100018e4                xosc_disable
 .text.xosc_dormant
                0x10001908       0x18 src/CMakeFiles/dormant.dir/home/jtag/.pico-sdk/sdk/2.0.0/src/rp2_common/hardware_xosc/xosc.c.obj
                0x10001908                xosc_dormant
 .text.runtime_run_initializers_from
                0x10001920       0x18 src/CMakeFiles/dormant.dir/home/jtag/.pico-sdk/sdk/2.0.0/src/rp2_common/pico_runtime/runtime.c.obj
 .text.first_per_core_initializer
                0x10001938        0x2 src/CMakeFiles/dormant.dir/home/jtag/.pico-sdk/sdk/2.0.0/src/rp2_common/pico_runtime/runtime.c.obj
 *fill*         0x1000193a        0x2 
 .text.runtime_run_initializers
                0x1000193c       0x10 src/CMakeFiles/dormant.dir/home/jtag/.pico-sdk/sdk/2.0.0/src/rp2_common/pico_runtime/runtime.c.obj
                0x1000193c                runtime_run_initializers
 .text.runtime_init_early_resets
                0x1000194c       0x2c src/CMakeFiles/dormant.dir/home/jtag/.pico-sdk/sdk/2.0.0/src/rp2_common/pico_runtime_init/runtime_init.c.obj
                0x1000194c                runtime_init_early_resets
 .text.runtime_init_usb_power_down
                0x10001978       0x1c src/CMakeFiles/dormant.dir/home/jtag/.pico-sdk/sdk/2.0.0/src/rp2_common/pico_runtime_init/runtime_init.c.obj
                0x10001978                runtime_init_usb_power_down
 .text.runtime_init_post_clock_resets
                0x10001994       0x20 src/CMakeFiles/dormant.dir/home/jtag/.pico-sdk/sdk/2.0.0/src/rp2_common/pico_runtime_init/runtime_init.c.obj
                0x10001994                runtime_init_post_clock_resets
 .text.runtime_init_rp2040_gpio_ie_disable
                0x100019b4       0x14 src/CMakeFiles/dormant.dir/home/jtag/.pico-sdk/sdk/2.0.0/src/rp2_common/pico_runtime_init/runtime_init.c.obj
                0x100019b4                runtime_init_rp2040_gpio_ie_disable
 .text.runtime_init_spin_locks_reset
                0x100019c8        0x8 src/CMakeFiles/dormant.dir/home/jtag/.pico-sdk/sdk/2.0.0/src/rp2_common/pico_runtime_init/runtime_init.c.obj
                0x100019c8                runtime_init_spin_locks_reset
 .text.runtime_init_install_ram_vector_table
                0x100019d0       0x1c src/CMakeFiles/dormant.dir/home/jtag/.pico-sdk/sdk/2.0.0/src/rp2_common/pico_runtime_init/runtime_init.c.obj
                0x100019d0                runtime_init_install_ram_vector_table
 .text.start_all_ticks
                0x100019ec       0x28 src/CMakeFiles/dormant.dir/home/jtag/.pico-sdk/sdk/2.0.0/src/rp2_common/pico_runtime_init/runtime_init_clocks.c.obj
 .text.runtime_init_clocks
                0x10001a14       0xcc src/CMakeFiles/dormant.dir/home/jtag/.pico-sdk/sdk/2.0.0/src/rp2_common/pico_runtime_init/runtime_init_clocks.c.obj
                0x10001a14                runtime_init_clocks
 .text          0x10001ae0       0x10 src/CMakeFiles/dormant.dir/home/jtag/.pico-sdk/sdk/2.0.0/src/rp2_common/pico_bit_ops/bit_ops_aeabi.S.obj
 .text.rom_func_lookup
                0x10001af0       0x10 src/CMakeFiles/dormant.dir/home/jtag/.pico-sdk/sdk/2.0.0/src/rp2_common/pico_bootrom/bootrom.c.obj
                0x10001af0                rom_func_lookup
 .text.rom_data_lookup
                0x10001b00       0x10 src/CMakeFiles/dormant.dir/home/jtag/.pico-sdk/sdk/2.0.0/src/rp2_common/pico_bootrom/bootrom.c.obj
                0x10001b00                rom_data_lookup
 .text.rom_funcs_lookup
                0x10001b10       0x36 src/CMakeFiles/dormant.dir/home/jtag/.pico-sdk/sdk/2.0.0/src/rp2_common/pico_bootrom/bootrom.c.obj
                0x10001b10                rom_funcs_lookup
 *fill*         0x10001b46        0x2 
 .text.rom_reset_usb_boot
                0x10001b48       0x18 src/CMakeFiles/dormant.dir/home/jtag/.pico-sdk/sdk/2.0.0/src/rp2_common/pico_bootrom/bootrom.c.obj
                0x10001b48                rom_reset_usb_boot
 .text.__wrap___aeabi_idiv
                0x10001b60       0x50 src/CMakeFiles/dormant.dir/home/jtag/.pico-sdk/sdk/2.0.0/src/rp2_common/pico_divider/divider_hardware.S.obj
                0x10001b60                __wrap___aeabi_idivmod
                0x10001b60                divmod_s32s32
                0x10001b60                div_s32s32
                0x10001b60                __wrap___aeabi_idiv
                0x10001b68                divmod_s32s32_unsafe
                0x10001b94                divmod_s32s32_savestate
 .text.__wrap___aeabi_uidiv
                0x10001bb0       0x4c src/CMakeFiles/dormant.dir/home/jtag/.pico-sdk/sdk/2.0.0/src/rp2_common/pico_divider/divider_hardware.S.obj
                0x10001bb0                __wrap___aeabi_uidiv
                0x10001bb0                __wrap___aeabi_uidivmod
                0x10001bb0                div_u32u32
                0x10001bb0                divmod_u32u32
                0x10001bb8                divmod_u32u32_unsafe
                0x10001be0                divmod_u32u32_savestate
 .text.__wrap___aeabi_ldiv
                0x10001bfc      0x424 src/CMakeFiles/dormant.dir/home/jtag/.pico-sdk/sdk/2.0.0/src/rp2_common/pico_divider/divider_hardware.S.obj
                0x10001bfc                div_s64s64
                0x10001bfc                divmod_s64s64
                0x10001bfc                __wrap___aeabi_ldivmod
                0x10001c2c                div_u64u64
                0x10001c2c                divmod_u64u64
                0x10001c2c                __wrap___aeabi_uldivmod
                0x10001c3c                divmod_u64u64_savestate
                0x10001c5c                divmod_s64s64_unsafe
                0x10001ce4                divmod_u64u64_unsafe
 .text.__wrap___aeabi_darithmetic
                0x10002020       0x60 src/CMakeFiles/dormant.dir/home/jtag/.pico-sdk/sdk/2.0.0/src/rp2_common/pico_double/double_aeabi_rp2040.S.obj
                0x10002020                __wrap___aeabi_drsub
                0x10002026                __wrap___aeabi_dsub
                0x10002030                __wrap___aeabi_dadd
                0x1000203a                __wrap___aeabi_ddiv
                0x1000206e                __wrap___aeabi_dmul
 .text.__wrap___aeabi_cdcmple
                0x10002080       0x6c src/CMakeFiles/dormant.dir/home/jtag/.pico-sdk/sdk/2.0.0/src/rp2_common/pico_double/double_aeabi_rp2040.S.obj
                0x10002080                __wrap___aeabi_cdrcmple
                0x10002090                __wrap___aeabi_cdcmple
                0x10002090                __wrap___aeabi_cdcmpeq
 .text.__wrap___aeabi_dcmplt
                0x100020ec        0xc src/CMakeFiles/dormant.dir/home/jtag/.pico-sdk/sdk/2.0.0/src/rp2_common/pico_double/double_aeabi_rp2040.S.obj
                0x100020ec                __wrap___aeabi_dcmplt
 .text.__wrap___aeabi_dcmple
                0x100020f8       0x10 src/CMakeFiles/dormant.dir/home/jtag/.pico-sdk/sdk/2.0.0/src/rp2_common/pico_double/double_aeabi_rp2040.S.obj
                0x100020f8                __wrap___aeabi_dcmple
 .text.__wrap___aeabi_dcmpge
                0x10002108       0x10 src/CMakeFiles/dormant.dir/home/jtag/.pico-sdk/sdk/2.0.0/src/rp2_common/pico_double/double_aeabi_rp2040.S.obj
                0x10002108                __wrap___aeabi_dcmpge
 .text.__wrap___aeabi_dcmpgt
                0x10002118        0xa src/CMakeFiles/dormant.dir/home/jtag/.pico-sdk/sdk/2.0.0/src/rp2_common/pico_double/double_aeabi_rp2040.S.obj
                0x10002118                __wrap___aeabi_dcmpgt
 .text.__wrap___aeabi_dcmpun
                0x10002122       0x18 src/CMakeFiles/dormant.dir/home/jtag/.pico-sdk/sdk/2.0.0/src/rp2_common/pico_double/double_aeabi_rp2040.S.obj
                0x10002122                __wrap___aeabi_dcmpun
 *fill*         0x1000213a        0x2 
 .text.__wrap___aeabi_i2d
                0x1000213c       0x38 src/CMakeFiles/dormant.dir/home/jtag/.pico-sdk/sdk/2.0.0/src/rp2_common/pico_double/double_aeabi_rp2040.S.obj
                0x1000213c                __wrap___aeabi_ui2d
                0x10002144                __wrap___aeabi_i2d
 .text.__wrap___aeabi_d2iz
                0x10002174       0x48 src/CMakeFiles/dormant.dir/home/jtag/.pico-sdk/sdk/2.0.0/src/rp2_common/pico_double/double_aeabi_rp2040.S.obj
                0x10002174                __wrap___aeabi_d2iz
                0x10002174                double2int_z
 .text.__wrap___aeabi_d2uiz
                0x100021bc       0x10 src/CMakeFiles/dormant.dir/home/jtag/.pico-sdk/sdk/2.0.0/src/rp2_common/pico_double/double_aeabi_rp2040.S.obj
                0x100021bc                double2uint
                0x100021bc                __wrap___aeabi_d2uiz
 .text.missing_double_func_shim
                0x100021cc        0xc src/CMakeFiles/dormant.dir/home/jtag/.pico-sdk/sdk/2.0.0/src/rp2_common/pico_double/double_init_rom_rp2040.c.obj
 .text.__aeabi_double_init
                0x100021d8       0xd0 src/CMakeFiles/dormant.dir/home/jtag/.pico-sdk/sdk/2.0.0/src/rp2_common/pico_double/double_init_rom_rp2040.c.obj
                0x100021d8                __aeabi_double_init
 .text.double_table_shim_on_use_helper
                0x100022a8       0x34 src/CMakeFiles/dormant.dir/home/jtag/.pico-sdk/sdk/2.0.0/src/rp2_common/pico_double/double_v1_rom_shim_rp2040.S.obj
                0x100022a8                double_table_shim_on_use_helper
 .text.__aeabi_lmul
                0x100022dc       0x32 src/CMakeFiles/dormant.dir/home/jtag/.pico-sdk/sdk/2.0.0/src/rp2_common/pico_int64_ops/pico_int64_ops_aeabi.S.obj
                0x100022dc                __wrap___aeabi_lmul
 *fill*         0x1000230e        0x2 
 .text.missing_float_func_shim
                0x10002310        0xc src/CMakeFiles/dormant.dir/home/jtag/.pico-sdk/sdk/2.0.0/src/rp2_common/pico_float/float_init_rom_rp2040.c.obj
 .text.__aeabi_float_init
                0x1000231c       0x88 src/CMakeFiles/dormant.dir/home/jtag/.pico-sdk/sdk/2.0.0/src/rp2_common/pico_float/float_init_rom_rp2040.c.obj
                0x1000231c                __aeabi_float_init
 .text          0x100023a4       0x10 src/CMakeFiles/dormant.dir/home/jtag/.pico-sdk/sdk/2.0.0/src/rp2_common/pico_mem_ops/mem_ops_aeabi.S.obj
                0x100023a4                __aeabi_mem_init
 .text.memset   0x100023b4        0xc src/CMakeFiles/dormant.dir/home/jtag/.pico-sdk/sdk/2.0.0/src/rp2_common/pico_mem_ops/mem_ops_aeabi.S.obj
                0x100023b4                __wrap_memset
 .text.memcpy   0x100023c0        0xc src/CMakeFiles/dormant.dir/home/jtag/.pico-sdk/sdk/2.0.0/src/rp2_common/pico_mem_ops/mem_ops_aeabi.S.obj
                0x100023c0                __wrap___aeabi_memcpy
                0x100023c0                __wrap_memcpy
 .text._out_null
                0x100023cc        0x2 src/CMakeFiles/dormant.dir/home/jtag/.pico-sdk/sdk/2.0.0/src/rp2_common/pico_printf/printf.c.obj
 .text._out_fct
                0x100023ce        0xe src/CMakeFiles/dormant.dir/home/jtag/.pico-sdk/sdk/2.0.0/src/rp2_common/pico_printf/printf.c.obj
 .text._atoi    0x100023dc       0x24 src/CMakeFiles/dormant.dir/home/jtag/.pico-sdk/sdk/2.0.0/src/rp2_common/pico_printf/printf.c.obj
 .text._out_rev
                0x10002400       0xae src/CMakeFiles/dormant.dir/home/jtag/.pico-sdk/sdk/2.0.0/src/rp2_common/pico_printf/printf.c.obj
 .text._ntoa_format
                0x100024ae      0x110 src/CMakeFiles/dormant.dir/home/jtag/.pico-sdk/sdk/2.0.0/src/rp2_common/pico_printf/printf.c.obj
 .text._ntoa_long
                0x100025be       0xbc src/CMakeFiles/dormant.dir/home/jtag/.pico-sdk/sdk/2.0.0/src/rp2_common/pico_printf/printf.c.obj
 .text._ntoa_long_long
                0x1000267a      0x10e src/CMakeFiles/dormant.dir/home/jtag/.pico-sdk/sdk/2.0.0/src/rp2_common/pico_printf/printf.c.obj
 .text._etoa    0x10002788      0x420 src/CMakeFiles/dormant.dir/home/jtag/.pico-sdk/sdk/2.0.0/src/rp2_common/pico_printf/printf.c.obj
 .text._ftoa    0x10002ba8      0x354 src/CMakeFiles/dormant.dir/home/jtag/.pico-sdk/sdk/2.0.0/src/rp2_common/pico_printf/printf.c.obj
 .text._vsnprintf
                0x10002efc      0x668 src/CMakeFiles/dormant.dir/home/jtag/.pico-sdk/sdk/2.0.0/src/rp2_common/pico_printf/printf.c.obj
 .text.vfctprintf
                0x10003564       0x20 src/CMakeFiles/dormant.dir/home/jtag/.pico-sdk/sdk/2.0.0/src/rp2_common/pico_printf/printf.c.obj
                0x10003564                vfctprintf
 .text._exit    0x10003584        0xa src/CMakeFiles/dormant.dir/home/jtag/.pico-sdk/sdk/2.0.0/src/rp2_common/pico_clib_interface/newlib_interface.c.obj
                0x10003584                _exit
 .text.exit     0x1000358e        0x6 src/CMakeFiles/dormant.dir/home/jtag/.pico-sdk/sdk/2.0.0/src/rp2_common/pico_clib_interface/newlib_interface.c.obj
                0x1000358e                exit
 .text.__assert_func
                0x10003594       0x38 src/CMakeFiles/dormant.dir/home/jtag/.pico-sdk/sdk/2.0.0/src/rp2_common/pico_clib_interface/newlib_interface.c.obj
                0x10003594                __assert_func
 .text.runtime_init
                0x100035cc       0x28 src/CMakeFiles/dormant.dir/home/jtag/.pico-sdk/sdk/2.0.0/src/rp2_common/pico_clib_interface/newlib_interface.c.obj
                0x100035cc                runtime_init
 .text.stdio_out_chars_no_crlf
                0x100035f4        0xe src/CMakeFiles/dormant.dir/home/jtag/.pico-sdk/sdk/2.0.0/src/rp2_common/pico_stdio/stdio.c.obj
 *fill*         0x10003602        0x2 
 .text.stdio_out_chars_crlf
                0x10003604       0x80 src/CMakeFiles/dormant.dir/home/jtag/.pico-sdk/sdk/2.0.0/src/rp2_common/pico_stdio/stdio.c.obj
 .text.stdio_stack_buffer_flush
                0x10003684       0x44 src/CMakeFiles/dormant.dir/home/jtag/.pico-sdk/sdk/2.0.0/src/rp2_common/pico_stdio/stdio.c.obj
 .text.stdio_buffered_printer
                0x100036c8       0x20 src/CMakeFiles/dormant.dir/home/jtag/.pico-sdk/sdk/2.0.0/src/rp2_common/pico_stdio/stdio.c.obj
 .text.stdout_serialize_begin
                0x100036e8       0x30 src/CMakeFiles/dormant.dir/home/jtag/.pico-sdk/sdk/2.0.0/src/rp2_common/pico_stdio/stdio.c.obj
                0x100036e8                stdout_serialize_begin
 .text.stdout_serialize_end
                0x10003718       0x10 src/CMakeFiles/dormant.dir/home/jtag/.pico-sdk/sdk/2.0.0/src/rp2_common/pico_stdio/stdio.c.obj
                0x10003718                stdout_serialize_end
 .text.stdio_put_string
                0x10003728       0x94 src/CMakeFiles/dormant.dir/home/jtag/.pico-sdk/sdk/2.0.0/src/rp2_common/pico_stdio/stdio.c.obj
                0x10003728                stdio_put_string
 .text.stdio_set_driver_enabled
                0x100037bc       0x2c src/CMakeFiles/dormant.dir/home/jtag/.pico-sdk/sdk/2.0.0/src/rp2_common/pico_stdio/stdio.c.obj
                0x100037bc                stdio_set_driver_enabled
 .text.stdio_flush
                0x100037e8       0x20 src/CMakeFiles/dormant.dir/home/jtag/.pico-sdk/sdk/2.0.0/src/rp2_common/pico_stdio/stdio.c.obj
                0x100037e8                stdio_flush
 .text.stdio_init_all
                0x10003808        0x8 src/CMakeFiles/dormant.dir/home/jtag/.pico-sdk/sdk/2.0.0/src/rp2_common/pico_stdio/stdio.c.obj
                0x10003808                stdio_init_all
 .text.__wrap_puts
                0x10003810       0x1e src/CMakeFiles/dormant.dir/home/jtag/.pico-sdk/sdk/2.0.0/src/rp2_common/pico_stdio/stdio.c.obj
                0x10003810                __wrap_puts
                0x10003810                stdio_puts
 *fill*         0x1000382e        0x2 
 .text.__wrap_vprintf
                0x10003830       0x40 src/CMakeFiles/dormant.dir/home/jtag/.pico-sdk/sdk/2.0.0/src/rp2_common/pico_stdio/stdio.c.obj
                0x10003830                __wrap_vprintf
                0x10003830                stdio_vprintf
 .text.__wrap_printf
                0x10003870       0x18 src/CMakeFiles/dormant.dir/home/jtag/.pico-sdk/sdk/2.0.0/src/rp2_common/pico_stdio/stdio.c.obj
                0x10003870                stdio_printf
                0x10003870                __wrap_printf
 .text.resetd_init
                0x10003888        0x2 src/CMakeFiles/dormant.dir/home/jtag/.pico-sdk/sdk/2.0.0/src/rp2_common/pico_stdio_usb/reset_interface.c.obj
 *fill*         0x1000388a        0x2 
 .text.resetd_reset
                0x1000388c        0xc src/CMakeFiles/dormant.dir/home/jtag/.pico-sdk/sdk/2.0.0/src/rp2_common/pico_stdio_usb/reset_interface.c.obj
 .text.resetd_open
                0x10003898       0x34 src/CMakeFiles/dormant.dir/home/jtag/.pico-sdk/sdk/2.0.0/src/rp2_common/pico_stdio_usb/reset_interface.c.obj
 .text.resetd_xfer_cb
                0x100038cc        0x4 src/CMakeFiles/dormant.dir/home/jtag/.pico-sdk/sdk/2.0.0/src/rp2_common/pico_stdio_usb/reset_interface.c.obj
 .text.resetd_control_xfer_cb
                0x100038d0       0x5c src/CMakeFiles/dormant.dir/home/jtag/.pico-sdk/sdk/2.0.0/src/rp2_common/pico_stdio_usb/reset_interface.c.obj
 .text.tud_descriptor_bos_cb
                0x1000392c        0x8 src/CMakeFiles/dormant.dir/home/jtag/.pico-sdk/sdk/2.0.0/src/rp2_common/pico_stdio_usb/reset_interface.c.obj
                0x1000392c                tud_descriptor_bos_cb
 .text.tud_vendor_control_xfer_cb
                0x10003934       0x38 src/CMakeFiles/dormant.dir/home/jtag/.pico-sdk/sdk/2.0.0/src/rp2_common/pico_stdio_usb/reset_interface.c.obj
                0x10003934                tud_vendor_control_xfer_cb
 .text.usbd_app_driver_get_cb
                0x1000396c        0xc src/CMakeFiles/dormant.dir/home/jtag/.pico-sdk/sdk/2.0.0/src/rp2_common/pico_stdio_usb/reset_interface.c.obj
                0x1000396c                usbd_app_driver_get_cb
 .text.tud_cdc_line_coding_cb
                0x10003978       0x28 src/CMakeFiles/dormant.dir/home/jtag/.pico-sdk/sdk/2.0.0/src/rp2_common/pico_stdio_usb/reset_interface.c.obj
                0x10003978                tud_cdc_line_coding_cb
 .text.stdio_usb_set_chars_available_callback
                0x100039a0       0x14 src/CMakeFiles/dormant.dir/home/jtag/.pico-sdk/sdk/2.0.0/src/rp2_common/pico_stdio_usb/stdio_usb.c.obj
                0x100039a0                stdio_usb_set_chars_available_callback
 .text.stdio_usb_out_flush
                0x100039b4       0x4c src/CMakeFiles/dormant.dir/home/jtag/.pico-sdk/sdk/2.0.0/src/rp2_common/pico_stdio_usb/stdio_usb.c.obj
 .text.usb_irq  0x10003a00       0x10 src/CMakeFiles/dormant.dir/home/jtag/.pico-sdk/sdk/2.0.0/src/rp2_common/pico_stdio_usb/stdio_usb.c.obj
 .text.critical_section_enter_blocking
                0x10003a10       0x16 src/CMakeFiles/dormant.dir/home/jtag/.pico-sdk/sdk/2.0.0/src/rp2_common/pico_stdio_usb/stdio_usb.c.obj
 *fill*         0x10003a26        0x2 
 .text.timer_task
                0x10003a28       0x60 src/CMakeFiles/dormant.dir/home/jtag/.pico-sdk/sdk/2.0.0/src/rp2_common/pico_stdio_usb/stdio_usb.c.obj
 .text.alarm_pool_add_alarm_in_us
                0x10003a88       0x40 src/CMakeFiles/dormant.dir/home/jtag/.pico-sdk/sdk/2.0.0/src/rp2_common/pico_stdio_usb/stdio_usb.c.obj
 .text.add_alarm_in_us
                0x10003ac8       0x2e src/CMakeFiles/dormant.dir/home/jtag/.pico-sdk/sdk/2.0.0/src/rp2_common/pico_stdio_usb/stdio_usb.c.obj
 *fill*         0x10003af6        0x2 
 .text.low_priority_worker_irq
                0x10003af8       0xa0 src/CMakeFiles/dormant.dir/home/jtag/.pico-sdk/sdk/2.0.0/src/rp2_common/pico_stdio_usb/stdio_usb.c.obj
 .text.stdio_usb_init
                0x10003b98       0xdc src/CMakeFiles/dormant.dir/home/jtag/.pico-sdk/sdk/2.0.0/src/rp2_common/pico_stdio_usb/stdio_usb.c.obj
                0x10003b98                stdio_usb_init
 .text.stdio_usb_connected
                0x10003c74        0xa src/CMakeFiles/dormant.dir/home/jtag/.pico-sdk/sdk/2.0.0/src/rp2_common/pico_stdio_usb/stdio_usb.c.obj
                0x10003c74                stdio_usb_connected
 *fill*         0x10003c7e        0x2 
 .text.stdio_usb_in_chars
                0x10003c80       0x98 src/CMakeFiles/dormant.dir/home/jtag/.pico-sdk/sdk/2.0.0/src/rp2_common/pico_stdio_usb/stdio_usb.c.obj
                0x10003c80                stdio_usb_in_chars
 .text.stdio_usb_out_chars
                0x10003d18       0xe8 src/CMakeFiles/dormant.dir/home/jtag/.pico-sdk/sdk/2.0.0/src/rp2_common/pico_stdio_usb/stdio_usb.c.obj
 .text.tud_descriptor_device_cb
                0x10003e00        0x8 src/CMakeFiles/dormant.dir/home/jtag/.pico-sdk/sdk/2.0.0/src/rp2_common/pico_stdio_usb/stdio_usb_descriptors.c.obj
                0x10003e00                tud_descriptor_device_cb
 .text.tud_descriptor_configuration_cb
                0x10003e08        0x8 src/CMakeFiles/dormant.dir/home/jtag/.pico-sdk/sdk/2.0.0/src/rp2_common/pico_stdio_usb/stdio_usb_descriptors.c.obj
                0x10003e08                tud_descriptor_configuration_cb
 .text.tud_descriptor_string_cb
                0x10003e10       0x6c src/CMakeFiles/dormant.dir/home/jtag/.pico-sdk/sdk/2.0.0/src/rp2_common/pico_stdio_usb/stdio_usb_descriptors.c.obj
                0x10003e10                tud_descriptor_string_cb
 .text._retrieve_unique_id_on_boot
                0x10003e7c       0x10 src/CMakeFiles/dormant.dir/home/jtag/.pico-sdk/sdk/2.0.0/src/rp2_common/pico_unique_id/unique_id.c.obj
 .text.pico_get_unique_board_id_string
                0x10003e8c       0x5c src/CMakeFiles/dormant.dir/home/jtag/.pico-sdk/sdk/2.0.0/src/rp2_common/pico_unique_id/unique_id.c.obj
                0x10003e8c                pico_get_unique_board_id_string
 .text.flash_get_unique_id
                0x10003ee8       0x40 src/CMakeFiles/dormant.dir/home/jtag/.pico-sdk/sdk/2.0.0/src/rp2_common/hardware_flash/flash.c.obj
                0x10003ee8                flash_get_unique_id
 .text._hw_endpoint_alloc
                0x10003f28       0x70 src/CMakeFiles/dormant.dir/home/jtag/.pico-sdk/sdk/2.0.0/lib/tinyusb/src/portable/raspberrypi/rp2040/dcd_rp2040.c.obj
 .text.hw_endpoint_init
                0x10003f98       0xbc src/CMakeFiles/dormant.dir/home/jtag/.pico-sdk/sdk/2.0.0/lib/tinyusb/src/portable/raspberrypi/rp2040/dcd_rp2040.c.obj
 .text.hw_endpoint_xfer
                0x10004054       0x20 src/CMakeFiles/dormant.dir/home/jtag/.pico-sdk/sdk/2.0.0/lib/tinyusb/src/portable/raspberrypi/rp2040/dcd_rp2040.c.obj
 .text.dcd_int_enable
                0x10004074       0x2c src/CMakeFiles/dormant.dir/home/jtag/.pico-sdk/sdk/2.0.0/lib/tinyusb/src/portable/raspberrypi/rp2040/dcd_rp2040.c.obj
                0x10004074                dcd_int_enable
 .text.dcd_set_address
                0x100040a0       0x2c src/CMakeFiles/dormant.dir/home/jtag/.pico-sdk/sdk/2.0.0/lib/tinyusb/src/portable/raspberrypi/rp2040/dcd_rp2040.c.obj
                0x100040a0                dcd_set_address
 .text.dcd_connect
                0x100040cc       0x10 src/CMakeFiles/dormant.dir/home/jtag/.pico-sdk/sdk/2.0.0/lib/tinyusb/src/portable/raspberrypi/rp2040/dcd_rp2040.c.obj
                0x100040cc                dcd_connect
 .text.dcd_init
                0x100040dc       0x80 src/CMakeFiles/dormant.dir/home/jtag/.pico-sdk/sdk/2.0.0/lib/tinyusb/src/portable/raspberrypi/rp2040/dcd_rp2040.c.obj
                0x100040dc                dcd_init
 .text.dcd_sof_enable
                0x1000415c       0x1c src/CMakeFiles/dormant.dir/home/jtag/.pico-sdk/sdk/2.0.0/lib/tinyusb/src/portable/raspberrypi/rp2040/dcd_rp2040.c.obj
                0x1000415c                dcd_sof_enable
 .text.dcd_edpt0_status_complete
                0x10004178       0x1c src/CMakeFiles/dormant.dir/home/jtag/.pico-sdk/sdk/2.0.0/lib/tinyusb/src/portable/raspberrypi/rp2040/dcd_rp2040.c.obj
                0x10004178                dcd_edpt0_status_complete
 .text.dcd_edpt_open
                0x10004194       0x40 src/CMakeFiles/dormant.dir/home/jtag/.pico-sdk/sdk/2.0.0/lib/tinyusb/src/portable/raspberrypi/rp2040/dcd_rp2040.c.obj
                0x10004194                dcd_edpt_open
 .text.dcd_edpt_close_all
                0x100041d4        0x8 src/CMakeFiles/dormant.dir/home/jtag/.pico-sdk/sdk/2.0.0/lib/tinyusb/src/portable/raspberrypi/rp2040/dcd_rp2040.c.obj
                0x100041d4                dcd_edpt_close_all
 .text.dcd_edpt_xfer
                0x100041dc       0x30 src/CMakeFiles/dormant.dir/home/jtag/.pico-sdk/sdk/2.0.0/lib/tinyusb/src/portable/raspberrypi/rp2040/dcd_rp2040.c.obj
                0x100041dc                dcd_edpt_xfer
 .text.dcd_edpt_stall
                0x1000420c       0x3c src/CMakeFiles/dormant.dir/home/jtag/.pico-sdk/sdk/2.0.0/lib/tinyusb/src/portable/raspberrypi/rp2040/dcd_rp2040.c.obj
                0x1000420c                dcd_edpt_stall
 .text.dcd_edpt_clear_stall
                0x10004248       0x30 src/CMakeFiles/dormant.dir/home/jtag/.pico-sdk/sdk/2.0.0/lib/tinyusb/src/portable/raspberrypi/rp2040/dcd_rp2040.c.obj
                0x10004248                dcd_edpt_clear_stall
 .text.unaligned_memcpy
                0x10004278       0x14 src/CMakeFiles/dormant.dir/home/jtag/.pico-sdk/sdk/2.0.0/lib/tinyusb/src/portable/raspberrypi/rp2040/rp2040_usb.c.obj
 .text.rp2040_usb_init
                0x1000428c       0x44 src/CMakeFiles/dormant.dir/home/jtag/.pico-sdk/sdk/2.0.0/lib/tinyusb/src/portable/raspberrypi/rp2040/rp2040_usb.c.obj
                0x1000428c                rp2040_usb_init
 .text.hw_endpoint_xfer_start
                0x100042d0       0x60 src/CMakeFiles/dormant.dir/home/jtag/.pico-sdk/sdk/2.0.0/lib/tinyusb/src/portable/raspberrypi/rp2040/rp2040_usb.c.obj
                0x100042d0                hw_endpoint_xfer_start
 .text.configuration_reset
                0x10004330       0x84 src/CMakeFiles/dormant.dir/home/jtag/.pico-sdk/sdk/2.0.0/lib/tinyusb/src/device/usbd.c.obj
 .text.critical_section_enter_blocking
                0x100043b4       0x16 src/CMakeFiles/dormant.dir/home/jtag/.pico-sdk/sdk/2.0.0/lib/tinyusb/src/device/usbd.c.obj
 .text.usbd_reset
                0x100043ca        0xc src/CMakeFiles/dormant.dir/home/jtag/.pico-sdk/sdk/2.0.0/lib/tinyusb/src/device/usbd.c.obj
 .text.invoke_class_control
                0x100043d6       0x1a src/CMakeFiles/dormant.dir/home/jtag/.pico-sdk/sdk/2.0.0/lib/tinyusb/src/device/usbd.c.obj
 .text.process_set_config
                0x100043f0      0x1b0 src/CMakeFiles/dormant.dir/home/jtag/.pico-sdk/sdk/2.0.0/lib/tinyusb/src/device/usbd.c.obj
 .text.tud_event_hook_cb
                0x100045a0        0x2 src/CMakeFiles/dormant.dir/home/jtag/.pico-sdk/sdk/2.0.0/lib/tinyusb/src/device/usbd.c.obj
                0x100045a0                tud_event_hook_cb
 .text.tud_sof_cb
                0x100045a2        0x2 src/CMakeFiles/dormant.dir/home/jtag/.pico-sdk/sdk/2.0.0/lib/tinyusb/src/device/usbd.c.obj
                0x100045a2                tud_sof_cb
 .text.tud_descriptor_device_qualifier_cb
                0x100045a4        0x4 src/CMakeFiles/dormant.dir/home/jtag/.pico-sdk/sdk/2.0.0/lib/tinyusb/src/device/usbd.c.obj
                0x100045a4                tud_descriptor_device_qualifier_cb
 .text.tud_descriptor_other_speed_configuration_cb
                0x100045a8        0x4 src/CMakeFiles/dormant.dir/home/jtag/.pico-sdk/sdk/2.0.0/lib/tinyusb/src/device/usbd.c.obj
                0x100045a8                tud_descriptor_other_speed_configuration_cb
 .text.process_get_descriptor
                0x100045ac       0xe0 src/CMakeFiles/dormant.dir/home/jtag/.pico-sdk/sdk/2.0.0/lib/tinyusb/src/device/usbd.c.obj
 .text.tud_mount_cb
                0x1000468c        0x2 src/CMakeFiles/dormant.dir/home/jtag/.pico-sdk/sdk/2.0.0/lib/tinyusb/src/device/usbd.c.obj
                0x1000468c                tud_mount_cb
 .text.tud_umount_cb
                0x1000468e        0x2 src/CMakeFiles/dormant.dir/home/jtag/.pico-sdk/sdk/2.0.0/lib/tinyusb/src/device/usbd.c.obj
                0x1000468e                tud_umount_cb
 .text.tud_suspend_cb
                0x10004690        0x2 src/CMakeFiles/dormant.dir/home/jtag/.pico-sdk/sdk/2.0.0/lib/tinyusb/src/device/usbd.c.obj
                0x10004690                tud_suspend_cb
 .text.tud_resume_cb
                0x10004692        0x2 src/CMakeFiles/dormant.dir/home/jtag/.pico-sdk/sdk/2.0.0/lib/tinyusb/src/device/usbd.c.obj
                0x10004692                tud_resume_cb
 .text.tud_mounted
                0x10004694       0x10 src/CMakeFiles/dormant.dir/home/jtag/.pico-sdk/sdk/2.0.0/lib/tinyusb/src/device/usbd.c.obj
                0x10004694                tud_mounted
 .text.tud_suspended
                0x100046a4       0x10 src/CMakeFiles/dormant.dir/home/jtag/.pico-sdk/sdk/2.0.0/lib/tinyusb/src/device/usbd.c.obj
                0x100046a4                tud_suspended
 .text.tud_inited
                0x100046b4       0x14 src/CMakeFiles/dormant.dir/home/jtag/.pico-sdk/sdk/2.0.0/lib/tinyusb/src/device/usbd.c.obj
                0x100046b4                tud_inited
 .text.tud_init
                0x100046c8       0xdc src/CMakeFiles/dormant.dir/home/jtag/.pico-sdk/sdk/2.0.0/lib/tinyusb/src/device/usbd.c.obj
                0x100046c8                tud_init
 .text.usbd_edpt_open
                0x100047a4       0x60 src/CMakeFiles/dormant.dir/home/jtag/.pico-sdk/sdk/2.0.0/lib/tinyusb/src/device/usbd.c.obj
                0x100047a4                usbd_edpt_open
 .text.usbd_open_edpt_pair
                0x10004804       0x8c src/CMakeFiles/dormant.dir/home/jtag/.pico-sdk/sdk/2.0.0/lib/tinyusb/src/device/usbd.c.obj
                0x10004804                usbd_open_edpt_pair
 .text.usbd_edpt_claim
                0x10004890       0x28 src/CMakeFiles/dormant.dir/home/jtag/.pico-sdk/sdk/2.0.0/lib/tinyusb/src/device/usbd.c.obj
                0x10004890                usbd_edpt_claim
 .text.usbd_edpt_release
                0x100048b8       0x28 src/CMakeFiles/dormant.dir/home/jtag/.pico-sdk/sdk/2.0.0/lib/tinyusb/src/device/usbd.c.obj
                0x100048b8                usbd_edpt_release
 .text.usbd_edpt_xfer
                0x100048e0       0x88 src/CMakeFiles/dormant.dir/home/jtag/.pico-sdk/sdk/2.0.0/lib/tinyusb/src/device/usbd.c.obj
                0x100048e0                usbd_edpt_xfer
 .text.usbd_edpt_stall
                0x10004968       0x34 src/CMakeFiles/dormant.dir/home/jtag/.pico-sdk/sdk/2.0.0/lib/tinyusb/src/device/usbd.c.obj
                0x10004968                usbd_edpt_stall
 .text.usbd_edpt_clear_stall
                0x1000499c       0x34 src/CMakeFiles/dormant.dir/home/jtag/.pico-sdk/sdk/2.0.0/lib/tinyusb/src/device/usbd.c.obj
                0x1000499c                usbd_edpt_clear_stall
 .text.usbd_edpt_stalled
                0x100049d0       0x1c src/CMakeFiles/dormant.dir/home/jtag/.pico-sdk/sdk/2.0.0/lib/tinyusb/src/device/usbd.c.obj
                0x100049d0                usbd_edpt_stalled
 .text.process_control_request
                0x100049ec      0x390 src/CMakeFiles/dormant.dir/home/jtag/.pico-sdk/sdk/2.0.0/lib/tinyusb/src/device/usbd.c.obj
 .text.tud_task_ext
                0x10004d7c      0x1c8 src/CMakeFiles/dormant.dir/home/jtag/.pico-sdk/sdk/2.0.0/lib/tinyusb/src/device/usbd.c.obj
                0x10004d7c                tud_task_ext
 .text._status_stage_xact
                0x10004f44       0x1a src/CMakeFiles/dormant.dir/home/jtag/.pico-sdk/sdk/2.0.0/lib/tinyusb/src/device/usbd_control.c.obj
 *fill*         0x10004f5e        0x2 
 .text._data_stage_xact
                0x10004f60       0x60 src/CMakeFiles/dormant.dir/home/jtag/.pico-sdk/sdk/2.0.0/lib/tinyusb/src/device/usbd_control.c.obj
 .text.tud_control_status
                0x10004fc0       0x28 src/CMakeFiles/dormant.dir/home/jtag/.pico-sdk/sdk/2.0.0/lib/tinyusb/src/device/usbd_control.c.obj
                0x10004fc0                tud_control_status
 .text.tud_control_xfer
                0x10004fe8       0x98 src/CMakeFiles/dormant.dir/home/jtag/.pico-sdk/sdk/2.0.0/lib/tinyusb/src/device/usbd_control.c.obj
                0x10004fe8                tud_control_xfer
 .text.usbd_control_reset
                0x10005080       0x14 src/CMakeFiles/dormant.dir/home/jtag/.pico-sdk/sdk/2.0.0/lib/tinyusb/src/device/usbd_control.c.obj
                0x10005080                usbd_control_reset
 .text.usbd_control_set_complete_callback
                0x10005094        0xc src/CMakeFiles/dormant.dir/home/jtag/.pico-sdk/sdk/2.0.0/lib/tinyusb/src/device/usbd_control.c.obj
                0x10005094                usbd_control_set_complete_callback
 .text.usbd_control_set_request
                0x100050a0       0x1c src/CMakeFiles/dormant.dir/home/jtag/.pico-sdk/sdk/2.0.0/lib/tinyusb/src/device/usbd_control.c.obj
                0x100050a0                usbd_control_set_request
 .text.usbd_control_xfer_cb
                0x100050bc       0xe0 src/CMakeFiles/dormant.dir/home/jtag/.pico-sdk/sdk/2.0.0/lib/tinyusb/src/device/usbd_control.c.obj
                0x100050bc                usbd_control_xfer_cb
 .text._prep_out_transaction
                0x1000519c       0x72 src/CMakeFiles/dormant.dir/home/jtag/.pico-sdk/sdk/2.0.0/lib/tinyusb/src/class/cdc/cdc_device.c.obj
 *fill*         0x1000520e        0x2 
 .text.tud_cdc_n_connected
                0x10005210       0x38 src/CMakeFiles/dormant.dir/home/jtag/.pico-sdk/sdk/2.0.0/lib/tinyusb/src/class/cdc/cdc_device.c.obj
                0x10005210                tud_cdc_n_connected
 .text.tud_cdc_n_available
                0x10005248       0x18 src/CMakeFiles/dormant.dir/home/jtag/.pico-sdk/sdk/2.0.0/lib/tinyusb/src/class/cdc/cdc_device.c.obj
                0x10005248                tud_cdc_n_available
 .text.tud_cdc_n_read
                0x10005260       0x38 src/CMakeFiles/dormant.dir/home/jtag/.pico-sdk/sdk/2.0.0/lib/tinyusb/src/class/cdc/cdc_device.c.obj
                0x10005260                tud_cdc_n_read
 .text.tud_cdc_n_write_flush
                0x10005298       0xcc src/CMakeFiles/dormant.dir/home/jtag/.pico-sdk/sdk/2.0.0/lib/tinyusb/src/class/cdc/cdc_device.c.obj
                0x10005298                tud_cdc_n_write_flush
 .text.tud_cdc_n_write
                0x10005364       0x48 src/CMakeFiles/dormant.dir/home/jtag/.pico-sdk/sdk/2.0.0/lib/tinyusb/src/class/cdc/cdc_device.c.obj
                0x10005364                tud_cdc_n_write
 .text.tud_cdc_n_write_available
                0x100053ac       0x1c src/CMakeFiles/dormant.dir/home/jtag/.pico-sdk/sdk/2.0.0/lib/tinyusb/src/class/cdc/cdc_device.c.obj
                0x100053ac                tud_cdc_n_write_available
 .text.cdcd_init
                0x100053c8       0xc0 src/CMakeFiles/dormant.dir/home/jtag/.pico-sdk/sdk/2.0.0/lib/tinyusb/src/class/cdc/cdc_device.c.obj
                0x100053c8                cdcd_init
 .text.cdcd_deinit
                0x10005488       0x50 src/CMakeFiles/dormant.dir/home/jtag/.pico-sdk/sdk/2.0.0/lib/tinyusb/src/class/cdc/cdc_device.c.obj
                0x10005488                cdcd_deinit
 .text.cdcd_reset
                0x100054d8       0x78 src/CMakeFiles/dormant.dir/home/jtag/.pico-sdk/sdk/2.0.0/lib/tinyusb/src/class/cdc/cdc_device.c.obj
                0x100054d8                cdcd_reset
 .text.cdcd_open
                0x10005550       0xf0 src/CMakeFiles/dormant.dir/home/jtag/.pico-sdk/sdk/2.0.0/lib/tinyusb/src/class/cdc/cdc_device.c.obj
                0x10005550                cdcd_open
 .text.cdcd_control_xfer_cb
                0x10005640      0x138 src/CMakeFiles/dormant.dir/home/jtag/.pico-sdk/sdk/2.0.0/lib/tinyusb/src/class/cdc/cdc_device.c.obj
                0x10005640                cdcd_control_xfer_cb
 .text.cdcd_xfer_cb
                0x10005778      0x144 src/CMakeFiles/dormant.dir/home/jtag/.pico-sdk/sdk/2.0.0/lib/tinyusb/src/class/cdc/cdc_device.c.obj
                0x10005778                cdcd_xfer_cb
 .text._prep_out_transaction
                0x100058bc       0x3a src/CMakeFiles/dormant.dir/home/jtag/.pico-sdk/sdk/2.0.0/lib/tinyusb/src/class/vendor/vendor_device.c.obj
 *fill*         0x100058f6        0x2 
 .text.tud_vendor_n_write_flush
                0x100058f8       0xcc src/CMakeFiles/dormant.dir/home/jtag/.pico-sdk/sdk/2.0.0/lib/tinyusb/src/class/vendor/vendor_device.c.obj
                0x100058f8                tud_vendor_n_write_flush
 .text.vendord_init
                0x100059c4       0xa0 src/CMakeFiles/dormant.dir/home/jtag/.pico-sdk/sdk/2.0.0/lib/tinyusb/src/class/vendor/vendor_device.c.obj
                0x100059c4                vendord_init
 .text.vendord_deinit
                0x10005a64       0x50 src/CMakeFiles/dormant.dir/home/jtag/.pico-sdk/sdk/2.0.0/lib/tinyusb/src/class/vendor/vendor_device.c.obj
                0x10005a64                vendord_deinit
 .text.vendord_reset
                0x10005ab4       0x38 src/CMakeFiles/dormant.dir/home/jtag/.pico-sdk/sdk/2.0.0/lib/tinyusb/src/class/vendor/vendor_device.c.obj
                0x10005ab4                vendord_reset
 .text.vendord_open
                0x10005aec       0xd0 src/CMakeFiles/dormant.dir/home/jtag/.pico-sdk/sdk/2.0.0/lib/tinyusb/src/class/vendor/vendor_device.c.obj
                0x10005aec                vendord_open
 .text.vendord_xfer_cb
                0x10005bbc       0xc8 src/CMakeFiles/dormant.dir/home/jtag/.pico-sdk/sdk/2.0.0/lib/tinyusb/src/class/vendor/vendor_device.c.obj
                0x10005bbc                vendord_xfer_cb
 .text.tusb_init
                0x10005c84       0x24 src/CMakeFiles/dormant.dir/home/jtag/.pico-sdk/sdk/2.0.0/lib/tinyusb/src/tusb.c.obj
                0x10005c84                tusb_init
 .text.tu_edpt_claim
                0x10005ca8       0x50 src/CMakeFiles/dormant.dir/home/jtag/.pico-sdk/sdk/2.0.0/lib/tinyusb/src/tusb.c.obj
                0x10005ca8                tu_edpt_claim
 .text.tu_edpt_release
                0x10005cf8       0x38 src/CMakeFiles/dormant.dir/home/jtag/.pico-sdk/sdk/2.0.0/lib/tinyusb/src/tusb.c.obj
                0x10005cf8                tu_edpt_release
 .text.tu_edpt_validate
                0x10005d30       0xac src/CMakeFiles/dormant.dir/home/jtag/.pico-sdk/sdk/2.0.0/lib/tinyusb/src/tusb.c.obj
                0x10005d30                tu_edpt_validate
 .text.tu_edpt_bind_driver
                0x10005ddc       0x26 src/CMakeFiles/dormant.dir/home/jtag/.pico-sdk/sdk/2.0.0/lib/tinyusb/src/tusb.c.obj
                0x10005ddc                tu_edpt_bind_driver
 .text.advance_index
                0x10005e02       0x1a src/CMakeFiles/dormant.dir/home/jtag/.pico-sdk/sdk/2.0.0/lib/tinyusb/src/common/tusb_fifo.c.obj
 .text._tu_fifo_peek
                0x10005e1c       0x56 src/CMakeFiles/dormant.dir/home/jtag/.pico-sdk/sdk/2.0.0/lib/tinyusb/src/common/tusb_fifo.c.obj
 .text._ff_pull_n
                0x10005e72       0x68 src/CMakeFiles/dormant.dir/home/jtag/.pico-sdk/sdk/2.0.0/lib/tinyusb/src/common/tusb_fifo.c.obj
 .text._tu_fifo_peek_n
                0x10005eda       0x6a src/CMakeFiles/dormant.dir/home/jtag/.pico-sdk/sdk/2.0.0/lib/tinyusb/src/common/tusb_fifo.c.obj
 .text._tu_fifo_read_n
                0x10005f44       0x4e src/CMakeFiles/dormant.dir/home/jtag/.pico-sdk/sdk/2.0.0/lib/tinyusb/src/common/tusb_fifo.c.obj
 .text._ff_push_n
                0x10005f92       0x68 src/CMakeFiles/dormant.dir/home/jtag/.pico-sdk/sdk/2.0.0/lib/tinyusb/src/common/tusb_fifo.c.obj
 .text._tu_fifo_write_n
                0x10005ffa       0xf0 src/CMakeFiles/dormant.dir/home/jtag/.pico-sdk/sdk/2.0.0/lib/tinyusb/src/common/tusb_fifo.c.obj
 .text.tu_fifo_config
                0x100060ea       0x7c src/CMakeFiles/dormant.dir/home/jtag/.pico-sdk/sdk/2.0.0/lib/tinyusb/src/common/tusb_fifo.c.obj
                0x100060ea                tu_fifo_config
 .text.tu_fifo_count
                0x10006166       0x2a src/CMakeFiles/dormant.dir/home/jtag/.pico-sdk/sdk/2.0.0/lib/tinyusb/src/common/tusb_fifo.c.obj
                0x10006166                tu_fifo_count
 .text.tu_fifo_empty
                0x10006190        0xe src/CMakeFiles/dormant.dir/home/jtag/.pico-sdk/sdk/2.0.0/lib/tinyusb/src/common/tusb_fifo.c.obj
                0x10006190                tu_fifo_empty
 .text.tu_fifo_full
                0x1000619e       0x28 src/CMakeFiles/dormant.dir/home/jtag/.pico-sdk/sdk/2.0.0/lib/tinyusb/src/common/tusb_fifo.c.obj
                0x1000619e                tu_fifo_full
 .text.tu_fifo_remaining
                0x100061c6       0x2c src/CMakeFiles/dormant.dir/home/jtag/.pico-sdk/sdk/2.0.0/lib/tinyusb/src/common/tusb_fifo.c.obj
                0x100061c6                tu_fifo_remaining
 .text.tu_fifo_read
                0x100061f2       0x42 src/CMakeFiles/dormant.dir/home/jtag/.pico-sdk/sdk/2.0.0/lib/tinyusb/src/common/tusb_fifo.c.obj
                0x100061f2                tu_fifo_read
 .text.tu_fifo_read_n
                0x10006234        0xa src/CMakeFiles/dormant.dir/home/jtag/.pico-sdk/sdk/2.0.0/lib/tinyusb/src/common/tusb_fifo.c.obj
                0x10006234                tu_fifo_read_n
 .text.tu_fifo_write
                0x1000623e       0x64 src/CMakeFiles/dormant.dir/home/jtag/.pico-sdk/sdk/2.0.0/lib/tinyusb/src/common/tusb_fifo.c.obj
                0x1000623e                tu_fifo_write
 .text.tu_fifo_write_n
                0x100062a2        0xa src/CMakeFiles/dormant.dir/home/jtag/.pico-sdk/sdk/2.0.0/lib/tinyusb/src/common/tusb_fifo.c.obj
                0x100062a2                tu_fifo_write_n
 .text.tu_fifo_clear
                0x100062ac       0x3e src/CMakeFiles/dormant.dir/home/jtag/.pico-sdk/sdk/2.0.0/lib/tinyusb/src/common/tusb_fifo.c.obj
                0x100062ac                tu_fifo_clear
 .text.tu_fifo_set_overwritable
                0x100062ea       0x46 src/CMakeFiles/dormant.dir/home/jtag/.pico-sdk/sdk/2.0.0/lib/tinyusb/src/common/tusb_fifo.c.obj
                0x100062ea                tu_fifo_set_overwritable
 .text.dormant_source_valid
                0x10006330       0x10 src/CMakeFiles/dormant.dir/__/lib/pico-extras/src/rp2_common/pico_sleep/sleep.c.obj
                0x10006330                dormant_source_valid
 .text._go_dormant
                0x10006340       0x3c src/CMakeFiles/dormant.dir/__/lib/pico-extras/src/rp2_common/pico_sleep/sleep.c.obj
 .text.sleep_run_from_dormant_source
                0x1000637c       0xd4 src/CMakeFiles/dormant.dir/__/lib/pico-extras/src/rp2_common/pico_sleep/sleep.c.obj
                0x1000637c                sleep_run_from_dormant_source
 .text.sleep_goto_dormant_until_pin
                0x10006450       0x88 src/CMakeFiles/dormant.dir/__/lib/pico-extras/src/rp2_common/pico_sleep/sleep.c.obj
                0x10006450                sleep_goto_dormant_until_pin
 .text.sleep_power_up
                0x100064d8       0x28 src/CMakeFiles/dormant.dir/__/lib/pico-extras/src/rp2_common/pico_sleep/sleep.c.obj
                0x100064d8                sleep_power_up
 .text.rosc_write
                0x10006500       0x4c src/CMakeFiles/dormant.dir/__/lib/pico-extras/src/rp2_common/hardware_rosc/rosc.c.obj
 .text.rosc_disable
                0x1000654c       0x28 src/CMakeFiles/dormant.dir/__/lib/pico-extras/src/rp2_common/hardware_rosc/rosc.c.obj
                0x1000654c                rosc_disable
 .text.rosc_set_dormant
                0x10006574       0x20 src/CMakeFiles/dormant.dir/__/lib/pico-extras/src/rp2_common/hardware_rosc/rosc.c.obj
                0x10006574                rosc_set_dormant
 .text.rosc_enable
                0x10006594       0x1c src/CMakeFiles/dormant.dir/__/lib/pico-extras/src/rp2_common/hardware_rosc/rosc.c.obj
                0x10006594                rosc_enable
 .text.prvHeapInit
                0x100065b0       0x58 src/CMakeFiles/dormant.dir/__/lib/freertos/portable/MemMang/heap_4.c.obj
 .text.pvPortMalloc
                0x10006608      0x188 src/CMakeFiles/dormant.dir/__/lib/freertos/portable/MemMang/heap_4.c.obj
                0x10006608                pvPortMalloc
 .text.prvGetTicksToWaitBefore
                0x10006790       0x40 src/CMakeFiles/dormant.dir/__/lib/freertos/portable/ThirdParty/GCC/RP2040/port.c.obj
 .text.vPortYield
                0x100067d0       0x40 src/CMakeFiles/dormant.dir/__/lib/freertos/portable/ThirdParty/GCC/RP2040/port.c.obj
                0x100067d0                vPortYield
 .text.vPortEnterCritical
                0x10006810       0x18 src/CMakeFiles/dormant.dir/__/lib/freertos/portable/ThirdParty/GCC/RP2040/port.c.obj
                0x10006810                vPortEnterCritical
 .text.vPortEnableInterrupts
                0x10006828       0x28 src/CMakeFiles/dormant.dir/__/lib/freertos/portable/ThirdParty/GCC/RP2040/port.c.obj
                0x10006828                vPortEnableInterrupts
 .text.vPortExitCritical
                0x10006850       0x3c src/CMakeFiles/dormant.dir/__/lib/freertos/portable/ThirdParty/GCC/RP2040/port.c.obj
                0x10006850                vPortExitCritical
 .text.ulSetInterruptMaskFromISR
                0x1000688c        0x8 src/CMakeFiles/dormant.dir/__/lib/freertos/portable/ThirdParty/GCC/RP2040/port.c.obj
                0x1000688c                ulSetInterruptMaskFromISR
 .text.vClearInterruptMaskFromISR
                0x10006894        0x6 src/CMakeFiles/dormant.dir/__/lib/freertos/portable/ThirdParty/GCC/RP2040/port.c.obj
                0x10006894                vClearInterruptMaskFromISR
 *fill*         0x1000689a        0x2 
 .text.ulPortLockGetCurrentOwnerId
                0x1000689c       0x2c src/CMakeFiles/dormant.dir/__/lib/freertos/portable/ThirdParty/GCC/RP2040/port.c.obj
                0x1000689c                ulPortLockGetCurrentOwnerId
 .text.vPortLockInternalSpinUnlockWithWait
                0x100068c8       0xc8 src/CMakeFiles/dormant.dir/__/lib/freertos/portable/ThirdParty/GCC/RP2040/port.c.obj
                0x100068c8                vPortLockInternalSpinUnlockWithWait
 .text.vPortLockInternalSpinUnlockWithNotify
                0x10006990       0xd0 src/CMakeFiles/dormant.dir/__/lib/freertos/portable/ThirdParty/GCC/RP2040/port.c.obj
                0x10006990                vPortLockInternalSpinUnlockWithNotify
 .text.xPortLockInternalSpinUnlockWithBestEffortWaitOrTimeout
                0x10006a60      0x110 src/CMakeFiles/dormant.dir/__/lib/freertos/portable/ThirdParty/GCC/RP2040/port.c.obj
                0x10006a60                xPortLockInternalSpinUnlockWithBestEffortWaitOrTimeout
 .text.prvRuntimeInitializer
                0x10006b70       0x28 src/CMakeFiles/dormant.dir/__/lib/freertos/portable/ThirdParty/GCC/RP2040/port.c.obj
 .text.prvTestWaitCondition
                0x10006b98       0x1e src/CMakeFiles/dormant.dir/__/lib/freertos/event_groups.c.obj
 .text.xEventGroupCreate
                0x10006bb6       0x18 src/CMakeFiles/dormant.dir/__/lib/freertos/event_groups.c.obj
                0x10006bb6                xEventGroupCreate
 *fill*         0x10006bce        0x2 
 .text.xEventGroupWaitBits
                0x10006bd0      0x120 src/CMakeFiles/dormant.dir/__/lib/freertos/event_groups.c.obj
                0x10006bd0                xEventGroupWaitBits
 .text.xEventGroupSetBits
                0x10006cf0       0x9c src/CMakeFiles/dormant.dir/__/lib/freertos/event_groups.c.obj
                0x10006cf0                xEventGroupSetBits
 .text.vEventGroupSetBitsCallback
                0x10006d8c        0x8 src/CMakeFiles/dormant.dir/__/lib/freertos/event_groups.c.obj
                0x10006d8c                vEventGroupSetBitsCallback
 .text.xEventGroupSetBitsFromISR
                0x10006d94       0x18 src/CMakeFiles/dormant.dir/__/lib/freertos/event_groups.c.obj
                0x10006d94                xEventGroupSetBitsFromISR
 .text.vListInitialise
                0x10006dac       0x16 src/CMakeFiles/dormant.dir/__/lib/freertos/list.c.obj
                0x10006dac                vListInitialise
 .text.vListInsert
                0x10006dc2       0x2e src/CMakeFiles/dormant.dir/__/lib/freertos/list.c.obj
                0x10006dc2                vListInsert
 .text.uxListRemove
                0x10006df0       0x24 src/CMakeFiles/dormant.dir/__/lib/freertos/list.c.obj
                0x10006df0                uxListRemove
 .text.prvCopyDataToQueue
                0x10006e14       0x7e src/CMakeFiles/dormant.dir/__/lib/freertos/queue.c.obj
 *fill*         0x10006e92        0x2 
 .text.prvNotifyQueueSetContainer
                0x10006e94       0xa8 src/CMakeFiles/dormant.dir/__/lib/freertos/queue.c.obj
 .text.xQueueGenericSendFromISR
                0x10006f3c      0x13c src/CMakeFiles/dormant.dir/__/lib/freertos/queue.c.obj
                0x10006f3c                xQueueGenericSendFromISR
 .text.prvResetNextTaskUnblockTime
                0x10007078       0x2c src/CMakeFiles/dormant.dir/__/lib/freertos/tasks.c.obj
 .text.prvAddCurrentTaskToDelayedList
                0x100070a4       0xa8 src/CMakeFiles/dormant.dir/__/lib/freertos/tasks.c.obj
 .text.vTaskSuspendAll
                0x1000714c       0x10 src/CMakeFiles/dormant.dir/__/lib/freertos/tasks.c.obj
                0x1000714c                vTaskSuspendAll
 .text.uxTaskGetNumberOfTasks
                0x1000715c        0xc src/CMakeFiles/dormant.dir/__/lib/freertos/tasks.c.obj
                0x1000715c                uxTaskGetNumberOfTasks
 .text.xTaskIncrementTick
                0x10007168      0x17c src/CMakeFiles/dormant.dir/__/lib/freertos/tasks.c.obj
                0x10007168                xTaskIncrementTick
 .text.xTaskResumeAll
                0x100072e4      0x160 src/CMakeFiles/dormant.dir/__/lib/freertos/tasks.c.obj
                0x100072e4                xTaskResumeAll
 .text.vTaskPlaceOnUnorderedEventList
                0x10007444       0x80 src/CMakeFiles/dormant.dir/__/lib/freertos/tasks.c.obj
                0x10007444                vTaskPlaceOnUnorderedEventList
 .text.xTaskRemoveFromEventList
                0x100074c4      0x100 src/CMakeFiles/dormant.dir/__/lib/freertos/tasks.c.obj
                0x100074c4                xTaskRemoveFromEventList
 .text.vTaskRemoveFromUnorderedEventList
                0x100075c4       0xf4 src/CMakeFiles/dormant.dir/__/lib/freertos/tasks.c.obj
                0x100075c4                vTaskRemoveFromUnorderedEventList
 .text.xTaskGetCurrentTaskHandle
                0x100076b8        0xc src/CMakeFiles/dormant.dir/__/lib/freertos/tasks.c.obj
                0x100076b8                xTaskGetCurrentTaskHandle
 .text.xTaskGetSchedulerState
                0x100076c4       0x24 src/CMakeFiles/dormant.dir/__/lib/freertos/tasks.c.obj
                0x100076c4                xTaskGetSchedulerState
 .text.xTaskPriorityDisinherit
                0x100076e8       0xc0 src/CMakeFiles/dormant.dir/__/lib/freertos/tasks.c.obj
                0x100076e8                xTaskPriorityDisinherit
 .text.uxTaskResetEventItemValue
                0x100077a8       0x18 src/CMakeFiles/dormant.dir/__/lib/freertos/tasks.c.obj
                0x100077a8                uxTaskResetEventItemValue
 .text.xTimerPendFunctionCallFromISR
                0x100077c0       0x28 src/CMakeFiles/dormant.dir/__/lib/freertos/timers.c.obj
                0x100077c0                xTimerPendFunctionCallFromISR
 .text.strlen   0x100077e8       0x5c /home/jtag/.pico-sdk/toolchain/13_2_Rel1/bin/../lib/gcc/arm-none-eabi/13.2.1/../../../../arm-none-eabi/lib/thumb/v6-m/nofp/libg.a(libc_a-strlen-stub.o)
                0x100077e8                strlen
 *(.fini)
 .fini          0x10007844        0x4 /home/jtag/.pico-sdk/toolchain/13_2_Rel1/bin/../lib/gcc/arm-none-eabi/13.2.1/thumb/v6-m/nofp/crti.o
                0x10007844                _fini
 .fini.__stub   0x10007848       0xd0 linker stubs
 *crtbegin.o(.ctors)
 *crtbegin?.o(.ctors)
 *(EXCLUDE_FILE(*crtend.o *crtend?.o) .ctors)
 *(SORT_BY_NAME(.ctors.*))
 *(.ctors)
 *crtbegin.o(.dtors)
 *crtbegin?.o(.dtors)
 *(EXCLUDE_FILE(*crtend.o *crtend?.o) .dtors)
 *(SORT_BY_NAME(.dtors.*))
 *(.dtors)
                0x10007918                        . = ALIGN (0x4)
                0x10007918                        PROVIDE (__preinit_array_start = .)
 *(SORT_BY_NAME(.preinit_array.*))
 .preinit_array.00100
                0x10007918        0x4 src/CMakeFiles/dormant.dir/home/jtag/.pico-sdk/sdk/2.0.0/src/rp2_common/pico_runtime_init/runtime_init.c.obj
                0x10007918                __pre_init_runtime_init_early_resets
 .preinit_array.00101
                0x1000791c        0x4 src/CMakeFiles/dormant.dir/home/jtag/.pico-sdk/sdk/2.0.0/src/rp2_common/pico_runtime_init/runtime_init.c.obj
                0x1000791c                __pre_init_runtime_init_usb_power_down
 .preinit_array.00275
                0x10007920        0x4 src/CMakeFiles/dormant.dir/home/jtag/.pico-sdk/sdk/2.0.0/src/rp2_common/pico_bit_ops/bit_ops_aeabi.S.obj
 .preinit_array.00300
                0x10007924        0x4 src/CMakeFiles/dormant.dir/home/jtag/.pico-sdk/sdk/2.0.0/src/rp2_common/pico_mem_ops/mem_ops_aeabi.S.obj
 .preinit_array.00350
                0x10007928        0x4 src/CMakeFiles/dormant.dir/home/jtag/.pico-sdk/sdk/2.0.0/src/rp2_common/pico_double/double_aeabi_rp2040.S.obj
 .preinit_array.00350
                0x1000792c        0x4 src/CMakeFiles/dormant.dir/home/jtag/.pico-sdk/sdk/2.0.0/src/rp2_common/pico_float/float_aeabi_rp2040.S.obj
 .preinit_array.00500
                0x10007930        0x4 src/CMakeFiles/dormant.dir/home/jtag/.pico-sdk/sdk/2.0.0/src/rp2_common/pico_runtime_init/runtime_init.c.obj
                0x10007930                __pre_init_runtime_init_clocks
 .preinit_array.00600
                0x10007934        0x4 src/CMakeFiles/dormant.dir/home/jtag/.pico-sdk/sdk/2.0.0/src/rp2_common/pico_runtime_init/runtime_init.c.obj
                0x10007934                __pre_init_runtime_init_post_clock_resets
 .preinit_array.00700
                0x10007938        0x4 src/CMakeFiles/dormant.dir/home/jtag/.pico-sdk/sdk/2.0.0/src/rp2_common/pico_runtime_init/runtime_init.c.obj
                0x10007938                __pre_init_runtime_init_rp2040_gpio_ie_disable
 .preinit_array.01000
                0x1000793c        0x4 src/CMakeFiles/dormant.dir/home/jtag/.pico-sdk/sdk/2.0.0/src/rp2_common/pico_runtime_init/runtime_init.c.obj
                0x1000793c                __pre_init_runtime_init_spin_locks_reset
 .preinit_array.01100
                0x10007940        0x4 src/CMakeFiles/dormant.dir/home/jtag/.pico-sdk/sdk/2.0.0/src/common/pico_sync/mutex.c.obj
                0x10007940                __pre_init_runtime_init_mutex
 .preinit_array.10080
                0x10007944        0x4 src/CMakeFiles/dormant.dir/home/jtag/.pico-sdk/sdk/2.0.0/src/rp2_common/pico_runtime_init/runtime_init.c.obj
                0x10007944                __pre_init_runtime_init_install_ram_vector_table
 .preinit_array.11000
                0x10007948        0x4 src/CMakeFiles/dormant.dir/home/jtag/.pico-sdk/sdk/2.0.0/src/common/pico_time/time.c.obj
                0x10007948                __pre_init_runtime_init_default_alarm_pool
 .preinit_array.YYYYY
                0x1000794c        0x4 src/CMakeFiles/dormant.dir/home/jtag/.pico-sdk/sdk/2.0.0/src/rp2_common/pico_runtime/runtime.c.obj
                0x1000794c                __pre_init_first_per_core_initializer
 .preinit_array.ZZZZZ.01200
                0x10007950        0x4 src/CMakeFiles/dormant.dir/home/jtag/.pico-sdk/sdk/2.0.0/src/rp2_common/hardware_irq/irq.c.obj
                0x10007950                __pre_init_runtime_init_per_core_irq_priorities
 *(.preinit_array)
                0x10007954                        PROVIDE (__preinit_array_end = .)
                0x10007954                        . = ALIGN (0x4)
                0x10007954                        PROVIDE (__init_array_start = .)
 *(SORT_BY_NAME(.init_array.*))
 *(.init_array)
 .init_array    0x10007954        0x4 /home/jtag/.pico-sdk/toolchain/13_2_Rel1/bin/../lib/gcc/arm-none-eabi/13.2.1/thumb/v6-m/nofp/crtbegin.o
 .init_array    0x10007958        0x4 src/CMakeFiles/dormant.dir/home/jtag/.pico-sdk/sdk/2.0.0/src/rp2_common/pico_unique_id/unique_id.c.obj
 .init_array    0x1000795c        0x4 src/CMakeFiles/dormant.dir/__/lib/freertos/portable/ThirdParty/GCC/RP2040/port.c.obj
                0x10007960                        PROVIDE (__init_array_end = .)
                0x10007960                        . = ALIGN (0x4)
                [!provide]                        PROVIDE (__fini_array_start = .)
 *(SORT_BY_NAME(.fini_array.*))
 *(.fini_array)
                [!provide]                        PROVIDE (__fini_array_end = .)
 *(.eh_frame*)
 .eh_frame      0x10007960        0x0 /home/jtag/.pico-sdk/toolchain/13_2_Rel1/bin/../lib/gcc/arm-none-eabi/13.2.1/thumb/v6-m/nofp/crtbegin.o
                0x10007960                        . = ALIGN (0x4)

.glue_7         0x10007960        0x0
 .glue_7        0x10007960        0x0 linker stubs

.glue_7t        0x10007960        0x0
 .glue_7t       0x10007960        0x0 linker stubs

.vfp11_veneer   0x10007960        0x0
 .vfp11_veneer  0x10007960        0x0 linker stubs

.v4_bx          0x10007960        0x0
 .v4_bx         0x10007960        0x0 linker stubs

.iplt           0x10007960        0x0
 .iplt          0x10007960        0x0 /home/jtag/.pico-sdk/toolchain/13_2_Rel1/bin/../lib/gcc/arm-none-eabi/13.2.1/thumb/v6-m/nofp/crtbegin.o

.rodata         0x10007960     0x1edc
 *(EXCLUDE_FILE(*libm.a: *libc.a:*lib_a-mem*.o *libgcc.a:) .rodata*)
 .rodata.main.str1.4
                0x10007960     0x1511 src/CMakeFiles/dormant.dir/dormant_demo.c.obj
                                 0x7e (size before relaxing)
 *fill*         0x10008e71        0x3 
 .rodata.__bi_24.0
                0x10008e74        0x8 src/CMakeFiles/dormant.dir/home/jtag/.pico-sdk/sdk/2.0.0/src/rp2_common/pico_stdlib/stdlib.c.obj
 .rodata.rp2040_chip_version.str1.4
                0x10008e7c       0x79 src/CMakeFiles/dormant.dir/home/jtag/.pico-sdk/sdk/2.0.0/src/rp2040/pico_platform/platform.c.obj
 .rodata.__func__.0
                0x10008e7c       0x14 src/CMakeFiles/dormant.dir/home/jtag/.pico-sdk/sdk/2.0.0/src/rp2040/pico_platform/platform.c.obj
 .rodata.panic.str1.4
                0x10008e90       0x12 src/CMakeFiles/dormant.dir/home/jtag/.pico-sdk/sdk/2.0.0/src/rp2_common/pico_platform_panic/panic.c.obj
 .rodata.spin_lock_claim_unused.str1.4
                0x10008e90       0x1b src/CMakeFiles/dormant.dir/home/jtag/.pico-sdk/sdk/2.0.0/src/rp2_common/hardware_sync/sync.c.obj
 .rodata.resolve_j_16.str1.4
                0x10008e90       0x59 src/CMakeFiles/dormant.dir/home/jtag/.pico-sdk/sdk/2.0.0/src/rp2_common/hardware_irq/irq.c.obj
 .rodata.make_j_16.str1.4
                0x10008e90       0x30 src/CMakeFiles/dormant.dir/home/jtag/.pico-sdk/sdk/2.0.0/src/rp2_common/hardware_irq/irq.c.obj
 .rodata.irq_set_exclusive_handler.str1.4
                0x10008e90       0x36 src/CMakeFiles/dormant.dir/home/jtag/.pico-sdk/sdk/2.0.0/src/rp2_common/hardware_irq/irq.c.obj
 .rodata.irq_add_shared_handler.str1.4
                0x10008e90       0xd2 src/CMakeFiles/dormant.dir/home/jtag/.pico-sdk/sdk/2.0.0/src/rp2_common/hardware_irq/irq.c.obj
 .rodata.irq_add_tail_to_free_list.str1.4
                0x10008e90       0x3a src/CMakeFiles/dormant.dir/home/jtag/.pico-sdk/sdk/2.0.0/src/rp2_common/hardware_irq/irq.c.obj
 .rodata.user_irq_claim_unused.str1.4
                0x10008e90       0x1b src/CMakeFiles/dormant.dir/home/jtag/.pico-sdk/sdk/2.0.0/src/rp2_common/hardware_irq/irq.c.obj
 .rodata.__func__.0
                0x10008e90       0x1a src/CMakeFiles/dormant.dir/home/jtag/.pico-sdk/sdk/2.0.0/src/rp2_common/hardware_irq/irq.c.obj
 *fill*         0x10008eaa        0x2 
 .rodata.__func__.3
                0x10008eac        0xa src/CMakeFiles/dormant.dir/home/jtag/.pico-sdk/sdk/2.0.0/src/rp2_common/hardware_irq/irq.c.obj
 *fill*         0x10008eb6        0x2 
 .rodata.__func__.4
                0x10008eb8        0xd src/CMakeFiles/dormant.dir/home/jtag/.pico-sdk/sdk/2.0.0/src/rp2_common/hardware_irq/irq.c.obj
 *fill*         0x10008ec5        0x3 
 .rodata.__func__.5
                0x10008ec8       0x17 src/CMakeFiles/dormant.dir/home/jtag/.pico-sdk/sdk/2.0.0/src/rp2_common/hardware_irq/irq.c.obj
 *fill*         0x10008edf        0x1 
 .rodata.__func__.6
                0x10008ee0       0x1a src/CMakeFiles/dormant.dir/home/jtag/.pico-sdk/sdk/2.0.0/src/rp2_common/hardware_irq/irq.c.obj
 .rodata.runtime_init_mutex.str1.4
                0x10008efa       0x5c src/CMakeFiles/dormant.dir/home/jtag/.pico-sdk/sdk/2.0.0/src/common/pico_sync/mutex.c.obj
 .rodata.str1.4
                0x10008efa       0x51 src/CMakeFiles/dormant.dir/home/jtag/.pico-sdk/sdk/2.0.0/src/common/pico_sync/mutex.c.obj
 *fill*         0x10008efa        0x2 
 .rodata.__func__.1
                0x10008efc        0xb src/CMakeFiles/dormant.dir/home/jtag/.pico-sdk/sdk/2.0.0/src/common/pico_sync/mutex.c.obj
 *fill*         0x10008f07        0x1 
 .rodata.__func__.3
                0x10008f08       0x18 src/CMakeFiles/dormant.dir/home/jtag/.pico-sdk/sdk/2.0.0/src/common/pico_sync/mutex.c.obj
 .rodata.__func__.6
                0x10008f20       0x13 src/CMakeFiles/dormant.dir/home/jtag/.pico-sdk/sdk/2.0.0/src/common/pico_sync/mutex.c.obj
 .rodata.alarm_pool_irq_handler.str1.4
                0x10008f33       0x67 src/CMakeFiles/dormant.dir/home/jtag/.pico-sdk/sdk/2.0.0/src/common/pico_time/time.c.obj
 .rodata.alarm_pool_get_default.str1.4
                0x10008f33       0x21 src/CMakeFiles/dormant.dir/home/jtag/.pico-sdk/sdk/2.0.0/src/common/pico_time/time.c.obj
 .rodata.sleep_until.str1.4
                0x10008f33       0x4d src/CMakeFiles/dormant.dir/home/jtag/.pico-sdk/sdk/2.0.0/src/common/pico_time/time.c.obj
 *fill*         0x10008f33        0x1 
 .rodata.__func__.1
                0x10008f34       0x17 src/CMakeFiles/dormant.dir/home/jtag/.pico-sdk/sdk/2.0.0/src/common/pico_time/time.c.obj
 *fill*         0x10008f4b        0x1 
 .rodata.__func__.2
                0x10008f4c       0x17 src/CMakeFiles/dormant.dir/home/jtag/.pico-sdk/sdk/2.0.0/src/common/pico_time/time.c.obj
 .rodata.timer_hardware_alarm_claim.str1.4
                0x10008f63       0x22 src/CMakeFiles/dormant.dir/home/jtag/.pico-sdk/sdk/2.0.0/src/rp2_common/hardware_timer/timer.c.obj
 .rodata.clock_configure.str1.4
                0x10008f63       0x5b src/CMakeFiles/dormant.dir/home/jtag/.pico-sdk/sdk/2.0.0/src/rp2_common/hardware_clocks/clocks.c.obj
 *fill*         0x10008f63        0x1 
 .rodata.__func__.1
                0x10008f64       0x10 src/CMakeFiles/dormant.dir/home/jtag/.pico-sdk/sdk/2.0.0/src/rp2_common/hardware_clocks/clocks.c.obj
 .rodata.pll_init.str1.4
                0x10008f74      0x118 src/CMakeFiles/dormant.dir/home/jtag/.pico-sdk/sdk/2.0.0/src/rp2_common/hardware_pll/pll.c.obj
 .rodata.__func__.0
                0x10008f74        0x9 src/CMakeFiles/dormant.dir/home/jtag/.pico-sdk/sdk/2.0.0/src/rp2_common/hardware_pll/pll.c.obj
 .rodata.missing_double_func_shim.str1.4
                0x10008f7d       0x18 src/CMakeFiles/dormant.dir/home/jtag/.pico-sdk/sdk/2.0.0/src/rp2_common/pico_double/double_init_rom_rp2040.c.obj
 .rodata.__aeabi_double_init.str1.4
                0x10008f7d       0x97 src/CMakeFiles/dormant.dir/home/jtag/.pico-sdk/sdk/2.0.0/src/rp2_common/pico_double/double_init_rom_rp2040.c.obj
 *fill*         0x10008f7d        0x3 
 .rodata.__func__.0
                0x10008f80       0x14 src/CMakeFiles/dormant.dir/home/jtag/.pico-sdk/sdk/2.0.0/src/rp2_common/pico_double/double_init_rom_rp2040.c.obj
 .rodata.missing_float_func_shim.str1.4
                0x10008f94        0x1 src/CMakeFiles/dormant.dir/home/jtag/.pico-sdk/sdk/2.0.0/src/rp2_common/pico_float/float_init_rom_rp2040.c.obj
 .rodata.__aeabi_float_init.str1.4
                0x10008f94       0x85 src/CMakeFiles/dormant.dir/home/jtag/.pico-sdk/sdk/2.0.0/src/rp2_common/pico_float/float_init_rom_rp2040.c.obj
 .rodata.__func__.0
                0x10008f94       0x13 src/CMakeFiles/dormant.dir/home/jtag/.pico-sdk/sdk/2.0.0/src/rp2_common/pico_float/float_init_rom_rp2040.c.obj
 .rodata.str1.4
                0x10008fa7       0x30 src/CMakeFiles/dormant.dir/home/jtag/.pico-sdk/sdk/2.0.0/src/rp2_common/pico_standard_binary_info/standard_binary_info.c.obj
 *fill*         0x10008fa7        0x1 
 .rodata.__bi_84
                0x10008fa8        0xc src/CMakeFiles/dormant.dir/home/jtag/.pico-sdk/sdk/2.0.0/src/rp2_common/pico_standard_binary_info/standard_binary_info.c.obj
 .rodata.__bi_60
                0x10008fb4        0xc src/CMakeFiles/dormant.dir/home/jtag/.pico-sdk/sdk/2.0.0/src/rp2_common/pico_standard_binary_info/standard_binary_info.c.obj
 .rodata.__bi_54
                0x10008fc0        0xc src/CMakeFiles/dormant.dir/home/jtag/.pico-sdk/sdk/2.0.0/src/rp2_common/pico_standard_binary_info/standard_binary_info.c.obj
 .rodata.__bi_48
                0x10008fcc        0xc src/CMakeFiles/dormant.dir/home/jtag/.pico-sdk/sdk/2.0.0/src/rp2_common/pico_standard_binary_info/standard_binary_info.c.obj
 .rodata.__bi_42
                0x10008fd8        0xc src/CMakeFiles/dormant.dir/home/jtag/.pico-sdk/sdk/2.0.0/src/rp2_common/pico_standard_binary_info/standard_binary_info.c.obj
 .rodata.__bi_34
                0x10008fe4        0xc src/CMakeFiles/dormant.dir/home/jtag/.pico-sdk/sdk/2.0.0/src/rp2_common/pico_standard_binary_info/standard_binary_info.c.obj
 .rodata.__bi_26
                0x10008ff0        0xc src/CMakeFiles/dormant.dir/home/jtag/.pico-sdk/sdk/2.0.0/src/rp2_common/pico_standard_binary_info/standard_binary_info.c.obj
 .rodata._ftoa.str1.4
                0x10008ffc       0x15 src/CMakeFiles/dormant.dir/home/jtag/.pico-sdk/sdk/2.0.0/src/rp2_common/pico_printf/printf.c.obj
 .rodata._vsnprintf
                0x10008ffc      0x19c src/CMakeFiles/dormant.dir/home/jtag/.pico-sdk/sdk/2.0.0/src/rp2_common/pico_printf/printf.c.obj
 .rodata.pow10.0
                0x10009198       0x50 src/CMakeFiles/dormant.dir/home/jtag/.pico-sdk/sdk/2.0.0/src/rp2_common/pico_printf/printf.c.obj
 .rodata.__assert_func.str1.4
                0x100091e8       0x43 src/CMakeFiles/dormant.dir/home/jtag/.pico-sdk/sdk/2.0.0/src/rp2_common/pico_clib_interface/newlib_interface.c.obj
 .rodata.crlf_str.0
                0x100091e8        0x2 src/CMakeFiles/dormant.dir/home/jtag/.pico-sdk/sdk/2.0.0/src/rp2_common/pico_stdio/stdio.c.obj
 *fill*         0x100091ea        0x2 
 .rodata._resetd_driver
                0x100091ec       0x20 src/CMakeFiles/dormant.dir/home/jtag/.pico-sdk/sdk/2.0.0/src/rp2_common/pico_stdio_usb/reset_interface.c.obj
 .rodata.desc_ms_os_20
                0x1000920c       0xa6 src/CMakeFiles/dormant.dir/home/jtag/.pico-sdk/sdk/2.0.0/src/rp2_common/pico_stdio_usb/reset_interface.c.obj
 *fill*         0x100092b2        0x2 
 .rodata.desc_bos
                0x100092b4       0x21 src/CMakeFiles/dormant.dir/home/jtag/.pico-sdk/sdk/2.0.0/src/rp2_common/pico_stdio_usb/reset_interface.c.obj
                0x100092b4                desc_bos
 .rodata.stdio_usb_init.str1.4
                0x100092d5       0x51 src/CMakeFiles/dormant.dir/home/jtag/.pico-sdk/sdk/2.0.0/src/rp2_common/pico_stdio_usb/stdio_usb.c.obj
 .rodata.str1.4
                0x100092d5       0x13 src/CMakeFiles/dormant.dir/home/jtag/.pico-sdk/sdk/2.0.0/src/rp2_common/pico_stdio_usb/stdio_usb.c.obj
 *fill*         0x100092d5        0x3 
 .rodata.__bi_197.1
                0x100092d8        0xc src/CMakeFiles/dormant.dir/home/jtag/.pico-sdk/sdk/2.0.0/src/rp2_common/pico_stdio_usb/stdio_usb.c.obj
 .rodata.__func__.2
                0x100092e4        0xf src/CMakeFiles/dormant.dir/home/jtag/.pico-sdk/sdk/2.0.0/src/rp2_common/pico_stdio_usb/stdio_usb.c.obj
 .rodata.str1.4
                0x100092f3       0x2a src/CMakeFiles/dormant.dir/home/jtag/.pico-sdk/sdk/2.0.0/src/rp2_common/pico_stdio_usb/stdio_usb_descriptors.c.obj
 *fill*         0x100092f3        0x1 
 .rodata.usbd_desc_str
                0x100092f4       0x18 src/CMakeFiles/dormant.dir/home/jtag/.pico-sdk/sdk/2.0.0/src/rp2_common/pico_stdio_usb/stdio_usb_descriptors.c.obj
 .rodata.usbd_desc_cfg
                0x1000930c       0x54 src/CMakeFiles/dormant.dir/home/jtag/.pico-sdk/sdk/2.0.0/src/rp2_common/pico_stdio_usb/stdio_usb_descriptors.c.obj
 .rodata.usbd_desc_device
                0x10009360       0x12 src/CMakeFiles/dormant.dir/home/jtag/.pico-sdk/sdk/2.0.0/src/rp2_common/pico_stdio_usb/stdio_usb_descriptors.c.obj
 .rodata.pico_get_unique_board_id_string.str1.4
                0x10009372       0x51 src/CMakeFiles/dormant.dir/home/jtag/.pico-sdk/sdk/2.0.0/src/rp2_common/pico_unique_id/unique_id.c.obj
 *fill*         0x10009372        0x2 
 .rodata.__func__.0
                0x10009374       0x20 src/CMakeFiles/dormant.dir/home/jtag/.pico-sdk/sdk/2.0.0/src/rp2_common/pico_unique_id/unique_id.c.obj
 .rodata.str1.4
                0x10009394      0x195 src/CMakeFiles/dormant.dir/home/jtag/.pico-sdk/sdk/2.0.0/src/rp2_common/hardware_flash/flash.c.obj
 .rodata.__func__.0
                0x10009394        0xd src/CMakeFiles/dormant.dir/home/jtag/.pico-sdk/sdk/2.0.0/src/rp2_common/hardware_flash/flash.c.obj
 .rodata._hw_endpoint_alloc.str1.4
                0x100093a1       0xb9 src/CMakeFiles/dormant.dir/home/jtag/.pico-sdk/sdk/2.0.0/lib/tinyusb/src/portable/raspberrypi/rp2040/dcd_rp2040.c.obj
 .rodata.str1.4
                0x100093a1       0x14 src/CMakeFiles/dormant.dir/home/jtag/.pico-sdk/sdk/2.0.0/lib/tinyusb/src/portable/raspberrypi/rp2040/dcd_rp2040.c.obj
 .rodata.dcd_int_enable.str1.4
                0x100093a1        0xc src/CMakeFiles/dormant.dir/home/jtag/.pico-sdk/sdk/2.0.0/lib/tinyusb/src/portable/raspberrypi/rp2040/dcd_rp2040.c.obj
 *fill*         0x100093a1        0x3 
 .rodata.__func__.0
                0x100093a4        0xe src/CMakeFiles/dormant.dir/home/jtag/.pico-sdk/sdk/2.0.0/lib/tinyusb/src/portable/raspberrypi/rp2040/dcd_rp2040.c.obj
 *fill*         0x100093b2        0x2 
 .rodata.__func__.1
                0x100093b4        0xe src/CMakeFiles/dormant.dir/home/jtag/.pico-sdk/sdk/2.0.0/lib/tinyusb/src/portable/raspberrypi/rp2040/dcd_rp2040.c.obj
 *fill*         0x100093c2        0x2 
 .rodata.__func__.3
                0x100093c4       0x10 src/CMakeFiles/dormant.dir/home/jtag/.pico-sdk/sdk/2.0.0/lib/tinyusb/src/portable/raspberrypi/rp2040/dcd_rp2040.c.obj
 .rodata.__func__.5
                0x100093d4        0xf src/CMakeFiles/dormant.dir/home/jtag/.pico-sdk/sdk/2.0.0/lib/tinyusb/src/portable/raspberrypi/rp2040/dcd_rp2040.c.obj
 *fill*         0x100093e3        0x1 
 .rodata.__func__.6
                0x100093e4       0x13 src/CMakeFiles/dormant.dir/home/jtag/.pico-sdk/sdk/2.0.0/lib/tinyusb/src/portable/raspberrypi/rp2040/dcd_rp2040.c.obj
 *fill*         0x100093f7        0x1 
 .rodata.__func__.7
                0x100093f8        0x9 src/CMakeFiles/dormant.dir/home/jtag/.pico-sdk/sdk/2.0.0/lib/tinyusb/src/portable/raspberrypi/rp2040/dcd_rp2040.c.obj
 .rodata.str1.4
                0x10009401       0xe0 src/CMakeFiles/dormant.dir/home/jtag/.pico-sdk/sdk/2.0.0/lib/tinyusb/src/portable/raspberrypi/rp2040/rp2040_usb.c.obj
 .rodata.hw_endpoint_xfer_start.str1.4
                0x10009401       0x38 src/CMakeFiles/dormant.dir/home/jtag/.pico-sdk/sdk/2.0.0/lib/tinyusb/src/portable/raspberrypi/rp2040/rp2040_usb.c.obj
 *fill*         0x10009401        0x3 
 .rodata.__func__.0
                0x10009404        0xf src/CMakeFiles/dormant.dir/home/jtag/.pico-sdk/sdk/2.0.0/lib/tinyusb/src/portable/raspberrypi/rp2040/rp2040_usb.c.obj
 .rodata.configuration_reset.str1.4
                0x10009413       0x17 src/CMakeFiles/dormant.dir/home/jtag/.pico-sdk/sdk/2.0.0/lib/tinyusb/src/device/usbd.c.obj
 *fill*         0x10009413        0x1 
 .rodata.process_get_descriptor
                0x10009414       0x40 src/CMakeFiles/dormant.dir/home/jtag/.pico-sdk/sdk/2.0.0/lib/tinyusb/src/device/usbd.c.obj
 .rodata        0x10009454       0x1c src/CMakeFiles/dormant.dir/home/jtag/.pico-sdk/sdk/2.0.0/lib/tinyusb/src/device/usbd.c.obj
 .rodata.process_control_request
                0x10009470       0x28 src/CMakeFiles/dormant.dir/home/jtag/.pico-sdk/sdk/2.0.0/lib/tinyusb/src/device/usbd.c.obj
 .rodata.tud_task_ext
                0x10009498       0x24 src/CMakeFiles/dormant.dir/home/jtag/.pico-sdk/sdk/2.0.0/lib/tinyusb/src/device/usbd.c.obj
 .rodata.__func__.4
                0x100094bc        0xf src/CMakeFiles/dormant.dir/home/jtag/.pico-sdk/sdk/2.0.0/lib/tinyusb/src/device/usbd.c.obj
 *fill*         0x100094cb        0x1 