Archive member included to satisfy reference by file (symbol)

/home/jtag/.pico-sdk/toolchain/13_2_Rel1/bin/../lib/gcc/arm-none-eabi/13.2.1/thumb/v6-m/nofp/libgcc.a(_dvmd_tls.o)
                              src/CMakeFiles/sleep.dir/home/jtag/.pico-sdk/sdk/2.0.0/src/rp2_common/pico_divider/divider_hardware.S.obj (__aeabi_idiv0)
/home/jtag/.pico-sdk/toolchain/13_2_Rel1/bin/../lib/gcc/arm-none-eabi/13.2.1/../../../../arm-none-eabi/lib/thumb/v6-m/nofp/libg.a(libc_a-strncmp.o)
                              src/CMakeFiles/sleep.dir/home/jtag/.pico-sdk/sdk/2.0.0/lib/cyw43-driver/src/cyw43_ll.c.obj (strncmp)
/home/jtag/.pico-sdk/toolchain/13_2_Rel1/bin/../lib/gcc/arm-none-eabi/13.2.1/../../../../arm-none-eabi/lib/thumb/v6-m/nofp/libg.a(libc_a-lcltime_r.o)
                              src/CMakeFiles/sleep.dir/home/jtag/.pico-sdk/sdk/2.0.0/src/common/pico_util/datetime.c.obj (localtime_r)
/home/jtag/.pico-sdk/toolchain/13_2_Rel1/bin/../lib/gcc/arm-none-eabi/13.2.1/../../../../arm-none-eabi/lib/thumb/v6-m/nofp/libg.a(libc_a-mktime.o)
                              src/CMakeFiles/sleep.dir/home/jtag/.pico-sdk/sdk/2.0.0/src/common/pico_util/datetime.c.obj (mktime)
/home/jtag/.pico-sdk/toolchain/13_2_Rel1/bin/../lib/gcc/arm-none-eabi/13.2.1/../../../../arm-none-eabi/lib/thumb/v6-m/nofp/libg.a(libc_a-month_lengths.o)
                              /home/jtag/.pico-sdk/toolchain/13_2_Rel1/bin/../lib/gcc/arm-none-eabi/13.2.1/../../../../arm-none-eabi/lib/thumb/v6-m/nofp/libg.a(libc_a-lcltime_r.o) (__month_lengths)
/home/jtag/.pico-sdk/toolchain/13_2_Rel1/bin/../lib/gcc/arm-none-eabi/13.2.1/../../../../arm-none-eabi/lib/thumb/v6-m/nofp/libg.a(libc_a-tzcalc_limits.o)
                              /home/jtag/.pico-sdk/toolchain/13_2_Rel1/bin/../lib/gcc/arm-none-eabi/13.2.1/../../../../arm-none-eabi/lib/thumb/v6-m/nofp/libg.a(libc_a-lcltime_r.o) (__tzcalc_limits)
/home/jtag/.pico-sdk/toolchain/13_2_Rel1/bin/../lib/gcc/arm-none-eabi/13.2.1/../../../../arm-none-eabi/lib/thumb/v6-m/nofp/libg.a(libc_a-tzlock.o)
                              /home/jtag/.pico-sdk/toolchain/13_2_Rel1/bin/../lib/gcc/arm-none-eabi/13.2.1/../../../../arm-none-eabi/lib/thumb/v6-m/nofp/libg.a(libc_a-lcltime_r.o) (__tz_lock)
/home/jtag/.pico-sdk/toolchain/13_2_Rel1/bin/../lib/gcc/arm-none-eabi/13.2.1/../../../../arm-none-eabi/lib/thumb/v6-m/nofp/libg.a(libc_a-malloc.o)
                              src/CMakeFiles/sleep.dir/home/jtag/.pico-sdk/sdk/2.0.0/src/rp2_common/pico_malloc/malloc.c.obj (malloc)
/home/jtag/.pico-sdk/toolchain/13_2_Rel1/bin/../lib/gcc/arm-none-eabi/13.2.1/../../../../arm-none-eabi/lib/thumb/v6-m/nofp/libg.a(libc_a-mallocr.o)
                              /home/jtag/.pico-sdk/toolchain/13_2_Rel1/bin/../lib/gcc/arm-none-eabi/13.2.1/../../../../arm-none-eabi/lib/thumb/v6-m/nofp/libg.a(libc_a-malloc.o) (_malloc_r)
/home/jtag/.pico-sdk/toolchain/13_2_Rel1/bin/../lib/gcc/arm-none-eabi/13.2.1/../../../../arm-none-eabi/lib/thumb/v6-m/nofp/libg.a(libc_a-memcmp.o)
                              src/CMakeFiles/sleep.dir/home/jtag/.pico-sdk/sdk/2.0.0/src/rp2_common/pico_atomic/atomic.c.obj (memcmp)
/home/jtag/.pico-sdk/toolchain/13_2_Rel1/bin/../lib/gcc/arm-none-eabi/13.2.1/../../../../arm-none-eabi/lib/thumb/v6-m/nofp/libg.a(libc_a-memmove.o)
                              src/CMakeFiles/sleep.dir/home/jtag/.pico-sdk/sdk/2.0.0/lib/cyw43-driver/src/cyw43_ll.c.obj (memmove)
/home/jtag/.pico-sdk/toolchain/13_2_Rel1/bin/../lib/gcc/arm-none-eabi/13.2.1/../../../../arm-none-eabi/lib/thumb/v6-m/nofp/libg.a(libc_a-tzset.o)
                              /home/jtag/.pico-sdk/toolchain/13_2_Rel1/bin/../lib/gcc/arm-none-eabi/13.2.1/../../../../arm-none-eabi/lib/thumb/v6-m/nofp/libg.a(libc_a-lcltime_r.o) (_tzset_unlocked)
/home/jtag/.pico-sdk/toolchain/13_2_Rel1/bin/../lib/gcc/arm-none-eabi/13.2.1/../../../../arm-none-eabi/lib/thumb/v6-m/nofp/libg.a(libc_a-tzset_r.o)
                              /home/jtag/.pico-sdk/toolchain/13_2_Rel1/bin/../lib/gcc/arm-none-eabi/13.2.1/../../../../arm-none-eabi/lib/thumb/v6-m/nofp/libg.a(libc_a-tzset.o) (_tzset_unlocked_r)
/home/jtag/.pico-sdk/toolchain/13_2_Rel1/bin/../lib/gcc/arm-none-eabi/13.2.1/../../../../arm-none-eabi/lib/thumb/v6-m/nofp/libg.a(libc_a-init.o)
                              /home/jtag/.pico-sdk/toolchain/13_2_Rel1/bin/../lib/gcc/arm-none-eabi/13.2.1/../../../../arm-none-eabi/lib/thumb/v6-m/nofp/crt0.o (__libc_init_array)
/home/jtag/.pico-sdk/toolchain/13_2_Rel1/bin/../lib/gcc/arm-none-eabi/13.2.1/../../../../arm-none-eabi/lib/thumb/v6-m/nofp/libg.a(libc_a-tzvars.o)
                              /home/jtag/.pico-sdk/toolchain/13_2_Rel1/bin/../lib/gcc/arm-none-eabi/13.2.1/../../../../arm-none-eabi/lib/thumb/v6-m/nofp/libg.a(libc_a-tzset_r.o) (_timezone)
/home/jtag/.pico-sdk/toolchain/13_2_Rel1/bin/../lib/gcc/arm-none-eabi/13.2.1/../../../../arm-none-eabi/lib/thumb/v6-m/nofp/libg.a(libc_a-lock.o)
[...]
Memory Configuration

Name             Origin             Length             Attributes
FLASH            0x10000000         0x00200000         xr
RAM              0x20000000         0x00040000         xrw
SCRATCH_X        0x20040000         0x00001000         xrw
SCRATCH_Y        0x20041000         0x00001000         xrw
*default*        0x00000000         0xffffffff

Linker script and memory map

LOAD /home/jtag/.pico-sdk/toolchain/13_2_Rel1/bin/../lib/gcc/arm-none-eabi/13.2.1/thumb/v6-m/nofp/crti.o
LOAD /home/jtag/.pico-sdk/toolchain/13_2_Rel1/bin/../lib/gcc/arm-none-eabi/13.2.1/thumb/v6-m/nofp/crtbegin.o
LOAD /home/jtag/.pico-sdk/toolchain/13_2_Rel1/bin/../lib/gcc/arm-none-eabi/13.2.1/../../../../arm-none-eabi/lib/thumb/v6-m/nofp/crt0.o

.flash_begin    0x10000000        0x0
                0x10000000                        __flash_binary_start = .

.boot2          0x10000000      0x100
                0x10000000                        __boot2_start__ = .
 *(.boot2)
 .boot2         0x10000000      0x100 /tmp/ccrfeWWg.o
                0x10000100                        __boot2_end__ = .
                0x00000001                        ASSERT (((__boot2_end__ - __boot2_start__) == 0x100), ERROR: Pico second stage bootloader must be 256 bytes in size)

.text           0x10000100     0x5f50
                0x10000100                        __logical_binary_start = .
 *(.vectors)
 .vectors       0x10000100       0xd4 src/CMakeFiles/sleep.dir/home/jtag/.pico-sdk/sdk/2.0.0/src/rp2_common/pico_crt0/crt0.S.obj
                0x10000100                __vectors
                0x10000100                __VECTOR_TABLE
                0x100001c0                isr_invalid
                0x100001c0                __default_isrs_start
                0x100001c2                isr_nmi
                0x100001c4                isr_hardfault
                0x100001c6                isr_svcall
                0x100001c8                isr_pendsv
                0x100001ca                isr_systick
                0x100001cc                isr_irq30
                0x100001cc                __unhandled_user_irq
                0x100001cc                isr_irq13
                0x100001cc                isr_irq27
                0x100001cc                isr_irq31
                0x100001cc                isr_irq5
                0x100001cc                isr_irq11
                0x100001cc                isr_irq23
                0x100001cc                isr_irq18
                0x100001cc                isr_irq28
                0x100001cc                isr_irq19
                0x100001cc                isr_irq0
                0x100001cc                isr_irq6
                0x100001cc                isr_irq22
                0x100001cc                isr_irq17
                0x100001cc                isr_irq14
                0x100001cc                isr_irq2
                0x100001cc                isr_irq10
                0x100001cc                isr_irq8
                0x100001cc                isr_irq24
                0x100001cc                isr_irq1
                0x100001cc                isr_irq7
                0x100001cc                isr_irq21
                0x100001cc                isr_irq20
                0x100001cc                isr_irq15
                0x100001cc                isr_irq25
                0x100001cc                isr_irq4
                0x100001cc                isr_irq16
                0x100001cc                isr_irq29
                0x100001cc                isr_irq26
                0x100001cc                __default_isrs_end
                0x100001cc                isr_irq3
                0x100001cc                isr_irq12
                0x100001cc                isr_irq9
                0x100001d2                unhandled_user_irq_num_in_r0
 *(.binary_info_header)
 .binary_info_header
                0x100001d4       0x14 src/CMakeFiles/sleep.dir/home/jtag/.pico-sdk/sdk/2.0.0/src/rp2_common/pico_crt0/crt0.S.obj
                0x100001e8                        __binary_info_header_end = .
 *(.embedded_block)
                0x100001e8                        __embedded_block_end = .
 *(.reset)
 .reset         0x100001e8       0x9c src/CMakeFiles/sleep.dir/home/jtag/.pico-sdk/sdk/2.0.0/src/rp2_common/pico_crt0/crt0.S.obj
                0x100001e8                _entry_point
 *(.init)
 .init          0x10000284        0x4 /home/jtag/.pico-sdk/toolchain/13_2_Rel1/bin/../lib/gcc/arm-none-eabi/13.2.1/thumb/v6-m/nofp/crti.o
                0x10000284                _init
 *(EXCLUDE_FILE(*libm.a: *libc.a:*lib_a-mem*.o *libgcc.a:) .text*)
 .text.register_tm_clones
                0x10000288       0x28 /home/jtag/.pico-sdk/toolchain/13_2_Rel1/bin/../lib/gcc/arm-none-eabi/13.2.1/thumb/v6-m/nofp/crtbegin.o
 .text.frame_dummy
                0x100002b0       0x24 /home/jtag/.pico-sdk/toolchain/13_2_Rel1/bin/../lib/gcc/arm-none-eabi/13.2.1/thumb/v6-m/nofp/crtbegin.o
 .text.alarm_sleep_callback
                0x100002d4       0x38 src/CMakeFiles/sleep.dir/sleep_demo.c.obj
 .text.startup.main
                0x1000030c       0xa8 src/CMakeFiles/sleep.dir/sleep_demo.c.obj
                0x1000030c                main
 .text.setup_default_uart
                0x100003b4       0x2c src/CMakeFiles/sleep.dir/home/jtag/.pico-sdk/sdk/2.0.0/src/rp2_common/pico_stdlib/stdlib.c.obj
                0x100003b4                setup_default_uart
 .text.gpio_set_function
                0x100003e0       0x34 src/CMakeFiles/sleep.dir/home/jtag/.pico-sdk/sdk/2.0.0/src/rp2_common/hardware_gpio/gpio.c.obj
                0x100003e0                gpio_set_function
 .text.rp2040_chip_version
                0x10000414        0xc src/CMakeFiles/sleep.dir/home/jtag/.pico-sdk/sdk/2.0.0/src/rp2040/pico_platform/platform.c.obj
                0x10000414                rp2040_chip_version
 .text.panic    0x10000420       0x30 src/CMakeFiles/sleep.dir/home/jtag/.pico-sdk/sdk/2.0.0/src/rp2_common/pico_platform_panic/panic.c.obj
                0x10000420                panic
 .text.hw_claim_or_assert
                0x10000450       0x44 src/CMakeFiles/sleep.dir/home/jtag/.pico-sdk/sdk/2.0.0/src/common/hardware_claim/claim.c.obj
                0x10000450                hw_claim_or_assert
 .text.hw_claim_unused_from_range
                0x10000494       0x9c src/CMakeFiles/sleep.dir/home/jtag/.pico-sdk/sdk/2.0.0/src/common/hardware_claim/claim.c.obj
                0x10000494                hw_claim_unused_from_range
 .text.hw_claim_clear
                0x10000530       0x38 src/CMakeFiles/sleep.dir/home/jtag/.pico-sdk/sdk/2.0.0/src/common/hardware_claim/claim.c.obj
                0x10000530                hw_claim_clear
 .text.next_striped_spin_lock_num
                0x10000568       0x18 src/CMakeFiles/sleep.dir/home/jtag/.pico-sdk/sdk/2.0.0/src/rp2_common/hardware_sync/sync.c.obj
                0x10000568                next_striped_spin_lock_num
 .text.spin_lock_claim_unused
                0x10000580       0x24 src/CMakeFiles/sleep.dir/home/jtag/.pico-sdk/sdk/2.0.0/src/rp2_common/hardware_sync/sync.c.obj
                0x10000580                spin_lock_claim_unused
 .text.spin_locks_reset
                0x100005a4       0x1c src/CMakeFiles/sleep.dir/home/jtag/.pico-sdk/sdk/2.0.0/src/rp2_common/hardware_sync_spin_lock/sync_spin_lock.c.obj
                0x100005a4                spin_locks_reset
 .text.runtime_init_per_core_irq_priorities
                0x100005c0       0x24 src/CMakeFiles/sleep.dir/home/jtag/.pico-sdk/sdk/2.0.0/src/rp2_common/hardware_irq/irq.c.obj
                0x100005c0                runtime_init_per_core_irq_priorities
 .text.irq_set_enabled
                0x100005e4       0x24 src/CMakeFiles/sleep.dir/home/jtag/.pico-sdk/sdk/2.0.0/src/rp2_common/hardware_irq/irq.c.obj
                0x100005e4                irq_set_enabled
 .text.irq_is_enabled
                0x10000608       0x18 src/CMakeFiles/sleep.dir/home/jtag/.pico-sdk/sdk/2.0.0/src/rp2_common/hardware_irq/irq.c.obj
                0x10000608                irq_is_enabled
 .text.irq_set_pending
                0x10000620       0x10 src/CMakeFiles/sleep.dir/home/jtag/.pico-sdk/sdk/2.0.0/src/rp2_common/hardware_irq/irq.c.obj
                0x10000620                irq_set_pending
 .text.irq_has_shared_handler
                0x10000630       0x2c src/CMakeFiles/sleep.dir/home/jtag/.pico-sdk/sdk/2.0.0/src/rp2_common/hardware_irq/irq.c.obj
                0x10000630                irq_has_shared_handler
 .text.irq_get_vtable_handler
                0x1000065c       0x10 src/CMakeFiles/sleep.dir/home/jtag/.pico-sdk/sdk/2.0.0/src/rp2_common/hardware_irq/irq.c.obj
                0x1000065c                irq_get_vtable_handler
 .text.irq_set_exclusive_handler
                0x1000066c       0x54 src/CMakeFiles/sleep.dir/home/jtag/.pico-sdk/sdk/2.0.0/src/rp2_common/hardware_irq/irq.c.obj
                0x1000066c                irq_set_exclusive_handler
 .text.irq_add_shared_handler
                0x100006c0      0x1f4 src/CMakeFiles/sleep.dir/home/jtag/.pico-sdk/sdk/2.0.0/src/rp2_common/hardware_irq/irq.c.obj
                0x100006c0                irq_add_shared_handler
 .text.irq_remove_handler
                0x100008b4      0x1d4 src/CMakeFiles/sleep.dir/home/jtag/.pico-sdk/sdk/2.0.0/src/rp2_common/hardware_irq/irq.c.obj
                0x100008b4                irq_remove_handler
 .text.irq_add_tail_to_free_list
                0x10000a88       0xb4 src/CMakeFiles/sleep.dir/home/jtag/.pico-sdk/sdk/2.0.0/src/rp2_common/hardware_irq/irq.c.obj
                0x10000a88                irq_add_tail_to_free_list
 .text.user_irq_claim_unused
                0x10000b3c       0x2c src/CMakeFiles/sleep.dir/home/jtag/.pico-sdk/sdk/2.0.0/src/rp2_common/hardware_irq/irq.c.obj
                0x10000b3c                user_irq_claim_unused
 .text.lock_init
                0x10000b68       0x10 src/CMakeFiles/sleep.dir/home/jtag/.pico-sdk/sdk/2.0.0/src/common/pico_sync/lock_core.c.obj
                0x10000b68                lock_init
 .text.runtime_init_mutex
                0x10000b78       0x54 src/CMakeFiles/sleep.dir/home/jtag/.pico-sdk/sdk/2.0.0/src/common/pico_sync/mutex.c.obj
                0x10000b78                runtime_init_mutex
 .text.mutex_init
                0x10000bcc       0x1c src/CMakeFiles/sleep.dir/home/jtag/.pico-sdk/sdk/2.0.0/src/common/pico_sync/mutex.c.obj
                0x10000bcc                mutex_init
 .text.critical_section_init
                0x10000be8       0x1c src/CMakeFiles/sleep.dir/home/jtag/.pico-sdk/sdk/2.0.0/src/common/pico_sync/critical_section.c.obj
                0x10000be8                critical_section_init
 .text.critical_section_init_with_lock_num
                0x10000c04       0x14 src/CMakeFiles/sleep.dir/home/jtag/.pico-sdk/sdk/2.0.0/src/common/pico_sync/critical_section.c.obj
                0x10000c04                critical_section_init_with_lock_num
 .text.alarm_pool_irq_handler
                0x10000c18      0x2e4 src/CMakeFiles/sleep.dir/home/jtag/.pico-sdk/sdk/2.0.0/src/common/pico_time/time.c.obj
 .text.sleep_until_callback
                0x10000efc       0x24 src/CMakeFiles/sleep.dir/home/jtag/.pico-sdk/sdk/2.0.0/src/common/pico_time/time.c.obj
 .text.runtime_init_default_alarm_pool
                0x10000f20       0xdc src/CMakeFiles/sleep.dir/home/jtag/.pico-sdk/sdk/2.0.0/src/common/pico_time/time.c.obj
                0x10000f20                runtime_init_default_alarm_pool
 .text.alarm_pool_get_default
                0x10000ffc        0x8 src/CMakeFiles/sleep.dir/home/jtag/.pico-sdk/sdk/2.0.0/src/common/pico_time/time.c.obj
                0x10000ffc                alarm_pool_get_default
 .text.alarm_pool_add_alarm_at
                0x10001004       0xd4 src/CMakeFiles/sleep.dir/home/jtag/.pico-sdk/sdk/2.0.0/src/common/pico_time/time.c.obj
                0x10001004                alarm_pool_add_alarm_at
 .text.alarm_pool_add_alarm_at_force_in_context
                0x100010d8       0xb0 src/CMakeFiles/sleep.dir/home/jtag/.pico-sdk/sdk/2.0.0/src/common/pico_time/time.c.obj
                0x100010d8                alarm_pool_add_alarm_at_force_in_context
 .text.alarm_pool_cancel_alarm
                0x10001188       0x74 src/CMakeFiles/sleep.dir/home/jtag/.pico-sdk/sdk/2.0.0/src/common/pico_time/time.c.obj
                0x10001188                alarm_pool_cancel_alarm
 .text.alarm_pool_core_num
                0x100011fc        0x4 src/CMakeFiles/sleep.dir/home/jtag/.pico-sdk/sdk/2.0.0/src/common/pico_time/time.c.obj
                0x100011fc                alarm_pool_core_num
 .text.sleep_until
                0x10001200       0xcc src/CMakeFiles/sleep.dir/home/jtag/.pico-sdk/sdk/2.0.0/src/common/pico_time/time.c.obj
                0x10001200                sleep_until
 .text.sleep_ms
                0x100012cc       0x38 src/CMakeFiles/sleep.dir/home/jtag/.pico-sdk/sdk/2.0.0/src/common/pico_time/time.c.obj
                0x100012cc                sleep_ms
 .text.best_effort_wfe_or_timeout
                0x10001304      0x134 src/CMakeFiles/sleep.dir/home/jtag/.pico-sdk/sdk/2.0.0/src/common/pico_time/time.c.obj
                0x10001304                best_effort_wfe_or_timeout
 .text.hardware_alarm_irq_handler
                0x10001438       0xb0 src/CMakeFiles/sleep.dir/home/jtag/.pico-sdk/sdk/2.0.0/src/rp2_common/hardware_timer/timer.c.obj
 .text.timer_hardware_alarm_claim
                0x100014e8       0x14 src/CMakeFiles/sleep.dir/home/jtag/.pico-sdk/sdk/2.0.0/src/rp2_common/hardware_timer/timer.c.obj
                0x100014e8                timer_hardware_alarm_claim
 .text.hardware_alarm_unclaim
                0x100014fc       0x14 src/CMakeFiles/sleep.dir/home/jtag/.pico-sdk/sdk/2.0.0/src/rp2_common/hardware_timer/timer.c.obj
                0x100014fc                hardware_alarm_unclaim
 .text.hardware_alarm_claim_unused
                0x10001510       0x24 src/CMakeFiles/sleep.dir/home/jtag/.pico-sdk/sdk/2.0.0/src/rp2_common/hardware_timer/timer.c.obj
                0x10001510                hardware_alarm_claim_unused
 .text.timer_time_us_64
                0x10001534       0x10 src/CMakeFiles/sleep.dir/home/jtag/.pico-sdk/sdk/2.0.0/src/rp2_common/hardware_timer/timer.c.obj
                0x10001534                timer_time_us_64
 .text.time_us_64
                0x10001544       0x14 src/CMakeFiles/sleep.dir/home/jtag/.pico-sdk/sdk/2.0.0/src/rp2_common/hardware_timer/timer.c.obj
                0x10001544                time_us_64
 .text.busy_wait_us
                0x10001558       0x68 src/CMakeFiles/sleep.dir/home/jtag/.pico-sdk/sdk/2.0.0/src/rp2_common/hardware_timer/timer.c.obj
                0x10001558                busy_wait_us
 .text.busy_wait_until
                0x100015c0       0x20 src/CMakeFiles/sleep.dir/home/jtag/.pico-sdk/sdk/2.0.0/src/rp2_common/hardware_timer/timer.c.obj
                0x100015c0                busy_wait_until
 .text.hardware_alarm_set_callback
                0x100015e0       0x8c src/CMakeFiles/sleep.dir/home/jtag/.pico-sdk/sdk/2.0.0/src/rp2_common/hardware_timer/timer.c.obj
                0x100015e0                hardware_alarm_set_callback
 .text.hardware_alarm_set_target
                0x1000166c       0xd0 src/CMakeFiles/sleep.dir/home/jtag/.pico-sdk/sdk/2.0.0/src/rp2_common/hardware_timer/timer.c.obj
                0x1000166c                hardware_alarm_set_target
 .text.uart_init
                0x1000173c      0x120 src/CMakeFiles/sleep.dir/home/jtag/.pico-sdk/sdk/2.0.0/src/rp2_common/hardware_uart/uart.c.obj
                0x1000173c                uart_init
 .text.clock_stop
                0x1000185c       0x24 src/CMakeFiles/sleep.dir/home/jtag/.pico-sdk/sdk/2.0.0/src/rp2_common/hardware_clocks/clocks.c.obj
                0x1000185c                clock_stop
 .text.clock_configure
                0x10001880      0x110 src/CMakeFiles/sleep.dir/home/jtag/.pico-sdk/sdk/2.0.0/src/rp2_common/hardware_clocks/clocks.c.obj
                0x10001880                clock_configure
 .text.clock_configure_int_divider
                0x10001990       0xf4 src/CMakeFiles/sleep.dir/home/jtag/.pico-sdk/sdk/2.0.0/src/rp2_common/hardware_clocks/clocks.c.obj
                0x10001990                clock_configure_int_divider
 .text.clock_configure_undivided
                0x10001a84       0xe8 src/CMakeFiles/sleep.dir/home/jtag/.pico-sdk/sdk/2.0.0/src/rp2_common/hardware_clocks/clocks.c.obj
                0x10001a84                clock_configure_undivided
 .text.clock_get_hz
                0x10001b6c        0xc src/CMakeFiles/sleep.dir/home/jtag/.pico-sdk/sdk/2.0.0/src/rp2_common/hardware_clocks/clocks.c.obj
                0x10001b6c                clock_get_hz
 .text.pll_init
                0x10001b78       0xa4 src/CMakeFiles/sleep.dir/home/jtag/.pico-sdk/sdk/2.0.0/src/rp2_common/hardware_pll/pll.c.obj
                0x10001b78                pll_init
 .text.pll_deinit
                0x10001c1c        0x8 src/CMakeFiles/sleep.dir/home/jtag/.pico-sdk/sdk/2.0.0/src/rp2_common/hardware_pll/pll.c.obj
                0x10001c1c                pll_deinit
 .text.watchdog_reboot
                0x10001c24       0x9c src/CMakeFiles/sleep.dir/home/jtag/.pico-sdk/sdk/2.0.0/src/rp2_common/hardware_watchdog/watchdog.c.obj
                0x10001c24                watchdog_reboot
 .text.tick_start
                0x10001cc0       0x10 src/CMakeFiles/sleep.dir/home/jtag/.pico-sdk/sdk/2.0.0/src/rp2_common/hardware_ticks/ticks.c.obj
                0x10001cc0                tick_start
 .text.xosc_init
                0x10001cd0       0x28 src/CMakeFiles/sleep.dir/home/jtag/.pico-sdk/sdk/2.0.0/src/rp2_common/hardware_xosc/xosc.c.obj
                0x10001cd0                xosc_init
 .text.xosc_disable
                0x10001cf8       0x24 src/CMakeFiles/sleep.dir/home/jtag/.pico-sdk/sdk/2.0.0/src/rp2_common/hardware_xosc/xosc.c.obj
                0x10001cf8                xosc_disable
 .text.first_per_core_initializer
                0x10001d1c        0x4 src/CMakeFiles/sleep.dir/home/jtag/.pico-sdk/sdk/2.0.0/src/rp2_common/pico_runtime/runtime.c.obj
 .text.hard_assertion_failure
                0x10001d20        0xc src/CMakeFiles/sleep.dir/home/jtag/.pico-sdk/sdk/2.0.0/src/rp2_common/pico_runtime/runtime.c.obj
                0x10001d20                hard_assertion_failure
 .text.runtime_run_initializers
                0x10001d2c       0x28 src/CMakeFiles/sleep.dir/home/jtag/.pico-sdk/sdk/2.0.0/src/rp2_common/pico_runtime/runtime.c.obj
                0x10001d2c                runtime_run_initializers
 .text.runtime_init_early_resets
                0x10001d54       0x2c src/CMakeFiles/sleep.dir/home/jtag/.pico-sdk/sdk/2.0.0/src/rp2_common/pico_runtime_init/runtime_init.c.obj
                0x10001d54                runtime_init_early_resets
 .text.runtime_init_usb_power_down
                0x10001d80       0x1c src/CMakeFiles/sleep.dir/home/jtag/.pico-sdk/sdk/2.0.0/src/rp2_common/pico_runtime_init/runtime_init.c.obj
                0x10001d80                runtime_init_usb_power_down
 .text.runtime_init_post_clock_resets
                0x10001d9c       0x20 src/CMakeFiles/sleep.dir/home/jtag/.pico-sdk/sdk/2.0.0/src/rp2_common/pico_runtime_init/runtime_init.c.obj
                0x10001d9c                runtime_init_post_clock_resets
 .text.runtime_init_rp2040_gpio_ie_disable
                0x10001dbc       0x14 src/CMakeFiles/sleep.dir/home/jtag/.pico-sdk/sdk/2.0.0/src/rp2_common/pico_runtime_init/runtime_init.c.obj
                0x10001dbc                runtime_init_rp2040_gpio_ie_disable
 .text.runtime_init_spin_locks_reset
                0x10001dd0        0x8 src/CMakeFiles/sleep.dir/home/jtag/.pico-sdk/sdk/2.0.0/src/rp2_common/pico_runtime_init/runtime_init.c.obj
                0x10001dd0                runtime_init_spin_locks_reset
 .text.runtime_init_install_ram_vector_table
                0x10001dd8       0x1c src/CMakeFiles/sleep.dir/home/jtag/.pico-sdk/sdk/2.0.0/src/rp2_common/pico_runtime_init/runtime_init.c.obj
                0x10001dd8                runtime_init_install_ram_vector_table
 .text.runtime_init_clocks
                0x10001df4       0xd8 src/CMakeFiles/sleep.dir/home/jtag/.pico-sdk/sdk/2.0.0/src/rp2_common/pico_runtime_init/runtime_init_clocks.c.obj
                0x10001df4                runtime_init_clocks
 .text          0x10001ecc       0x10 src/CMakeFiles/sleep.dir/home/jtag/.pico-sdk/sdk/2.0.0/src/rp2_common/pico_bit_ops/bit_ops_aeabi.S.obj
 .text.rom_func_lookup
                0x10001edc       0x10 src/CMakeFiles/sleep.dir/home/jtag/.pico-sdk/sdk/2.0.0/src/rp2_common/pico_bootrom/bootrom.c.obj
                0x10001edc                rom_func_lookup
 .text.rom_data_lookup
                0x10001eec       0x10 src/CMakeFiles/sleep.dir/home/jtag/.pico-sdk/sdk/2.0.0/src/rp2_common/pico_bootrom/bootrom.c.obj
                0x10001eec                rom_data_lookup
 .text.rom_funcs_lookup
                0x10001efc       0x44 src/CMakeFiles/sleep.dir/home/jtag/.pico-sdk/sdk/2.0.0/src/rp2_common/pico_bootrom/bootrom.c.obj
                0x10001efc                rom_funcs_lookup
 .text.rom_reset_usb_boot
                0x10001f40       0x20 src/CMakeFiles/sleep.dir/home/jtag/.pico-sdk/sdk/2.0.0/src/rp2_common/pico_bootrom/bootrom.c.obj
                0x10001f40                rom_reset_usb_boot
 .text.__wrap___aeabi_uidiv
                0x10001f60       0x4c src/CMakeFiles/sleep.dir/home/jtag/.pico-sdk/sdk/2.0.0/src/rp2_common/pico_divider/divider_hardware.S.obj
                0x10001f60                __wrap___aeabi_uidiv
                0x10001f60                __wrap___aeabi_uidivmod
                0x10001f60                div_u32u32
                0x10001f60                divmod_u32u32
                0x10001f68                divmod_u32u32_unsafe
                0x10001f90                divmod_u32u32_savestate
 .text.__wrap___aeabi_ldiv
                0x10001fac      0x424 src/CMakeFiles/sleep.dir/home/jtag/.pico-sdk/sdk/2.0.0/src/rp2_common/pico_divider/divider_hardware.S.obj
                0x10001fac                div_s64s64
                0x10001fac                divmod_s64s64
                0x10001fac                __wrap___aeabi_ldivmod
                0x10001fdc                div_u64u64
                0x10001fdc                divmod_u64u64
                0x10001fdc                __wrap___aeabi_uldivmod
                0x10001fec                divmod_u64u64_savestate
                0x1000200c                divmod_s64s64_unsafe
                0x10002094                divmod_u64u64_unsafe
 .text.missing_double_func_shim
                0x100023d0        0xc src/CMakeFiles/sleep.dir/home/jtag/.pico-sdk/sdk/2.0.0/src/rp2_common/pico_double/double_init_rom_rp2040.c.obj
 .text.__aeabi_double_init
                0x100023dc       0xa0 src/CMakeFiles/sleep.dir/home/jtag/.pico-sdk/sdk/2.0.0/src/rp2_common/pico_double/double_init_rom_rp2040.c.obj
                0x100023dc                __aeabi_double_init
 .text.double_table_shim_on_use_helper
                0x1000247c       0x2c src/CMakeFiles/sleep.dir/home/jtag/.pico-sdk/sdk/2.0.0/src/rp2_common/pico_double/double_v1_rom_shim_rp2040.S.obj
                0x1000247c                double_table_shim_on_use_helper
 .text.__aeabi_lmul
                0x100024a8       0x32 src/CMakeFiles/sleep.dir/home/jtag/.pico-sdk/sdk/2.0.0/src/rp2_common/pico_int64_ops/pico_int64_ops_aeabi.S.obj
                0x100024a8                __wrap___aeabi_lmul
 *fill*         0x100024da        0x2 
 .text.missing_float_func_shim
                0x100024dc        0xc src/CMakeFiles/sleep.dir/home/jtag/.pico-sdk/sdk/2.0.0/src/rp2_common/pico_float/float_init_rom_rp2040.c.obj
 .text.__aeabi_float_init
                0x100024e8       0x5c src/CMakeFiles/sleep.dir/home/jtag/.pico-sdk/sdk/2.0.0/src/rp2_common/pico_float/float_init_rom_rp2040.c.obj
                0x100024e8                __aeabi_float_init
 .text          0x10002544       0x10 src/CMakeFiles/sleep.dir/home/jtag/.pico-sdk/sdk/2.0.0/src/rp2_common/pico_mem_ops/mem_ops_aeabi.S.obj
                0x10002544                __aeabi_mem_init
 .text.memset   0x10002554        0xc src/CMakeFiles/sleep.dir/home/jtag/.pico-sdk/sdk/2.0.0/src/rp2_common/pico_mem_ops/mem_ops_aeabi.S.obj
                0x10002554                __wrap_memset
 .text.memcpy   0x10002560        0xc src/CMakeFiles/sleep.dir/home/jtag/.pico-sdk/sdk/2.0.0/src/rp2_common/pico_mem_ops/mem_ops_aeabi.S.obj
                0x10002560                __wrap___aeabi_memcpy
                0x10002560                __wrap_memcpy
 .text._out_char
                0x1000256c       0x10 src/CMakeFiles/sleep.dir/home/jtag/.pico-sdk/sdk/2.0.0/src/rp2_common/pico_printf/printf.c.obj
 .text.weak_raw_vprintf
                0x1000257c       0x30 src/CMakeFiles/sleep.dir/home/jtag/.pico-sdk/sdk/2.0.0/src/rp2_common/pico_printf/printf.c.obj
                0x1000257c                weak_raw_vprintf
 .text._exit    0x100025ac        0xc src/CMakeFiles/sleep.dir/home/jtag/.pico-sdk/sdk/2.0.0/src/rp2_common/pico_clib_interface/newlib_interface.c.obj
                0x100025ac                _exit
 .text.exit     0x100025b8        0x8 src/CMakeFiles/sleep.dir/home/jtag/.pico-sdk/sdk/2.0.0/src/rp2_common/pico_clib_interface/newlib_interface.c.obj
                0x100025b8                exit
 .text.runtime_init
                0x100025c0       0x2c src/CMakeFiles/sleep.dir/home/jtag/.pico-sdk/sdk/2.0.0/src/rp2_common/pico_clib_interface/newlib_interface.c.obj
                0x100025c0                runtime_init
 .text.stdio_out_chars_no_crlf
                0x100025ec       0x10 src/CMakeFiles/sleep.dir/home/jtag/.pico-sdk/sdk/2.0.0/src/rp2_common/pico_stdio/stdio.c.obj
 .text.stdio_out_chars_crlf
                0x100025fc       0x94 src/CMakeFiles/sleep.dir/home/jtag/.pico-sdk/sdk/2.0.0/src/rp2_common/pico_stdio/stdio.c.obj
 .text.stdio_put_string
                0x10002690      0x100 src/CMakeFiles/sleep.dir/home/jtag/.pico-sdk/sdk/2.0.0/src/rp2_common/pico_stdio/stdio.c.obj
                0x10002690                stdio_put_string
 .text.stdio_set_driver_enabled
                0x10002790       0x30 src/CMakeFiles/sleep.dir/home/jtag/.pico-sdk/sdk/2.0.0/src/rp2_common/pico_stdio/stdio.c.obj
                0x10002790                stdio_set_driver_enabled
 .text.stdio_flush
                0x100027c0       0x28 src/CMakeFiles/sleep.dir/home/jtag/.pico-sdk/sdk/2.0.0/src/rp2_common/pico_stdio/stdio.c.obj
                0x100027c0                stdio_flush
 .text.stdio_init_all
                0x100027e8        0x8 src/CMakeFiles/sleep.dir/home/jtag/.pico-sdk/sdk/2.0.0/src/rp2_common/pico_stdio/stdio.c.obj
                0x100027e8                stdio_init_all
 .text.__wrap_putchar
                0x100027f0       0x98 src/CMakeFiles/sleep.dir/home/jtag/.pico-sdk/sdk/2.0.0/src/rp2_common/pico_stdio/stdio.c.obj
                0x100027f0                stdio_putchar
                0x100027f0                __wrap_putchar
 .text.__wrap_puts
                0x10002888       0x3c src/CMakeFiles/sleep.dir/home/jtag/.pico-sdk/sdk/2.0.0/src/rp2_common/pico_stdio/stdio.c.obj
                0x10002888                __wrap_puts
                0x10002888                stdio_puts
 .text.resetd_init
                0x100028c4        0x4 src/CMakeFiles/sleep.dir/home/jtag/.pico-sdk/sdk/2.0.0/src/rp2_common/pico_stdio_usb/reset_interface.c.obj
 .text.resetd_reset
                0x100028c8        0xc src/CMakeFiles/sleep.dir/home/jtag/.pico-sdk/sdk/2.0.0/src/rp2_common/pico_stdio_usb/reset_interface.c.obj
 .text.resetd_open
                0x100028d4       0x28 src/CMakeFiles/sleep.dir/home/jtag/.pico-sdk/sdk/2.0.0/src/rp2_common/pico_stdio_usb/reset_interface.c.obj
 .text.resetd_xfer_cb
                0x100028fc        0x4 src/CMakeFiles/sleep.dir/home/jtag/.pico-sdk/sdk/2.0.0/src/rp2_common/pico_stdio_usb/reset_interface.c.obj
 .text.resetd_control_xfer_cb
                0x10002900       0x54 src/CMakeFiles/sleep.dir/home/jtag/.pico-sdk/sdk/2.0.0/src/rp2_common/pico_stdio_usb/reset_interface.c.obj
 .text.tud_descriptor_bos_cb
                0x10002954        0x8 src/CMakeFiles/sleep.dir/home/jtag/.pico-sdk/sdk/2.0.0/src/rp2_common/pico_stdio_usb/reset_interface.c.obj
                0x10002954                tud_descriptor_bos_cb
 .text.tud_vendor_control_xfer_cb
                0x1000295c       0x34 src/CMakeFiles/sleep.dir/home/jtag/.pico-sdk/sdk/2.0.0/src/rp2_common/pico_stdio_usb/reset_interface.c.obj
                0x1000295c                tud_vendor_control_xfer_cb
 .text.usbd_app_driver_get_cb
                0x10002990        0xc src/CMakeFiles/sleep.dir/home/jtag/.pico-sdk/sdk/2.0.0/src/rp2_common/pico_stdio_usb/reset_interface.c.obj
                0x10002990                usbd_app_driver_get_cb
 .text.tud_cdc_line_coding_cb
                0x1000299c       0x28 src/CMakeFiles/sleep.dir/home/jtag/.pico-sdk/sdk/2.0.0/src/rp2_common/pico_stdio_usb/reset_interface.c.obj
                0x1000299c                tud_cdc_line_coding_cb
 .text.stdio_usb_set_chars_available_callback
                0x100029c4       0x14 src/CMakeFiles/sleep.dir/home/jtag/.pico-sdk/sdk/2.0.0/src/rp2_common/pico_stdio_usb/stdio_usb.c.obj
                0x100029c4                stdio_usb_set_chars_available_callback
 .text.usb_irq  0x100029d8       0x10 src/CMakeFiles/sleep.dir/home/jtag/.pico-sdk/sdk/2.0.0/src/rp2_common/pico_stdio_usb/stdio_usb.c.obj
 .text.timer_task
                0x100029e8       0x64 src/CMakeFiles/sleep.dir/home/jtag/.pico-sdk/sdk/2.0.0/src/rp2_common/pico_stdio_usb/stdio_usb.c.obj
 .text.stdio_usb_in_chars
                0x10002a4c       0x90 src/CMakeFiles/sleep.dir/home/jtag/.pico-sdk/sdk/2.0.0/src/rp2_common/pico_stdio_usb/stdio_usb.c.obj
                0x10002a4c                stdio_usb_in_chars
 .text.stdio_usb_out_flush
                0x10002adc       0x50 src/CMakeFiles/sleep.dir/home/jtag/.pico-sdk/sdk/2.0.0/src/rp2_common/pico_stdio_usb/stdio_usb.c.obj
 .text.stdio_usb_out_chars
                0x10002b2c      0x104 src/CMakeFiles/sleep.dir/home/jtag/.pico-sdk/sdk/2.0.0/src/rp2_common/pico_stdio_usb/stdio_usb.c.obj
 .text.low_priority_worker_irq
                0x10002c30       0xcc src/CMakeFiles/sleep.dir/home/jtag/.pico-sdk/sdk/2.0.0/src/rp2_common/pico_stdio_usb/stdio_usb.c.obj
 .text.stdio_usb_init
                0x10002cfc       0xe8 src/CMakeFiles/sleep.dir/home/jtag/.pico-sdk/sdk/2.0.0/src/rp2_common/pico_stdio_usb/stdio_usb.c.obj
                0x10002cfc                stdio_usb_init
 .text.tud_descriptor_device_cb
                0x10002de4        0x8 src/CMakeFiles/sleep.dir/home/jtag/.pico-sdk/sdk/2.0.0/src/rp2_common/pico_stdio_usb/stdio_usb_descriptors.c.obj
                0x10002de4                tud_descriptor_device_cb
 .text.tud_descriptor_configuration_cb
                0x10002dec        0x8 src/CMakeFiles/sleep.dir/home/jtag/.pico-sdk/sdk/2.0.0/src/rp2_common/pico_stdio_usb/stdio_usb_descriptors.c.obj
                0x10002dec                tud_descriptor_configuration_cb
 .text.tud_descriptor_string_cb
                0x10002df4       0x78 src/CMakeFiles/sleep.dir/home/jtag/.pico-sdk/sdk/2.0.0/src/rp2_common/pico_stdio_usb/stdio_usb_descriptors.c.obj
                0x10002df4                tud_descriptor_string_cb
 .text.startup._retrieve_unique_id_on_boot
                0x10002e6c       0x10 src/CMakeFiles/sleep.dir/home/jtag/.pico-sdk/sdk/2.0.0/src/rp2_common/pico_unique_id/unique_id.c.obj
 .text.pico_get_unique_board_id_string
                0x10002e7c      0x1a8 src/CMakeFiles/sleep.dir/home/jtag/.pico-sdk/sdk/2.0.0/src/rp2_common/pico_unique_id/unique_id.c.obj
                0x10002e7c                pico_get_unique_board_id_string
 .text.flash_get_unique_id
                0x10003024       0x3c src/CMakeFiles/sleep.dir/home/jtag/.pico-sdk/sdk/2.0.0/src/rp2_common/hardware_flash/flash.c.obj
                0x10003024                flash_get_unique_id
 .text.dcd_init
                0x10003060       0x8c src/CMakeFiles/sleep.dir/home/jtag/.pico-sdk/sdk/2.0.0/lib/tinyusb/src/portable/raspberrypi/rp2040/dcd_rp2040.c.obj
                0x10003060                dcd_init
 .text.dcd_int_enable
                0x100030ec        0xc src/CMakeFiles/sleep.dir/home/jtag/.pico-sdk/sdk/2.0.0/lib/tinyusb/src/portable/raspberrypi/rp2040/dcd_rp2040.c.obj
                0x100030ec                dcd_int_enable
 .text.dcd_set_address
                0x100030f8       0x14 src/CMakeFiles/sleep.dir/home/jtag/.pico-sdk/sdk/2.0.0/lib/tinyusb/src/portable/raspberrypi/rp2040/dcd_rp2040.c.obj
                0x100030f8                dcd_set_address
 .text.dcd_sof_enable
                0x1000310c       0x1c src/CMakeFiles/sleep.dir/home/jtag/.pico-sdk/sdk/2.0.0/lib/tinyusb/src/portable/raspberrypi/rp2040/dcd_rp2040.c.obj
                0x1000310c                dcd_sof_enable
 .text.dcd_edpt0_status_complete
                0x10003128       0x1c src/CMakeFiles/sleep.dir/home/jtag/.pico-sdk/sdk/2.0.0/lib/tinyusb/src/portable/raspberrypi/rp2040/dcd_rp2040.c.obj
                0x10003128                dcd_edpt0_status_complete
 .text.dcd_edpt_open
                0x10003144      0x108 src/CMakeFiles/sleep.dir/home/jtag/.pico-sdk/sdk/2.0.0/lib/tinyusb/src/portable/raspberrypi/rp2040/dcd_rp2040.c.obj
                0x10003144                dcd_edpt_open
 .text.dcd_edpt_close_all
                0x1000324c        0x8 src/CMakeFiles/sleep.dir/home/jtag/.pico-sdk/sdk/2.0.0/lib/tinyusb/src/portable/raspberrypi/rp2040/dcd_rp2040.c.obj
                0x1000324c                dcd_edpt_close_all
 .text.dcd_edpt_xfer
                0x10003254       0x24 src/CMakeFiles/sleep.dir/home/jtag/.pico-sdk/sdk/2.0.0/lib/tinyusb/src/portable/raspberrypi/rp2040/dcd_rp2040.c.obj
                0x10003254                dcd_edpt_xfer
 .text.dcd_edpt_stall
                0x10003278       0x34 src/CMakeFiles/sleep.dir/home/jtag/.pico-sdk/sdk/2.0.0/lib/tinyusb/src/portable/raspberrypi/rp2040/dcd_rp2040.c.obj
                0x10003278                dcd_edpt_stall
 .text.dcd_edpt_clear_stall
                0x100032ac       0x30 src/CMakeFiles/sleep.dir/home/jtag/.pico-sdk/sdk/2.0.0/lib/tinyusb/src/portable/raspberrypi/rp2040/dcd_rp2040.c.obj
                0x100032ac                dcd_edpt_clear_stall
 .text.rp2040_usb_init
                0x100032dc       0x40 src/CMakeFiles/sleep.dir/home/jtag/.pico-sdk/sdk/2.0.0/lib/tinyusb/src/portable/raspberrypi/rp2040/rp2040_usb.c.obj
                0x100032dc                rp2040_usb_init
 .text.hw_endpoint_xfer_start
                0x1000331c       0x40 src/CMakeFiles/sleep.dir/home/jtag/.pico-sdk/sdk/2.0.0/lib/tinyusb/src/portable/raspberrypi/rp2040/rp2040_usb.c.obj
                0x1000331c                hw_endpoint_xfer_start
 .text.tud_event_hook_cb
                0x1000335c        0x4 src/CMakeFiles/sleep.dir/home/jtag/.pico-sdk/sdk/2.0.0/lib/tinyusb/src/device/usbd.c.obj
                0x1000335c                tud_event_hook_cb
 .text.tud_sof_cb
                0x10003360        0x4 src/CMakeFiles/sleep.dir/home/jtag/.pico-sdk/sdk/2.0.0/lib/tinyusb/src/device/usbd.c.obj
                0x10003360                tud_sof_cb
 .text.tud_descriptor_device_qualifier_cb
                0x10003364        0x4 src/CMakeFiles/sleep.dir/home/jtag/.pico-sdk/sdk/2.0.0/lib/tinyusb/src/device/usbd.c.obj
                0x10003364                tud_descriptor_device_qualifier_cb
 .text.tud_descriptor_other_speed_configuration_cb
                0x10003368        0x4 src/CMakeFiles/sleep.dir/home/jtag/.pico-sdk/sdk/2.0.0/lib/tinyusb/src/device/usbd.c.obj
                0x10003368                tud_descriptor_other_speed_configuration_cb
 .text.tud_mount_cb
                0x1000336c        0x4 src/CMakeFiles/sleep.dir/home/jtag/.pico-sdk/sdk/2.0.0/lib/tinyusb/src/device/usbd.c.obj
                0x1000336c                tud_mount_cb
 .text.tud_umount_cb
                0x10003370        0x4 src/CMakeFiles/sleep.dir/home/jtag/.pico-sdk/sdk/2.0.0/lib/tinyusb/src/device/usbd.c.obj
                0x10003370                tud_umount_cb
 .text.tud_suspend_cb
                0x10003374        0x4 src/CMakeFiles/sleep.dir/home/jtag/.pico-sdk/sdk/2.0.0/lib/tinyusb/src/device/usbd.c.obj
                0x10003374                tud_suspend_cb
 .text.tud_resume_cb
                0x10003378        0x4 src/CMakeFiles/sleep.dir/home/jtag/.pico-sdk/sdk/2.0.0/lib/tinyusb/src/device/usbd.c.obj
                0x10003378                tud_resume_cb
 .text.tud_mounted
                0x1000337c       0x10 src/CMakeFiles/sleep.dir/home/jtag/.pico-sdk/sdk/2.0.0/lib/tinyusb/src/device/usbd.c.obj
                0x1000337c                tud_mounted
 .text.tud_suspended
                0x1000338c       0x10 src/CMakeFiles/sleep.dir/home/jtag/.pico-sdk/sdk/2.0.0/lib/tinyusb/src/device/usbd.c.obj
                0x1000338c                tud_suspended
 .text.tud_init
                0x1000339c       0xe4 src/CMakeFiles/sleep.dir/home/jtag/.pico-sdk/sdk/2.0.0/lib/tinyusb/src/device/usbd.c.obj
                0x1000339c                tud_init
 .text.tud_task_ext
                0x10003480      0x800 src/CMakeFiles/sleep.dir/home/jtag/.pico-sdk/sdk/2.0.0/lib/tinyusb/src/device/usbd.c.obj
                0x10003480                tud_task_ext
 .text.usbd_open_edpt_pair
                0x10003c80       0x9c src/CMakeFiles/sleep.dir/home/jtag/.pico-sdk/sdk/2.0.0/lib/tinyusb/src/device/usbd.c.obj
                0x10003c80                usbd_open_edpt_pair
 .text.usbd_edpt_open
                0x10003d1c       0x34 src/CMakeFiles/sleep.dir/home/jtag/.pico-sdk/sdk/2.0.0/lib/tinyusb/src/device/usbd.c.obj
                0x10003d1c                usbd_edpt_open
 .text.usbd_edpt_claim
                0x10003d50       0x28 src/CMakeFiles/sleep.dir/home/jtag/.pico-sdk/sdk/2.0.0/lib/tinyusb/src/device/usbd.c.obj
                0x10003d50                usbd_edpt_claim
 .text.usbd_edpt_release
                0x10003d78       0x28 src/CMakeFiles/sleep.dir/home/jtag/.pico-sdk/sdk/2.0.0/lib/tinyusb/src/device/usbd.c.obj
                0x10003d78                usbd_edpt_release
 .text.usbd_edpt_xfer
                0x10003da0       0x4c src/CMakeFiles/sleep.dir/home/jtag/.pico-sdk/sdk/2.0.0/lib/tinyusb/src/device/usbd.c.obj
                0x10003da0                usbd_edpt_xfer
 .text.tud_control_status
                0x10003dec       0x2c src/CMakeFiles/sleep.dir/home/jtag/.pico-sdk/sdk/2.0.0/lib/tinyusb/src/device/usbd_control.c.obj
                0x10003dec                tud_control_status
 .text.tud_control_xfer
                0x10003e18       0xac src/CMakeFiles/sleep.dir/home/jtag/.pico-sdk/sdk/2.0.0/lib/tinyusb/src/device/usbd_control.c.obj
                0x10003e18                tud_control_xfer
 .text.usbd_control_reset
                0x10003ec4       0x14 src/CMakeFiles/sleep.dir/home/jtag/.pico-sdk/sdk/2.0.0/lib/tinyusb/src/device/usbd_control.c.obj
                0x10003ec4                usbd_control_reset
 .text.usbd_control_set_complete_callback
                0x10003ed8        0xc src/CMakeFiles/sleep.dir/home/jtag/.pico-sdk/sdk/2.0.0/lib/tinyusb/src/device/usbd_control.c.obj
                0x10003ed8                usbd_control_set_complete_callback
 .text.usbd_control_set_request
                0x10003ee4       0x1c src/CMakeFiles/sleep.dir/home/jtag/.pico-sdk/sdk/2.0.0/lib/tinyusb/src/device/usbd_control.c.obj
                0x10003ee4                usbd_control_set_request
 .text.usbd_control_xfer_cb
                0x10003f00       0xec src/CMakeFiles/sleep.dir/home/jtag/.pico-sdk/sdk/2.0.0/lib/tinyusb/src/device/usbd_control.c.obj
                0x10003f00                usbd_control_xfer_cb
 .text._prep_out_transaction.isra.0
                0x10003fec       0x5c src/CMakeFiles/sleep.dir/home/jtag/.pico-sdk/sdk/2.0.0/lib/tinyusb/src/class/cdc/cdc_device.c.obj
 .text.tud_cdc_n_connected
                0x10004048       0x30 src/CMakeFiles/sleep.dir/home/jtag/.pico-sdk/sdk/2.0.0/lib/tinyusb/src/class/cdc/cdc_device.c.obj
                0x10004048                tud_cdc_n_connected
 .text.tud_cdc_n_available
                0x10004078       0x18 src/CMakeFiles/sleep.dir/home/jtag/.pico-sdk/sdk/2.0.0/lib/tinyusb/src/class/cdc/cdc_device.c.obj
                0x10004078                tud_cdc_n_available
 .text.tud_cdc_n_read
                0x10004090       0x98 src/CMakeFiles/sleep.dir/home/jtag/.pico-sdk/sdk/2.0.0/lib/tinyusb/src/class/cdc/cdc_device.c.obj
                0x10004090                tud_cdc_n_read
 .text.tud_cdc_n_write_flush
                0x10004128       0x78 src/CMakeFiles/sleep.dir/home/jtag/.pico-sdk/sdk/2.0.0/lib/tinyusb/src/class/cdc/cdc_device.c.obj
                0x10004128                tud_cdc_n_write_flush
 .text.tud_cdc_n_write
                0x100041a0       0x40 src/CMakeFiles/sleep.dir/home/jtag/.pico-sdk/sdk/2.0.0/lib/tinyusb/src/class/cdc/cdc_device.c.obj
                0x100041a0                tud_cdc_n_write
 .text.tud_cdc_n_write_available
                0x100041e0       0x18 src/CMakeFiles/sleep.dir/home/jtag/.pico-sdk/sdk/2.0.0/lib/tinyusb/src/class/cdc/cdc_device.c.obj
                0x100041e0                tud_cdc_n_write_available
 .text.cdcd_init
                0x100041f8       0x7c src/CMakeFiles/sleep.dir/home/jtag/.pico-sdk/sdk/2.0.0/lib/tinyusb/src/class/cdc/cdc_device.c.obj
                0x100041f8                cdcd_init
 .text.cdcd_deinit
                0x10004274       0x34 src/CMakeFiles/sleep.dir/home/jtag/.pico-sdk/sdk/2.0.0/lib/tinyusb/src/class/cdc/cdc_device.c.obj
                0x10004274                cdcd_deinit
 .text.cdcd_reset
                0x100042a8       0x4c src/CMakeFiles/sleep.dir/home/jtag/.pico-sdk/sdk/2.0.0/lib/tinyusb/src/class/cdc/cdc_device.c.obj
                0x100042a8                cdcd_reset
 .text.cdcd_open
                0x100042f4       0xb0 src/CMakeFiles/sleep.dir/home/jtag/.pico-sdk/sdk/2.0.0/lib/tinyusb/src/class/cdc/cdc_device.c.obj
                0x100042f4                cdcd_open
 .text.cdcd_control_xfer_cb
                0x100043a4       0xe4 src/CMakeFiles/sleep.dir/home/jtag/.pico-sdk/sdk/2.0.0/lib/tinyusb/src/class/cdc/cdc_device.c.obj
                0x100043a4                cdcd_control_xfer_cb
 .text.cdcd_xfer_cb
                0x10004488      0x100 src/CMakeFiles/sleep.dir/home/jtag/.pico-sdk/sdk/2.0.0/lib/tinyusb/src/class/cdc/cdc_device.c.obj
                0x10004488                cdcd_xfer_cb
 .text.tud_vendor_n_write_flush
                0x10004588       0x78 src/CMakeFiles/sleep.dir/home/jtag/.pico-sdk/sdk/2.0.0/lib/tinyusb/src/class/vendor/vendor_device.c.obj
                0x10004588                tud_vendor_n_write_flush
 .text.vendord_init
                0x10004600       0x64 src/CMakeFiles/sleep.dir/home/jtag/.pico-sdk/sdk/2.0.0/lib/tinyusb/src/class/vendor/vendor_device.c.obj
                0x10004600                vendord_init
 .text.vendord_deinit
                0x10004664       0x34 src/CMakeFiles/sleep.dir/home/jtag/.pico-sdk/sdk/2.0.0/lib/tinyusb/src/class/vendor/vendor_device.c.obj
                0x10004664                vendord_deinit
 .text.vendord_reset
                0x10004698       0x1c src/CMakeFiles/sleep.dir/home/jtag/.pico-sdk/sdk/2.0.0/lib/tinyusb/src/class/vendor/vendor_device.c.obj
                0x10004698                vendord_reset
 .text.vendord_open
                0x100046b4       0xd8 src/CMakeFiles/sleep.dir/home/jtag/.pico-sdk/sdk/2.0.0/lib/tinyusb/src/class/vendor/vendor_device.c.obj
                0x100046b4                vendord_open
 .text.vendord_xfer_cb
                0x1000478c       0xc8 src/CMakeFiles/sleep.dir/home/jtag/.pico-sdk/sdk/2.0.0/lib/tinyusb/src/class/vendor/vendor_device.c.obj
                0x1000478c                vendord_xfer_cb
 .text.tusb_init
                0x10004854        0xc src/CMakeFiles/sleep.dir/home/jtag/.pico-sdk/sdk/2.0.0/lib/tinyusb/src/tusb.c.obj
                0x10004854                tusb_init
 .text.tu_edpt_claim
                0x10004860       0x50 src/CMakeFiles/sleep.dir/home/jtag/.pico-sdk/sdk/2.0.0/lib/tinyusb/src/tusb.c.obj
                0x10004860                tu_edpt_claim
 .text.tu_edpt_release
                0x100048b0       0x38 src/CMakeFiles/sleep.dir/home/jtag/.pico-sdk/sdk/2.0.0/lib/tinyusb/src/tusb.c.obj
                0x100048b0                tu_edpt_release
 .text.tu_edpt_validate
                0x100048e8       0x7c src/CMakeFiles/sleep.dir/home/jtag/.pico-sdk/sdk/2.0.0/lib/tinyusb/src/tusb.c.obj
                0x100048e8                tu_edpt_validate
 .text.tu_edpt_bind_driver
                0x10004964       0x34 src/CMakeFiles/sleep.dir/home/jtag/.pico-sdk/sdk/2.0.0/lib/tinyusb/src/tusb.c.obj
                0x10004964                tu_edpt_bind_driver
 .text.tu_fifo_config
                0x10004998       0x6c src/CMakeFiles/sleep.dir/home/jtag/.pico-sdk/sdk/2.0.0/lib/tinyusb/src/common/tusb_fifo.c.obj
                0x10004998                tu_fifo_config
 .text.tu_fifo_count
                0x10004a04       0x2c src/CMakeFiles/sleep.dir/home/jtag/.pico-sdk/sdk/2.0.0/lib/tinyusb/src/common/tusb_fifo.c.obj
                0x10004a04                tu_fifo_count
 .text.tu_fifo_empty
                0x10004a30       0x10 src/CMakeFiles/sleep.dir/home/jtag/.pico-sdk/sdk/2.0.0/lib/tinyusb/src/common/tusb_fifo.c.obj
                0x10004a30                tu_fifo_empty
 .text.tu_fifo_remaining
                0x10004a40       0x2c src/CMakeFiles/sleep.dir/home/jtag/.pico-sdk/sdk/2.0.0/lib/tinyusb/src/common/tusb_fifo.c.obj
                0x10004a40                tu_fifo_remaining
 .text.tu_fifo_read
                0x10004a6c       0x9c src/CMakeFiles/sleep.dir/home/jtag/.pico-sdk/sdk/2.0.0/lib/tinyusb/src/common/tusb_fifo.c.obj
                0x10004a6c                tu_fifo_read
 .text.tu_fifo_read_n
                0x10004b08       0xe8 src/CMakeFiles/sleep.dir/home/jtag/.pico-sdk/sdk/2.0.0/lib/tinyusb/src/common/tusb_fifo.c.obj
                0x10004b08                tu_fifo_read_n
 .text.tu_fifo_write
                0x10004bf0       0xa8 src/CMakeFiles/sleep.dir/home/jtag/.pico-sdk/sdk/2.0.0/lib/tinyusb/src/common/tusb_fifo.c.obj
                0x10004bf0                tu_fifo_write
 .text.tu_fifo_write_n
                0x10004c98      0x178 src/CMakeFiles/sleep.dir/home/jtag/.pico-sdk/sdk/2.0.0/lib/tinyusb/src/common/tusb_fifo.c.obj
                0x10004c98                tu_fifo_write_n
 .text.tu_fifo_clear
                0x10004e10       0x40 src/CMakeFiles/sleep.dir/home/jtag/.pico-sdk/sdk/2.0.0/lib/tinyusb/src/common/tusb_fifo.c.obj
                0x10004e10                tu_fifo_clear
 .text.tu_fifo_set_overwritable
                0x10004e50       0x48 src/CMakeFiles/sleep.dir/home/jtag/.pico-sdk/sdk/2.0.0/lib/tinyusb/src/common/tusb_fifo.c.obj
                0x10004e50                tu_fifo_set_overwritable
 .text.sleep_run_from_dormant_source
                0x10004e98       0xe8 src/CMakeFiles/sleep.dir/__/lib/pico-extras/src/rp2_common/pico_sleep/sleep.c.obj
                0x10004e98                sleep_run_from_dormant_source
 .text.sleep_goto_sleep_for
                0x10004f80       0x8c src/CMakeFiles/sleep.dir/__/lib/pico-extras/src/rp2_common/pico_sleep/sleep.c.obj
                0x10004f80                sleep_goto_sleep_for
 .text.sleep_power_up
                0x1000500c       0x28 src/CMakeFiles/sleep.dir/__/lib/pico-extras/src/rp2_common/pico_sleep/sleep.c.obj
                0x1000500c                sleep_power_up
 .text.rosc_disable
                0x10005034       0x30 src/CMakeFiles/sleep.dir/__/lib/pico-extras/src/rp2_common/hardware_rosc/rosc.c.obj
                0x10005034                rosc_disable
 .text.rosc_enable
                0x10005064       0x24 src/CMakeFiles/sleep.dir/__/lib/pico-extras/src/rp2_common/hardware_rosc/rosc.c.obj
                0x10005064                rosc_enable
 .text.pvPortMalloc
                0x10005088      0x124 src/CMakeFiles/sleep.dir/__/lib/freertos/portable/MemMang/heap_4.c.obj
                0x10005088                pvPortMalloc
 .text.vPortYield
                0x100051ac       0x18 src/CMakeFiles/sleep.dir/__/lib/freertos/portable/ThirdParty/GCC/RP2040/port.c.obj
                0x100051ac                vPortYield
 .text.vPortEnterCritical
                0x100051c4       0x18 src/CMakeFiles/sleep.dir/__/lib/freertos/portable/ThirdParty/GCC/RP2040/port.c.obj
                0x100051c4                vPortEnterCritical
 .text.vPortExitCritical
                0x100051dc       0x34 src/CMakeFiles/sleep.dir/__/lib/freertos/portable/ThirdParty/GCC/RP2040/port.c.obj
                0x100051dc                vPortExitCritical
 .text.ulSetInterruptMaskFromISR
                0x10005210        0x8 src/CMakeFiles/sleep.dir/__/lib/freertos/portable/ThirdParty/GCC/RP2040/port.c.obj
                0x10005210                ulSetInterruptMaskFromISR
 .text.vClearInterruptMaskFromISR
                0x10005218        0x8 src/CMakeFiles/sleep.dir/__/lib/freertos/portable/ThirdParty/GCC/RP2040/port.c.obj
                0x10005218                vClearInterruptMaskFromISR
 .text.ulPortLockGetCurrentOwnerId
                0x10005220       0x2c src/CMakeFiles/sleep.dir/__/lib/freertos/portable/ThirdParty/GCC/RP2040/port.c.obj
                0x10005220                ulPortLockGetCurrentOwnerId
 .text.vPortLockInternalSpinUnlockWithWait
                0x1000524c       0x68 src/CMakeFiles/sleep.dir/__/lib/freertos/portable/ThirdParty/GCC/RP2040/port.c.obj
                0x1000524c                vPortLockInternalSpinUnlockWithWait
 .text.vPortLockInternalSpinUnlockWithNotify
                0x100052b4       0xc8 src/CMakeFiles/sleep.dir/__/lib/freertos/portable/ThirdParty/GCC/RP2040/port.c.obj
                0x100052b4                vPortLockInternalSpinUnlockWithNotify
 .text.xPortLockInternalSpinUnlockWithBestEffortWaitOrTimeout
                0x1000537c       0xfc src/CMakeFiles/sleep.dir/__/lib/freertos/portable/ThirdParty/GCC/RP2040/port.c.obj
                0x1000537c                xPortLockInternalSpinUnlockWithBestEffortWaitOrTimeout
 .text.startup.prvRuntimeInitializer
                0x10005478       0x28 src/CMakeFiles/sleep.dir/__/lib/freertos/portable/ThirdParty/GCC/RP2040/port.c.obj
 .text.vEventGroupSetBitsCallback
                0x100054a0       0x90 src/CMakeFiles/sleep.dir/__/lib/freertos/event_groups.c.obj
                0x100054a0                vEventGroupSetBitsCallback
 .text.xEventGroupCreate
                0x10005530       0x18 src/CMakeFiles/sleep.dir/__/lib/freertos/event_groups.c.obj
                0x10005530                xEventGroupCreate
 .text.xEventGroupWaitBits
                0x10005548       0xb8 src/CMakeFiles/sleep.dir/__/lib/freertos/event_groups.c.obj
                0x10005548                xEventGroupWaitBits
 .text.xEventGroupSetBits
                0x10005600       0x9c src/CMakeFiles/sleep.dir/__/lib/freertos/event_groups.c.obj
                0x10005600                xEventGroupSetBits
 .text.xEventGroupSetBitsFromISR
                0x1000569c       0x18 src/CMakeFiles/sleep.dir/__/lib/freertos/event_groups.c.obj
                0x1000569c                xEventGroupSetBitsFromISR
 .text.vListInitialise
                0x100056b4       0x18 src/CMakeFiles/sleep.dir/__/lib/freertos/list.c.obj
                0x100056b4                vListInitialise
 .text.vListInsert
                0x100056cc       0x30 src/CMakeFiles/sleep.dir/__/lib/freertos/list.c.obj
                0x100056cc                vListInsert
 .text.uxListRemove
                0x100056fc       0x20 src/CMakeFiles/sleep.dir/__/lib/freertos/list.c.obj
                0x100056fc                uxListRemove
 .text.prvNotifyQueueSetContainer
                0x1000571c       0x90 src/CMakeFiles/sleep.dir/__/lib/freertos/queue.c.obj
 .text.xQueueGenericSendFromISR
                0x100057ac      0x134 src/CMakeFiles/sleep.dir/__/lib/freertos/queue.c.obj
                0x100057ac                xQueueGenericSendFromISR
 .text.xTaskIncrementTick.part.0
                0x100058e0      0x190 src/CMakeFiles/sleep.dir/__/lib/freertos/tasks.c.obj
 .text.vTaskSuspendAll
                0x10005a70       0x10 src/CMakeFiles/sleep.dir/__/lib/freertos/tasks.c.obj
                0x10005a70                vTaskSuspendAll
 .text.xTaskResumeAll
                0x10005a80      0x188 src/CMakeFiles/sleep.dir/__/lib/freertos/tasks.c.obj
                0x10005a80                xTaskResumeAll
 .text.uxTaskGetNumberOfTasks
                0x10005c08        0xc src/CMakeFiles/sleep.dir/__/lib/freertos/tasks.c.obj
                0x10005c08                uxTaskGetNumberOfTasks
 .text.vTaskPlaceOnUnorderedEventList
                0x10005c14       0xc4 src/CMakeFiles/sleep.dir/__/lib/freertos/tasks.c.obj
                0x10005c14                vTaskPlaceOnUnorderedEventList
 .text.xTaskRemoveFromEventList
                0x10005cd8       0xcc src/CMakeFiles/sleep.dir/__/lib/freertos/tasks.c.obj
                0x10005cd8                xTaskRemoveFromEventList
 .text.vTaskRemoveFromUnorderedEventList
                0x10005da4       0x94 src/CMakeFiles/sleep.dir/__/lib/freertos/tasks.c.obj
                0x10005da4                vTaskRemoveFromUnorderedEventList
 .text.xTaskGetCurrentTaskHandle
                0x10005e38        0xc src/CMakeFiles/sleep.dir/__/lib/freertos/tasks.c.obj
                0x10005e38                xTaskGetCurrentTaskHandle
 .text.xTaskPriorityDisinherit
                0x10005e44       0x64 src/CMakeFiles/sleep.dir/__/lib/freertos/tasks.c.obj
                0x10005e44                xTaskPriorityDisinherit
 .text.uxTaskResetEventItemValue
                0x10005ea8       0x18 src/CMakeFiles/sleep.dir/__/lib/freertos/tasks.c.obj
                0x10005ea8                uxTaskResetEventItemValue
 .text.xTimerPendFunctionCallFromISR
                0x10005ec0       0x28 src/CMakeFiles/sleep.dir/__/lib/freertos/timers.c.obj
                0x10005ec0                xTimerPendFunctionCallFromISR
 .text.strlen   0x10005ee8       0x5c /home/jtag/.pico-sdk/toolchain/13_2_Rel1/bin/../lib/gcc/arm-none-eabi/13.2.1/../../../../arm-none-eabi/lib/thumb/v6-m/nofp/libg.a(libc_a-strlen-stub.o)
                0x10005ee8                strlen
 *(.fini)
 .fini          0x10005f44        0x4 /home/jtag/.pico-sdk/toolchain/13_2_Rel1/bin/../lib/gcc/arm-none-eabi/13.2.1/thumb/v6-m/nofp/crti.o
                0x10005f44                _fini
 .fini.__stub   0x10005f48       0xc0 linker stubs
 *crtbegin.o(.ctors)
 *crtbegin?.o(.ctors)
 *(EXCLUDE_FILE(*crtend.o *crtend?.o) .ctors)
 *(SORT_BY_NAME(.ctors.*))
 *(.ctors)
 *crtbegin.o(.dtors)
 *crtbegin?.o(.dtors)
 *(EXCLUDE_FILE(*crtend.o *crtend?.o) .dtors)
 *(SORT_BY_NAME(.dtors.*))
 *(.dtors)
                0x10006008                        . = ALIGN (0x4)
                0x10006008                        PROVIDE (__preinit_array_start = .)
 *(SORT_BY_NAME(.preinit_array.*))
 .preinit_array.00100
                0x10006008        0x4 src/CMakeFiles/sleep.dir/home/jtag/.pico-sdk/sdk/2.0.0/src/rp2_common/pico_runtime_init/runtime_init.c.obj
                0x10006008                __pre_init_runtime_init_early_resets
 .preinit_array.00101
                0x1000600c        0x4 src/CMakeFiles/sleep.dir/home/jtag/.pico-sdk/sdk/2.0.0/src/rp2_common/pico_runtime_init/runtime_init.c.obj
                0x1000600c                __pre_init_runtime_init_usb_power_down
 .preinit_array.00275
                0x10006010        0x4 src/CMakeFiles/sleep.dir/home/jtag/.pico-sdk/sdk/2.0.0/src/rp2_common/pico_bit_ops/bit_ops_aeabi.S.obj
 .preinit_array.00300
                0x10006014        0x4 src/CMakeFiles/sleep.dir/home/jtag/.pico-sdk/sdk/2.0.0/src/rp2_common/pico_mem_ops/mem_ops_aeabi.S.obj
 .preinit_array.00350
                0x10006018        0x4 src/CMakeFiles/sleep.dir/home/jtag/.pico-sdk/sdk/2.0.0/src/rp2_common/pico_double/double_aeabi_rp2040.S.obj
 .preinit_array.00350
                0x1000601c        0x4 src/CMakeFiles/sleep.dir/home/jtag/.pico-sdk/sdk/2.0.0/src/rp2_common/pico_float/float_aeabi_rp2040.S.obj
 .preinit_array.00500
                0x10006020        0x4 src/CMakeFiles/sleep.dir/home/jtag/.pico-sdk/sdk/2.0.0/src/rp2_common/pico_runtime_init/runtime_init.c.obj
                0x10006020                __pre_init_runtime_init_clocks
 .preinit_array.00600
                0x10006024        0x4 src/CMakeFiles/sleep.dir/home/jtag/.pico-sdk/sdk/2.0.0/src/rp2_common/pico_runtime_init/runtime_init.c.obj
                0x10006024                __pre_init_runtime_init_post_clock_resets
 .preinit_array.00700
                0x10006028        0x4 src/CMakeFiles/sleep.dir/home/jtag/.pico-sdk/sdk/2.0.0/src/rp2_common/pico_runtime_init/runtime_init.c.obj
                0x10006028                __pre_init_runtime_init_rp2040_gpio_ie_disable
 .preinit_array.01000
                0x1000602c        0x4 src/CMakeFiles/sleep.dir/home/jtag/.pico-sdk/sdk/2.0.0/src/rp2_common/pico_runtime_init/runtime_init.c.obj
                0x1000602c                __pre_init_runtime_init_spin_locks_reset
 .preinit_array.01100
                0x10006030        0x4 src/CMakeFiles/sleep.dir/home/jtag/.pico-sdk/sdk/2.0.0/src/common/pico_sync/mutex.c.obj
                0x10006030                __pre_init_runtime_init_mutex
 .preinit_array.10080
                0x10006034        0x4 src/CMakeFiles/sleep.dir/home/jtag/.pico-sdk/sdk/2.0.0/src/rp2_common/pico_runtime_init/runtime_init.c.obj
                0x10006034                __pre_init_runtime_init_install_ram_vector_table
 .preinit_array.11000
                0x10006038        0x4 src/CMakeFiles/sleep.dir/home/jtag/.pico-sdk/sdk/2.0.0/src/common/pico_time/time.c.obj
                0x10006038                __pre_init_runtime_init_default_alarm_pool
 .preinit_array.YYYYY
                0x1000603c        0x4 src/CMakeFiles/sleep.dir/home/jtag/.pico-sdk/sdk/2.0.0/src/rp2_common/pico_runtime/runtime.c.obj
                0x1000603c                __pre_init_first_per_core_initializer
 .preinit_array.ZZZZZ.01200
                0x10006040        0x4 src/CMakeFiles/sleep.dir/home/jtag/.pico-sdk/sdk/2.0.0/src/rp2_common/hardware_irq/irq.c.obj
                0x10006040                __pre_init_runtime_init_per_core_irq_priorities
 *(.preinit_array)
                0x10006044                        PROVIDE (__preinit_array_end = .)
                0x10006044                        . = ALIGN (0x4)
                0x10006044                        PROVIDE (__init_array_start = .)
 *(SORT_BY_NAME(.init_array.*))
 *(.init_array)
 .init_array    0x10006044        0x4 /home/jtag/.pico-sdk/toolchain/13_2_Rel1/bin/../lib/gcc/arm-none-eabi/13.2.1/thumb/v6-m/nofp/crtbegin.o
 .init_array    0x10006048        0x4 src/CMakeFiles/sleep.dir/home/jtag/.pico-sdk/sdk/2.0.0/src/rp2_common/pico_unique_id/unique_id.c.obj
 .init_array    0x1000604c        0x4 src/CMakeFiles/sleep.dir/__/lib/freertos/portable/ThirdParty/GCC/RP2040/port.c.obj
                0x10006050                        PROVIDE (__init_array_end = .)
                0x10006050                        . = ALIGN (0x4)
                [!provide]                        PROVIDE (__fini_array_start = .)
 *(SORT_BY_NAME(.fini_array.*))
 *(.fini_array)
                [!provide]                        PROVIDE (__fini_array_end = .)
 *(.eh_frame*)
 .eh_frame      0x10006050        0x0 /home/jtag/.pico-sdk/toolchain/13_2_Rel1/bin/../lib/gcc/arm-none-eabi/13.2.1/thumb/v6-m/nofp/crtbegin.o
                0x10006050                        . = ALIGN (0x4)

.glue_7         0x10006050        0x0
 .glue_7        0x10006050        0x0 linker stubs

.glue_7t        0x10006050        0x0
 .glue_7t       0x10006050        0x0 linker stubs

.vfp11_veneer   0x10006050        0x0
 .vfp11_veneer  0x10006050        0x0 linker stubs

.v4_bx          0x10006050        0x0
 .v4_bx         0x10006050        0x0 linker stubs

.iplt           0x10006050        0x0
 .iplt          0x10006050        0x0 /home/jtag/.pico-sdk/toolchain/13_2_Rel1/bin/../lib/gcc/arm-none-eabi/13.2.1/thumb/v6-m/nofp/crtbegin.o

.rodata         0x10006050      0x4b4
 *(EXCLUDE_FILE(*libm.a: *libc.a:*lib_a-mem*.o *libgcc.a:) .rodata*)
 .rodata.alarm_sleep_callback.str1.4
                0x10006050      0x1f4 src/CMakeFiles/sleep.dir/sleep_demo.c.obj
                                 0x11 (size before relaxing)
 .rodata.main.str1.4
                0x10006244       0x6b src/CMakeFiles/sleep.dir/sleep_demo.c.obj
 .rodata.__bi_24.0
                0x10006244        0x8 src/CMakeFiles/sleep.dir/home/jtag/.pico-sdk/sdk/2.0.0/src/rp2_common/pico_stdlib/stdlib.c.obj
 .rodata.panic.str1.4
                0x1000624c       0x12 src/CMakeFiles/sleep.dir/home/jtag/.pico-sdk/sdk/2.0.0/src/rp2_common/pico_platform_panic/panic.c.obj
 .rodata.spin_lock_claim_unused.str1.4
                0x1000624c       0x1b src/CMakeFiles/sleep.dir/home/jtag/.pico-sdk/sdk/2.0.0/src/rp2_common/hardware_sync/sync.c.obj
 .rodata.user_irq_claim_unused.str1.4
                0x1000624c       0x1b src/CMakeFiles/sleep.dir/home/jtag/.pico-sdk/sdk/2.0.0/src/rp2_common/hardware_irq/irq.c.obj
 .rodata.timer_hardware_alarm_claim.str1.4
                0x1000624c       0x22 src/CMakeFiles/sleep.dir/home/jtag/.pico-sdk/sdk/2.0.0/src/rp2_common/hardware_timer/timer.c.obj
 .rodata.timer_hardware_alarm_claim_unused.str1.4
                0x1000624c       0x14 src/CMakeFiles/sleep.dir/home/jtag/.pico-sdk/sdk/2.0.0/src/rp2_common/hardware_timer/timer.c.obj
 .rodata.hard_assertion_failure.str1.4
                0x1000624c        0xc src/CMakeFiles/sleep.dir/home/jtag/.pico-sdk/sdk/2.0.0/src/rp2_common/pico_runtime/runtime.c.obj
 .rodata.missing_double_func_shim.str1.4
                0x1000624c       0x18 src/CMakeFiles/sleep.dir/home/jtag/.pico-sdk/sdk/2.0.0/src/rp2_common/pico_double/double_init_rom_rp2040.c.obj
 .rodata.missing_float_func_shim.str1.4
                0x1000624c        0x1 src/CMakeFiles/sleep.dir/home/jtag/.pico-sdk/sdk/2.0.0/src/rp2_common/pico_float/float_init_rom_rp2040.c.obj
 .rodata.str1.4
                0x1000624c       0x30 src/CMakeFiles/sleep.dir/home/jtag/.pico-sdk/sdk/2.0.0/src/rp2_common/pico_standard_binary_info/standard_binary_info.c.obj
 .rodata.__bi_84
                0x1000624c        0xc src/CMakeFiles/sleep.dir/home/jtag/.pico-sdk/sdk/2.0.0/src/rp2_common/pico_standard_binary_info/standard_binary_info.c.obj
 .rodata.__bi_60
                0x10006258        0xc src/CMakeFiles/sleep.dir/home/jtag/.pico-sdk/sdk/2.0.0/src/rp2_common/pico_standard_binary_info/standard_binary_info.c.obj
 .rodata.__bi_54
                0x10006264        0xc src/CMakeFiles/sleep.dir/home/jtag/.pico-sdk/sdk/2.0.0/src/rp2_common/pico_standard_binary_info/standard_binary_info.c.obj
 .rodata.__bi_48
                0x10006270        0xc src/CMakeFiles/sleep.dir/home/jtag/.pico-sdk/sdk/2.0.0/src/rp2_common/pico_standard_binary_info/standard_binary_info.c.obj
 .rodata.__bi_42
                0x1000627c        0xc src/CMakeFiles/sleep.dir/home/jtag/.pico-sdk/sdk/2.0.0/src/rp2_common/pico_standard_binary_info/standard_binary_info.c.obj
 .rodata.__bi_34
                0x10006288        0xc src/CMakeFiles/sleep.dir/home/jtag/.pico-sdk/sdk/2.0.0/src/rp2_common/pico_standard_binary_info/standard_binary_info.c.obj
 .rodata.__bi_26
                0x10006294        0xc src/CMakeFiles/sleep.dir/home/jtag/.pico-sdk/sdk/2.0.0/src/rp2_common/pico_standard_binary_info/standard_binary_info.c.obj
 .rodata.crlf_str.0
                0x100062a0        0x2 src/CMakeFiles/sleep.dir/home/jtag/.pico-sdk/sdk/2.0.0/src/rp2_common/pico_stdio/stdio.c.obj
 *fill*         0x100062a2        0x2 
 .rodata._resetd_driver
                0x100062a4       0x20 src/CMakeFiles/sleep.dir/home/jtag/.pico-sdk/sdk/2.0.0/src/rp2_common/pico_stdio_usb/reset_interface.c.obj
 .rodata.desc_ms_os_20
                0x100062c4       0xa6 src/CMakeFiles/sleep.dir/home/jtag/.pico-sdk/sdk/2.0.0/src/rp2_common/pico_stdio_usb/reset_interface.c.obj
 *fill*         0x1000636a        0x2 
 .rodata.desc_bos
                0x1000636c       0x21 src/CMakeFiles/sleep.dir/home/jtag/.pico-sdk/sdk/2.0.0/src/rp2_common/pico_stdio_usb/reset_interface.c.obj
                0x1000636c                desc_bos
 .rodata.str1.4
                0x1000638d       0x13 src/CMakeFiles/sleep.dir/home/jtag/.pico-sdk/sdk/2.0.0/src/rp2_common/pico_stdio_usb/stdio_usb.c.obj
 *fill*         0x1000638d        0x3 
 .rodata.__bi_197.0
                0x10006390        0xc src/CMakeFiles/sleep.dir/home/jtag/.pico-sdk/sdk/2.0.0/src/rp2_common/pico_stdio_usb/stdio_usb.c.obj
 .rodata.str1.4
                0x1000639c       0x2a src/CMakeFiles/sleep.dir/home/jtag/.pico-sdk/sdk/2.0.0/src/rp2_common/pico_stdio_usb/stdio_usb_descriptors.c.obj
 .rodata.usbd_desc_str
                0x1000639c       0x18 src/CMakeFiles/sleep.dir/home/jtag/.pico-sdk/sdk/2.0.0/src/rp2_common/pico_stdio_usb/stdio_usb_descriptors.c.obj
 .rodata.usbd_desc_cfg
                0x100063b4       0x54 src/CMakeFiles/sleep.dir/home/jtag/.pico-sdk/sdk/2.0.0/src/rp2_common/pico_stdio_usb/stdio_usb_descriptors.c.obj
 .rodata.usbd_desc_device
                0x10006408       0x12 src/CMakeFiles/sleep.dir/home/jtag/.pico-sdk/sdk/2.0.0/src/rp2_common/pico_stdio_usb/stdio_usb_descriptors.c.obj
 .rodata.str1.4
                0x1000641a       0x14 src/CMakeFiles/sleep.dir/home/jtag/.pico-sdk/sdk/2.0.0/lib/tinyusb/src/portable/raspberrypi/rp2040/dcd_rp2040.c.obj
 .rodata.str1.4
                0x1000641a       0x48 src/CMakeFiles/sleep.dir/home/jtag/.pico-sdk/sdk/2.0.0/lib/tinyusb/src/portable/raspberrypi/rp2040/rp2040_usb.c.obj
 *fill*         0x1000641a        0x2 
 .rodata.tud_task_ext
                0x1000641c       0x8c src/CMakeFiles/sleep.dir/home/jtag/.pico-sdk/sdk/2.0.0/lib/tinyusb/src/device/usbd.c.obj
 .rodata        0x100064a8       0x1c src/CMakeFiles/sleep.dir/home/jtag/.pico-sdk/sdk/2.0.0/lib/tinyusb/src/device/usbd.c.obj
 .rodata._usbd_driver
                0x100064c4       0x40 src/CMakeFiles/sleep.dir/home/jtag/.pico-sdk/sdk/2.0.0/lib/tinyusb/src/device/usbd.c.obj
                0x10006504                        . = ALIGN (0x4)
 *(SORT_BY_ALIGNMENT(SORT_BY_NAME(.flashdata*)))
                0x10006504                        . = ALIGN (0x4)

.ARM.extab
 *(.ARM.extab* .gnu.linkonce.armextab.*)
                0x10006504                        __exidx_start = .

.ARM.exidx
 *(.ARM.exidx* .gnu.linkonce.armexidx.*)
                0x10006504                        __exidx_end = .
                0x10006504                        . = ALIGN (0x4)
                0x10006504                        __binary_info_start = .

.binary_info    0x10006504       0x24
 *(.binary_info.keep.*)
 .binary_info.keep.__bi_ptr84
                0x10006504        0x4 src/CMakeFiles/sleep.dir/home/jtag/.pico-sdk/sdk/2.0.0/src/rp2_common/pico_standard_binary_info/standard_binary_info.c.obj
 .binary_info.keep.__bi_ptr60
                0x10006508        0x4 src/CMakeFiles/sleep.dir/home/jtag/.pico-sdk/sdk/2.0.0/src/rp2_common/pico_standard_binary_info/standard_binary_info.c.obj
 .binary_info.keep.__bi_ptr54
                0x1000650c        0x4 src/CMakeFiles/sleep.dir/home/jtag/.pico-sdk/sdk/2.0.0/src/rp2_common/pico_standard_binary_info/standard_binary_info.c.obj
 .binary_info.keep.__bi_ptr48
                0x10006510        0x4 src/CMakeFiles/sleep.dir/home/jtag/.pico-sdk/sdk/2.0.0/src/rp2_common/pico_standard_binary_info/standard_binary_info.c.obj
 .binary_info.keep.__bi_ptr42
                0x10006514        0x4 src/CMakeFiles/sleep.dir/home/jtag/.pico-sdk/sdk/2.0.0/src/rp2_common/pico_standard_binary_info/standard_binary_info.c.obj
 .binary_info.keep.__bi_ptr34
                0x10006518        0x4 src/CMakeFiles/sleep.dir/home/jtag/.pico-sdk/sdk/2.0.0/src/rp2_common/pico_standard_binary_info/standard_binary_info.c.obj
 .binary_info.keep.__bi_ptr26
                0x1000651c        0x4 src/CMakeFiles/sleep.dir/home/jtag/.pico-sdk/sdk/2.0.0/src/rp2_common/pico_standard_binary_info/standard_binary_info.c.obj
 *(.binary_info.*)
 .binary_info.__bi_ptr24
                0x10006520        0x4 src/CMakeFiles/sleep.dir/home/jtag/.pico-sdk/sdk/2.0.0/src/rp2_common/pico_stdlib/stdlib.c.obj
 .binary_info.__bi_ptr197
                0x10006524        0x4 src/CMakeFiles/sleep.dir/home/jtag/.pico-sdk/sdk/2.0.0/src/rp2_common/pico_stdio_usb/stdio_usb.c.obj
                0x10006528                        __binary_info_end = .

.rel.dyn        0x10006528        0x0
 .rel.iplt      0x10006528        0x0 /home/jtag/.pico-sdk/toolchain/13_2_Rel1/bin/../lib/gcc/arm-none-eabi/13.2.1/thumb/v6-m/nofp/crtbegin.o
                0x10006528                        . = ALIGN (0x4)

.ram_vector_table
                0x20000000       0xc0
 *(.ram_vector_table)
 .ram_vector_table
                0x20000000       0xc0 src/CMakeFiles/sleep.dir/home/jtag/.pico-sdk/sdk/2.0.0/src/rp2_common/pico_runtime_init/runtime_init.c.obj
                0x20000000                ram_vector_table

.uninitialized_data
                0x200000c0        0x0
                0x200000c0                        . = ALIGN (0x4)
 *(.uninitialized_data*)

.data           0x200000c0      0xfa8 load address 0x10006528
                0x200000c0                        __data_start__ = .
 *(vtable)
 *(.time_critical*)
 .time_critical.mutex_try_enter
                0x200000c0       0x40 src/CMakeFiles/sleep.dir/home/jtag/.pico-sdk/sdk/2.0.0/src/common/pico_sync/mutex.c.obj
                0x200000c0                mutex_try_enter
 .time_critical.mutex_try_enter_block_until
                0x20000100       0xa0 src/CMakeFiles/sleep.dir/home/jtag/.pico-sdk/sdk/2.0.0/src/common/pico_sync/mutex.c.obj
                0x20000100                mutex_try_enter_block_until
 .time_critical.mutex_enter_timeout_ms
                0x200001a0       0x78 src/CMakeFiles/sleep.dir/home/jtag/.pico-sdk/sdk/2.0.0/src/common/pico_sync/mutex.c.obj
                0x200001a0                mutex_enter_timeout_ms
 .time_critical.mutex_exit
                0x20000218       0x20 src/CMakeFiles/sleep.dir/home/jtag/.pico-sdk/sdk/2.0.0/src/common/pico_sync/mutex.c.obj
                0x20000218                mutex_exit
 .time_critical.flash_init_boot2_copyout
                0x20000238       0x30 src/CMakeFiles/sleep.dir/home/jtag/.pico-sdk/sdk/2.0.0/src/rp2_common/hardware_flash/flash.c.obj
 .time_critical.flash_enable_xip_via_boot2
                0x20000268        0xc src/CMakeFiles/sleep.dir/home/jtag/.pico-sdk/sdk/2.0.0/src/rp2_common/hardware_flash/flash.c.obj
 .time_critical.flash_cs_force
                0x20000274       0x38 src/CMakeFiles/sleep.dir/home/jtag/.pico-sdk/sdk/2.0.0/src/rp2_common/hardware_flash/flash.c.obj
 .time_critical.flash_do_cmd
                0x200002ac       0xc0 src/CMakeFiles/sleep.dir/home/jtag/.pico-sdk/sdk/2.0.0/src/rp2_common/hardware_flash/flash.c.obj
                0x200002ac                flash_do_cmd
 .time_critical.reset_non_control_endpoints
                0x2000036c       0x68 src/CMakeFiles/sleep.dir/home/jtag/.pico-sdk/sdk/2.0.0/lib/tinyusb/src/portable/raspberrypi/rp2040/dcd_rp2040.c.obj
 .time_critical.hw_handle_buff_status
                0x200003d4       0xb0 src/CMakeFiles/sleep.dir/home/jtag/.pico-sdk/sdk/2.0.0/lib/tinyusb/src/portable/raspberrypi/rp2040/dcd_rp2040.c.obj
 .time_critical.dcd_rp2040_irq
                0x20000484      0x578 src/CMakeFiles/sleep.dir/home/jtag/.pico-sdk/sdk/2.0.0/lib/tinyusb/src/portable/raspberrypi/rp2040/dcd_rp2040.c.obj
 .time_critical.prepare_ep_buffer
                0x200009fc       0xe0 src/CMakeFiles/sleep.dir/home/jtag/.pico-sdk/sdk/2.0.0/lib/tinyusb/src/portable/raspberrypi/rp2040/rp2040_usb.c.obj
 .time_critical.sync_ep_buffer
                0x20000adc       0xa8 src/CMakeFiles/sleep.dir/home/jtag/.pico-sdk/sdk/2.0.0/lib/tinyusb/src/portable/raspberrypi/rp2040/rp2040_usb.c.obj
 .time_critical._hw_endpoint_xfer_sync
                0x20000b84       0x28 src/CMakeFiles/sleep.dir/home/jtag/.pico-sdk/sdk/2.0.0/lib/tinyusb/src/portable/raspberrypi/rp2040/rp2040_usb.c.obj
 .time_critical.e15_is_bulkin_ep
                0x20000bac       0x28 src/CMakeFiles/sleep.dir/home/jtag/.pico-sdk/sdk/2.0.0/lib/tinyusb/src/portable/raspberrypi/rp2040/rp2040_usb.c.obj
 .time_critical.e15_is_critical_frame_period
                0x20000bd4       0x34 src/CMakeFiles/sleep.dir/home/jtag/.pico-sdk/sdk/2.0.0/lib/tinyusb/src/portable/raspberrypi/rp2040/rp2040_usb.c.obj
 .time_critical.hw_endpoint_reset_transfer
                0x20000c08        0xc src/CMakeFiles/sleep.dir/home/jtag/.pico-sdk/sdk/2.0.0/lib/tinyusb/src/portable/raspberrypi/rp2040/rp2040_usb.c.obj
                0x20000c08                hw_endpoint_reset_transfer
 .time_critical._hw_endpoint_buffer_control_update32
                0x20000c14       0x50 src/CMakeFiles/sleep.dir/home/jtag/.pico-sdk/sdk/2.0.0/lib/tinyusb/src/portable/raspberrypi/rp2040/rp2040_usb.c.obj
                0x20000c14                _hw_endpoint_buffer_control_update32
 .time_critical.hw_endpoint_start_next_buffer
                0x20000c64       0x6c src/CMakeFiles/sleep.dir/home/jtag/.pico-sdk/sdk/2.0.0/lib/tinyusb/src/portable/raspberrypi/rp2040/rp2040_usb.c.obj
                0x20000c64                hw_endpoint_start_next_buffer
 .time_critical.hw_endpoint_xfer_continue
                0x20000cd0       0x40 src/CMakeFiles/sleep.dir/home/jtag/.pico-sdk/sdk/2.0.0/lib/tinyusb/src/portable/raspberrypi/rp2040/rp2040_usb.c.obj
                0x20000cd0                hw_endpoint_xfer_continue
 .time_critical.tinyusb
                0x20000d10      0x1e4 src/CMakeFiles/sleep.dir/home/jtag/.pico-sdk/sdk/2.0.0/lib/tinyusb/src/device/usbd.c.obj
                0x20000d10                dcd_event_handler
 *(.text*)
 .text          0x20000ef4        0x4 /home/jtag/.pico-sdk/toolchain/13_2_Rel1/bin/../lib/gcc/arm-none-eabi/13.2.1/thumb/v6-m/nofp/libgcc.a(_dvmd_tls.o)
                0x20000ef4                __aeabi_ldiv0
                0x20000ef4                __aeabi_idiv0
 .text.__stub   0x20000ef8       0xa0 linker stubs
                0x20000f98                        . = ALIGN (0x4)
 *(.rodata*)
                0x20000f98                        . = ALIGN (0x4)
 *(.data*)
 .data.striped_spin_lock_num
                0x20000f98        0x1 src/CMakeFiles/sleep.dir/home/jtag/.pico-sdk/sdk/2.0.0/src/rp2_common/hardware_sync/sync.c.obj
 *fill*         0x20000f99        0x3 
 .data          0x20000f9c       0x48 src/CMakeFiles/sleep.dir/home/jtag/.pico-sdk/sdk/2.0.0/src/rp2_common/hardware_irq/irq_handler_chain.S.obj
                0x20000f9c                irq_handler_chain_slots
                0x20000fcc                irq_handler_chain_first_slot
                0x20000fd6                irq_handler_chain_remove_tail
 .data.default_alarm_pool
                0x20000fe4       0x18 src/CMakeFiles/sleep.dir/home/jtag/.pico-sdk/sdk/2.0.0/src/common/pico_time/time.c.obj
 *fill*         0x20000ffc        0x4 
 .data.aeabi_bits_funcs
                0x20001000       0x10 src/CMakeFiles/sleep.dir/home/jtag/.pico-sdk/sdk/2.0.0/src/rp2_common/pico_bit_ops/bit_ops_aeabi.S.obj
                0x20001000                aeabi_bits_funcs
                0x20001010                aeabi_bits_funcs_end
 .data.aeabi_mem_funcs
                0x20001010       0x10 src/CMakeFiles/sleep.dir/home/jtag/.pico-sdk/sdk/2.0.0/src/rp2_common/pico_mem_ops/mem_ops_aeabi.S.obj
                0x20001010                aeabi_mem_funcs
                0x20001020                aeabi_mem_funcs_end
 .data.stdio_usb
                0x20001020       0x18 src/CMakeFiles/sleep.dir/home/jtag/.pico-sdk/sdk/2.0.0/src/rp2_common/pico_stdio_usb/stdio_usb.c.obj
                0x20001020                stdio_usb
 .data._usbd_qdef
                0x20001038       0x1c src/CMakeFiles/sleep.dir/home/jtag/.pico-sdk/sdk/2.0.0/lib/tinyusb/src/device/usbd.c.obj
                0x20001038                _usbd_qdef
 .data._usbd_rhport
                0x20001054        0x1 src/CMakeFiles/sleep.dir/home/jtag/.pico-sdk/sdk/2.0.0/lib/tinyusb/src/device/usbd.c.obj
 .data.ucPrimaryCoreNum
                0x20001055        0x1 src/CMakeFiles/sleep.dir/__/lib/freertos/portable/ThirdParty/GCC/RP2040/port.c.obj
                0x20001058                        . = ALIGN (0x4)
 *fill*         0x20001056        0x2 
 *(.after_data.*)
                0x20001058                        . = ALIGN (0x4)
                0x20001058                        PROVIDE (__mutex_array_start = .)
 *(SORT_BY_NAME(.mutex_array.*))
 *(.mutex_array)
 .mutex_array   0x20001058        0x8 src/CMakeFiles/sleep.dir/home/jtag/.pico-sdk/sdk/2.0.0/src/rp2_common/pico_malloc/malloc.c.obj
 .mutex_array   0x20001060        0x8 src/CMakeFiles/sleep.dir/home/jtag/.pico-sdk/sdk/2.0.0/src/rp2_common/pico_stdio/stdio.c.obj
                0x20001068                        PROVIDE (__mutex_array_end = .)
                0x20001068                        . = ALIGN (0x4)
 *(.jcr)
                0x20001068                        . = ALIGN (0x4)

.tm_clone_table
                0x20001068        0x0 load address 0x100074d0
 .tm_clone_table
                0x20001068        0x0 /home/jtag/.pico-sdk/toolchain/13_2_Rel1/bin/../lib/gcc/arm-none-eabi/13.2.1/thumb/v6-m/nofp/crtbegin.o
 .tm_clone_table
                0x20001068        0x0 /home/jtag/.pico-sdk/toolchain/13_2_Rel1/bin/../lib/gcc/arm-none-eabi/13.2.1/thumb/v6-m/nofp/crtend.o

.igot.plt       0x20001068        0x0 load address 0x100074d0
 .igot.plt      0x20001068        0x0 /home/jtag/.pico-sdk/toolchain/13_2_Rel1/bin/../lib/gcc/arm-none-eabi/13.2.1/thumb/v6-m/nofp/crtbegin.o

.tdata          0x20001068        0x0 load address 0x100074d0
                0x20001068                        . = ALIGN (0x4)
 *(.tdata .tdata.* .gnu.linkonce.td.*)
                0x20001068                        __tdata_end = .
                0x20001068                        PROVIDE (__data_end__ = .)
                0x10006528                        __etext = LOADADDR (.data)

.tbss           0x20001068        0x0 load address 0x100074d0
                0x20001068                        . = ALIGN (0x4)
                0x20001068                        __bss_start__ = .
                0x20001068                        __tls_base = .
 *(.tbss .tbss.* .gnu.linkonce.tb.*)
 *(.tcommon)
                0x20001068                        __tls_end = .

.bss            0x20001068    0x213a0 load address 0x100074d0
                0x20001068                        . = ALIGN (0x4)
                0x20001068                        __tbss_end = .
 *(SORT_BY_ALIGNMENT(SORT_BY_NAME(.bss*)))
 .bss._vendord_itf
                0x20001068      0x2bc src/CMakeFiles/sleep.dir/home/jtag/.pico-sdk/sdk/2.0.0/lib/tinyusb/src/class/vendor/vendor_device.c.obj
 *fill*         0x20001324        0x4 
 .bss.default_alarm_pool_entries
                0x20001328      0x180 src/CMakeFiles/sleep.dir/home/jtag/.pico-sdk/sdk/2.0.0/src/common/pico_time/time.c.obj
 .bss.last_avail_time.1
                0x200014a8        0x8 src/CMakeFiles/sleep.dir/home/jtag/.pico-sdk/sdk/2.0.0/src/rp2_common/pico_stdio_usb/stdio_usb.c.obj
 .bss.sd_table  0x200014b0      0x100 src/CMakeFiles/sleep.dir/home/jtag/.pico-sdk/sdk/2.0.0/src/rp2_common/pico_double/double_init_rom_rp2040.c.obj
                0x200014b0                sd_table
 .bss._app_driver
                0x200015b0        0x4 src/CMakeFiles/sleep.dir/home/jtag/.pico-sdk/sdk/2.0.0/lib/tinyusb/src/device/usbd.c.obj
 .bss._cdcd_fifo_cfg
                0x200015b4        0x1 src/CMakeFiles/sleep.dir/home/jtag/.pico-sdk/sdk/2.0.0/lib/tinyusb/src/class/cdc/cdc_device.c.obj
 *fill*         0x200015b5        0x3 
 .bss._cdcd_itf
                0x200015b8      0x2c8 src/CMakeFiles/sleep.dir/home/jtag/.pico-sdk/sdk/2.0.0/lib/tinyusb/src/class/cdc/cdc_device.c.obj
 .bss._ctrl_xfer
                0x20001880       0x14 src/CMakeFiles/sleep.dir/home/jtag/.pico-sdk/sdk/2.0.0/lib/tinyusb/src/device/usbd_control.c.obj
 .bss._ubsd_mutexdef
                0x20001894        0x8 src/CMakeFiles/sleep.dir/home/jtag/.pico-sdk/sdk/2.0.0/lib/tinyusb/src/device/usbd.c.obj
 .bss._usbd_ctrl_buf
                0x2000189c       0x40 src/CMakeFiles/sleep.dir/home/jtag/.pico-sdk/sdk/2.0.0/lib/tinyusb/src/device/usbd_control.c.obj
 .bss._usbd_dev
                0x200018dc       0x54 src/CMakeFiles/sleep.dir/home/jtag/.pico-sdk/sdk/2.0.0/lib/tinyusb/src/device/usbd.c.obj
 .bss._usbd_mutex
                0x20001930        0x4 src/CMakeFiles/sleep.dir/home/jtag/.pico-sdk/sdk/2.0.0/lib/tinyusb/src/device/usbd.c.obj
 .bss._usbd_q   0x20001934        0x4 src/CMakeFiles/sleep.dir/home/jtag/.pico-sdk/sdk/2.0.0/lib/tinyusb/src/device/usbd.c.obj
 .bss._usbd_qdef_buf
                0x20001938       0xc0 src/CMakeFiles/sleep.dir/home/jtag/.pico-sdk/sdk/2.0.0/lib/tinyusb/src/device/usbd.c.obj
                0x20001938                _usbd_qdef_buf
 .bss.alarm_callbacks
                0x200019f8       0x10 src/CMakeFiles/sleep.dir/home/jtag/.pico-sdk/sdk/2.0.0/src/rp2_common/hardware_timer/timer.c.obj
 .bss.boot2_copyout
                0x20001a08      0x100 src/CMakeFiles/sleep.dir/home/jtag/.pico-sdk/sdk/2.0.0/src/rp2_common/hardware_flash/flash.c.obj
 .bss.chars_available_callback
                0x20001b08        0x4 src/CMakeFiles/sleep.dir/home/jtag/.pico-sdk/sdk/2.0.0/src/rp2_common/pico_stdio_usb/stdio_usb.c.obj
 .bss.chars_available_param
                0x20001b0c        0x4 src/CMakeFiles/sleep.dir/home/jtag/.pico-sdk/sdk/2.0.0/src/rp2_common/pico_stdio_usb/stdio_usb.c.obj
 .bss.claimed   0x20001b10        0x4 src/CMakeFiles/sleep.dir/home/jtag/.pico-sdk/sdk/2.0.0/src/rp2_common/hardware_sync/sync.c.obj
 .bss.claimed   0x20001b14        0x1 src/CMakeFiles/sleep.dir/home/jtag/.pico-sdk/sdk/2.0.0/src/rp2_common/hardware_timer/timer.c.obj
 *fill*         0x20001b15        0x3 
 .bss.configured_freq
                0x20001b18       0x28 src/CMakeFiles/sleep.dir/home/jtag/.pico-sdk/sdk/2.0.0/src/rp2_common/hardware_clocks/clocks.c.obj
 .bss.desc_str.0
                0x20001b40       0x28 src/CMakeFiles/sleep.dir/home/jtag/.pico-sdk/sdk/2.0.0/src/rp2_common/pico_stdio_usb/stdio_usb_descriptors.c.obj
 .bss.drivers   0x20001b68        0x4 src/CMakeFiles/sleep.dir/home/jtag/.pico-sdk/sdk/2.0.0/src/rp2_common/pico_stdio/stdio.c.obj
 .bss.e15_last_sof
                0x20001b6c        0x4 src/CMakeFiles/sleep.dir/home/jtag/.pico-sdk/sdk/2.0.0/lib/tinyusb/src/portable/raspberrypi/rp2040/rp2040_usb.c.obj
                0x20001b6c                e15_last_sof
 .bss.filter    0x20001b70        0x4 src/CMakeFiles/sleep.dir/home/jtag/.pico-sdk/sdk/2.0.0/src/rp2_common/pico_stdio/stdio.c.obj
 .bss.hw_endpoints
                0x20001b74      0x400 src/CMakeFiles/sleep.dir/home/jtag/.pico-sdk/sdk/2.0.0/lib/tinyusb/src/portable/raspberrypi/rp2040/dcd_rp2040.c.obj
 .bss.lazy_vsnprintf
                0x20001f74        0x4 src/CMakeFiles/sleep.dir/home/jtag/.pico-sdk/sdk/2.0.0/src/rp2_common/pico_printf/printf.c.obj
 .bss.load_value
                0x20001f78        0x4 src/CMakeFiles/sleep.dir/home/jtag/.pico-sdk/sdk/2.0.0/src/rp2_common/hardware_watchdog/watchdog.c.obj
 .bss.next_buffer_ptr
                0x20001f7c        0x4 src/CMakeFiles/sleep.dir/home/jtag/.pico-sdk/sdk/2.0.0/lib/tinyusb/src/portable/raspberrypi/rp2040/dcd_rp2040.c.obj
 .bss.object.0  0x20001f80       0x18 /home/jtag/.pico-sdk/toolchain/13_2_Rel1/bin/../lib/gcc/arm-none-eabi/13.2.1/thumb/v6-m/nofp/crtbegin.o
 .bss.one_shot_timer_crit_sec
                0x20001f98        0x8 src/CMakeFiles/sleep.dir/home/jtag/.pico-sdk/sdk/2.0.0/src/rp2_common/pico_stdio_usb/stdio_usb.c.obj
 .bss.pools     0x20001fa0       0x10 src/CMakeFiles/sleep.dir/home/jtag/.pico-sdk/sdk/2.0.0/src/common/pico_time/time.c.obj
 .bss.pxCrossCoreSpinLock
                0x20001fb0        0x4 src/CMakeFiles/sleep.dir/__/lib/freertos/portable/ThirdParty/GCC/RP2040/port.c.obj
 .bss.pxCurrentTCB
                0x20001fb4        0x4 src/CMakeFiles/sleep.dir/__/lib/freertos/tasks.c.obj
                0x20001fb4                pxCurrentTCB
 .bss.pxDelayedTaskList
                0x20001fb8        0x4 src/CMakeFiles/sleep.dir/__/lib/freertos/tasks.c.obj
 .bss.pxEnd     0x20001fbc        0x4 src/CMakeFiles/sleep.dir/__/lib/freertos/portable/MemMang/heap_4.c.obj
 .bss.pxOverflowDelayedTaskList
                0x20001fc0        0x4 src/CMakeFiles/sleep.dir/__/lib/freertos/tasks.c.obj
 .bss.pxReadyTasksLists
                0x20001fc4      0x280 src/CMakeFiles/sleep.dir/__/lib/freertos/tasks.c.obj
 .bss.pxYieldSpinLock
                0x20002244        0x4 src/CMakeFiles/sleep.dir/__/lib/freertos/portable/ThirdParty/GCC/RP2040/port.c.obj
 .bss.retrieved_id
                0x20002248        0x8 src/CMakeFiles/sleep.dir/home/jtag/.pico-sdk/sdk/2.0.0/src/rp2_common/pico_unique_id/unique_id.c.obj
 .bss.sf_clz_func
                0x20002250        0x4 src/CMakeFiles/sleep.dir/home/jtag/.pico-sdk/sdk/2.0.0/src/rp2_common/pico_double/double_init_rom_rp2040.c.obj
                0x20002250                sf_clz_func
 .bss.sf_table  0x20002254      0x100 src/CMakeFiles/sleep.dir/home/jtag/.pico-sdk/sdk/2.0.0/src/rp2_common/pico_float/float_init_rom_rp2040.c.obj
                0x20002254                sf_table
 .bss.sleep_notifier
                0x20002354        0x4 src/CMakeFiles/sleep.dir/home/jtag/.pico-sdk/sdk/2.0.0/src/common/pico_time/time.c.obj
 .bss.stdio_usb_mutex
                0x20002358        0x8 src/CMakeFiles/sleep.dir/home/jtag/.pico-sdk/sdk/2.0.0/src/rp2_common/pico_stdio_usb/stdio_usb.c.obj
 .bss.target_hi
                0x20002360       0x10 src/CMakeFiles/sleep.dir/home/jtag/.pico-sdk/sdk/2.0.0/src/rp2_common/hardware_timer/timer.c.obj
 .bss.timer_callbacks_pending
                0x20002370        0x1 src/CMakeFiles/sleep.dir/home/jtag/.pico-sdk/sdk/2.0.0/src/rp2_common/hardware_timer/timer.c.obj
 *fill*         0x20002371        0x3 
 .bss.uart_char_to_line_feed
                0x20002374        0x4 src/CMakeFiles/sleep.dir/home/jtag/.pico-sdk/sdk/2.0.0/src/rp2_common/hardware_uart/uart.c.obj
                0x20002374                uart_char_to_line_feed
 .bss.ucHeap    0x20002378    0x20000 src/CMakeFiles/sleep.dir/__/lib/freertos/portable/MemMang/heap_4.c.obj
 .bss.ulYieldSpinLockSaveValue
                0x20022378        0x4 src/CMakeFiles/sleep.dir/__/lib/freertos/portable/ThirdParty/GCC/RP2040/port.c.obj
 .bss.usbd_serial_str
                0x2002237c       0x11 src/CMakeFiles/sleep.dir/home/jtag/.pico-sdk/sdk/2.0.0/src/rp2_common/pico_stdio_usb/stdio_usb_descriptors.c.obj
 *fill*         0x2002238d        0x3 
 .bss.uxCriticalNesting
                0x20022390        0x4 src/CMakeFiles/sleep.dir/__/lib/freertos/portable/ThirdParty/GCC/RP2040/port.c.obj
 .bss.uxCrossCoreEventBits
                0x20022394        0x4 src/CMakeFiles/sleep.dir/__/lib/freertos/portable/ThirdParty/GCC/RP2040/port.c.obj
 .bss.uxCurrentNumberOfTasks
                0x20022398        0x4 src/CMakeFiles/sleep.dir/__/lib/freertos/tasks.c.obj
 .bss.uxSchedulerSuspended
                0x2002239c        0x4 src/CMakeFiles/sleep.dir/__/lib/freertos/tasks.c.obj
 .bss.uxTopReadyPriority
                0x200223a0        0x4 src/CMakeFiles/sleep.dir/__/lib/freertos/tasks.c.obj
 .bss.xEventGroup
                0x200223a4        0x4 src/CMakeFiles/sleep.dir/__/lib/freertos/portable/ThirdParty/GCC/RP2040/port.c.obj
 .bss.xFreeBytesRemaining
                0x200223a8        0x4 src/CMakeFiles/sleep.dir/__/lib/freertos/portable/MemMang/heap_4.c.obj
 .bss.xMinimumEverFreeBytesRemaining
                0x200223ac        0x4 src/CMakeFiles/sleep.dir/__/lib/freertos/portable/MemMang/heap_4.c.obj
 .bss.xNextTaskUnblockTime
                0x200223b0        0x4 src/CMakeFiles/sleep.dir/__/lib/freertos/tasks.c.obj
 .bss.xNumOfOverflows
                0x200223b4        0x4 src/CMakeFiles/sleep.dir/__/lib/freertos/tasks.c.obj
 .bss.xNumberOfSuccessfulAllocations
                0x200223b8        0x4 src/CMakeFiles/sleep.dir/__/lib/freertos/portable/MemMang/heap_4.c.obj
 .bss.xPendedTicks
                0x200223bc        0x4 src/CMakeFiles/sleep.dir/__/lib/freertos/tasks.c.obj
 .bss.xPendingReadyList
                0x200223c0       0x14 src/CMakeFiles/sleep.dir/__/lib/freertos/tasks.c.obj
 .bss.xStart    0x200223d4        0x8 src/CMakeFiles/sleep.dir/__/lib/freertos/portable/MemMang/heap_4.c.obj
 .bss.xSuspendedTaskList
                0x200223dc       0x14 src/CMakeFiles/sleep.dir/__/lib/freertos/tasks.c.obj
 .bss.xTickCount
                0x200223f0        0x4 src/CMakeFiles/sleep.dir/__/lib/freertos/tasks.c.obj
 .bss.xTimerQueue
                0x200223f4        0x4 src/CMakeFiles/sleep.dir/__/lib/freertos/timers.c.obj
 .bss.xYieldPendings
                0x200223f8        0x4 src/CMakeFiles/sleep.dir/__/lib/freertos/tasks.c.obj
 .bss._app_driver_count
                0x200223fc        0x1 src/CMakeFiles/sleep.dir/home/jtag/.pico-sdk/sdk/2.0.0/lib/tinyusb/src/device/usbd.c.obj
 .bss._dormant_source
                0x200223fd        0x1 src/CMakeFiles/sleep.dir/__/lib/pico-extras/src/rp2_common/pico_sleep/sleep.c.obj
 .bss._sof_enable
                0x200223fe        0x1 src/CMakeFiles/sleep.dir/home/jtag/.pico-sdk/sdk/2.0.0/lib/tinyusb/src/portable/raspberrypi/rp2040/dcd_rp2040.c.obj
 .bss._usbd_queued_setup
                0x200223ff        0x1 src/CMakeFiles/sleep.dir/home/jtag/.pico-sdk/sdk/2.0.0/lib/tinyusb/src/device/usbd.c.obj
 .bss.awake     0x20022400        0x1 src/CMakeFiles/sleep.dir/sleep_demo.c.obj
 .bss.boot2_copyout_valid
                0x20022401        0x1 src/CMakeFiles/sleep.dir/home/jtag/.pico-sdk/sdk/2.0.0/src/rp2_common/hardware_flash/flash.c.obj
 .bss.irq_handler_chain_free_slot_head
                0x20022402        0x1 src/CMakeFiles/sleep.dir/home/jtag/.pico-sdk/sdk/2.0.0/src/rp2_common/hardware_irq/irq.c.obj
 .bss.itf_num   0x20022403        0x1 src/CMakeFiles/sleep.dir/home/jtag/.pico-sdk/sdk/2.0.0/src/rp2_common/pico_stdio_usb/reset_interface.c.obj
 .bss.low_priority_irq_num
                0x20022404        0x1 src/CMakeFiles/sleep.dir/home/jtag/.pico-sdk/sdk/2.0.0/src/rp2_common/pico_stdio_usb/stdio_usb.c.obj
 .bss.one_shot_timer_pending
                0x20022405        0x1 src/CMakeFiles/sleep.dir/home/jtag/.pico-sdk/sdk/2.0.0/src/rp2_common/pico_stdio_usb/stdio_usb.c.obj
 .bss.user_irq_claimed
                0x20022406        0x1 src/CMakeFiles/sleep.dir/home/jtag/.pico-sdk/sdk/2.0.0/src/rp2_common/hardware_irq/irq.c.obj
 *(COMMON)
                0x20022408                        . = ALIGN (0x4)
 *fill*         0x20022407        0x1 
                0x20022408                        __bss_end__ = .

.heap           0x20022408    0x1dbf8 load address 0x100074d0
                0x20022408                        __end__ = .
                0x20022408                        end = __end__
 *(.heap*)
 .heap          0x20022408      0x800 src/CMakeFiles/sleep.dir/home/jtag/.pico-sdk/sdk/2.0.0/src/rp2_common/pico_crt0/crt0.S.obj
                0x20040000                        . = (ORIGIN (RAM) + LENGTH (RAM))
 *fill*         0x20022c08    0x1d3f8 
                0x20040000                        __HeapLimit = .

.scratch_x      0x20040000        0x0 load address 0x100074d0
                0x20040000                        __scratch_x_start__ = .
 *(.scratch_x.*)
                0x20040000                        . = ALIGN (0x4)
                0x20040000                        __scratch_x_end__ = .
                0x100074d0                        __scratch_x_source__ = LOADADDR (.scratch_x)

.scratch_y      0x20041000        0x0 load address 0x100074d0
                0x20041000                        __scratch_y_start__ = .
 *(.scratch_y.*)
                0x20041000                        . = ALIGN (0x4)
                0x20041000                        __scratch_y_end__ = .
                0x100074d0                        __scratch_y_source__ = LOADADDR (.scratch_y)

.stack1_dummy   0x20040000      0x800
 *(.stack1*)
 .stack1        0x20040000      0x800 src/CMakeFiles/sleep.dir/home/jtag/.pico-sdk/sdk/2.0.0/src/rp2_common/pico_multicore/multicore.c.obj

.stack_dummy    0x20041000      0x800
 *(.stack*)
 .stack         0x20041000      0x800 src/CMakeFiles/sleep.dir/home/jtag/.pico-sdk/sdk/2.0.0/src/rp2_common/pico_crt0/crt0.S.obj

.flash_end      0x100074d0        0x0
 *(.embedded_end_block*)
                0x100074d0                        PROVIDE (__flash_binary_end = .)
                0x20040000                        __StackLimit = (ORIGIN (RAM) + LENGTH (RAM))
                0x20041000                        __StackOneTop = (ORIGIN (SCRATCH_X) + LENGTH (SCRATCH_X))
                0x20042000                        __StackTop = (ORIGIN (SCRATCH_Y) + LENGTH (SCRATCH_Y))
                0x20040800                        __StackOneBottom = (__StackOneTop - SIZEOF (.stack1_dummy))
                0x20041800                        __StackBottom = (__StackTop - SIZEOF (.stack_dummy))
                0x20042000                        PROVIDE (__stack = __StackTop)
                [!provide]                        PROVIDE (__heap_start = __end__)
                [!provide]                        PROVIDE (__heap_end = __HeapLimit)
                [!provide]                        PROVIDE (__tls_align = MAX (ALIGNOF (.tdata), ALIGNOF (.tbss)))
                [!provide]                        PROVIDE (__tls_size_align = (((__tls_size + __tls_align) - 0x1) & ~ ((__tls_align - 0x1))))
                [!provide]                        PROVIDE (__arm32_tls_tcb_offset = MAX (0x8, __tls_align))
                [!provide]                        PROVIDE (_end = __end__)
                [!provide]                        PROVIDE (__llvm_libc_heap_limit = __HeapLimit)
                0x00000001                        ASSERT ((__StackLimit >= __HeapLimit), region RAM overflowed)
                0x00000001                        ASSERT (((__binary_info_header_end - __logical_binary_start) <= 0x100), Binary info must be in first 256 bytes of the binary)
LOAD src/CMakeFiles/sleep.dir/sleep_demo.c.obj
LOAD src/CMakeFiles/sleep.dir/home/jtag/.pico-sdk/sdk/2.0.0/src/rp2_common/pico_stdlib/stdlib.c.obj
LOAD src/CMakeFiles/sleep.dir/home/jtag/.pico-sdk/sdk/2.0.0/src/rp2_common/hardware_gpio/gpio.c.obj